Archive member included to satisfy reference by file (symbol)

../ethernet_bsp/\libhal_bsp.a(alt_load.o)
                              ../ethernet_bsp//obj/HAL/src/crt0.o (alt_load)
../ethernet_bsp/\libhal_bsp.a(alt_main.o)
                              ../ethernet_bsp//obj/HAL/src/crt0.o (alt_main)
../ethernet_bsp/\libhal_bsp.a(alt_sys_init.o)
                              ../ethernet_bsp/\libhal_bsp.a(alt_main.o) (alt_irq_init)
../ethernet_bsp/\libhal_bsp.a(altera_avalon_jtag_uart_fd.o)
                              ../ethernet_bsp/\libhal_bsp.a(alt_sys_init.o) (altera_avalon_jtag_uart_read_fd)
../ethernet_bsp/\libhal_bsp.a(altera_avalon_jtag_uart_init.o)
                              ../ethernet_bsp/\libhal_bsp.a(alt_sys_init.o) (altera_avalon_jtag_uart_init)
../ethernet_bsp/\libhal_bsp.a(altera_avalon_jtag_uart_ioctl.o)
                              ../ethernet_bsp/\libhal_bsp.a(altera_avalon_jtag_uart_fd.o) (altera_avalon_jtag_uart_ioctl)
../ethernet_bsp/\libhal_bsp.a(altera_avalon_jtag_uart_read.o)
                              ../ethernet_bsp/\libhal_bsp.a(altera_avalon_jtag_uart_fd.o) (altera_avalon_jtag_uart_read)
../ethernet_bsp/\libhal_bsp.a(altera_avalon_jtag_uart_write.o)
                              ../ethernet_bsp/\libhal_bsp.a(altera_avalon_jtag_uart_fd.o) (altera_avalon_jtag_uart_write)
../ethernet_bsp/\libhal_bsp.a(alt_alarm_start.o)
                              ../ethernet_bsp/\libhal_bsp.a(altera_avalon_jtag_uart_init.o) (alt_alarm_start)
../ethernet_bsp/\libhal_bsp.a(alt_close.o)
                              ../ethernet_bsp/\libhal_bsp.a(alt_main.o) (close)
../ethernet_bsp/\libhal_bsp.a(alt_dcache_flush_all.o)
                              ../ethernet_bsp/\libhal_bsp.a(alt_load.o) (alt_dcache_flush_all)
../ethernet_bsp/\libhal_bsp.a(alt_dev.o)
                              ../ethernet_bsp/\libhal_bsp.a(alt_sys_init.o) (alt_dev_list)
../ethernet_bsp/\libhal_bsp.a(alt_dev_llist_insert.o)
                              ../ethernet_bsp/\libhal_bsp.a(alt_sys_init.o) (alt_dev_llist_insert)
../ethernet_bsp/\libhal_bsp.a(alt_do_ctors.o)
                              ../ethernet_bsp/\libhal_bsp.a(alt_main.o) (_do_ctors)
../ethernet_bsp/\libhal_bsp.a(alt_do_dtors.o)
                              ../ethernet_bsp/\libhal_bsp.a(alt_main.o) (_do_dtors)
../ethernet_bsp/\libhal_bsp.a(alt_errno.o)
                              ../ethernet_bsp/\libhal_bsp.a(alt_close.o) (alt_errno)
../ethernet_bsp/\libhal_bsp.a(alt_icache_flush_all.o)
                              ../ethernet_bsp/\libhal_bsp.a(alt_load.o) (alt_icache_flush_all)
../ethernet_bsp/\libhal_bsp.a(alt_iic.o)
                              ../ethernet_bsp/\libhal_bsp.a(altera_avalon_jtag_uart_init.o) (alt_ic_isr_register)
../ethernet_bsp/\libhal_bsp.a(alt_iic_isr_register.o)
                              ../ethernet_bsp/\libhal_bsp.a(alt_iic.o) (alt_iic_isr_register)
../ethernet_bsp/\libhal_bsp.a(alt_irq_entry.o)
                              ../ethernet_bsp/\libhal_bsp.a(alt_iic_isr_register.o) (alt_irq_entry)
../ethernet_bsp/\libhal_bsp.a(alt_irq_handler.o)
                              ../ethernet_bsp/\libhal_bsp.a(alt_iic_isr_register.o) (alt_irq)
../ethernet_bsp/\libhal_bsp.a(alt_irq_vars.o)
                              ../ethernet_bsp/\libhal_bsp.a(alt_iic.o) (alt_irq_active)
../ethernet_bsp/\libhal_bsp.a(alt_release_fd.o)
                              ../ethernet_bsp/\libhal_bsp.a(alt_close.o) (alt_release_fd)
../ethernet_bsp/\libhal_bsp.a(alt_tick.o)
                              ../ethernet_bsp/\libhal_bsp.a(altera_avalon_jtag_uart_init.o) (_alt_tick_rate)
../ethernet_bsp/\libhal_bsp.a(altera_nios2_gen2_irq.o)
                              ../ethernet_bsp/\libhal_bsp.a(alt_sys_init.o) (altera_nios2_gen2_irq_init)
../ethernet_bsp/\libhal_bsp.a(alt_exception_entry.o)
                              ../ethernet_bsp/\libhal_bsp.a(alt_irq_entry.o) (alt_exception)
../ethernet_bsp/\libhal_bsp.a(alt_instruction_exception_entry.o)
                              ../ethernet_bsp/\libhal_bsp.a(alt_exception_entry.o) (alt_instruction_exception_entry)
c:/intelfpga_lite/18.1/nios2eds/bin/gnu/h-x86_64-mingw32/bin/../lib/gcc/nios2-elf/5.3.0/../../../../../H-x86_64-mingw32/nios2-elf/lib/mno-hw-mul\libc.a(lib_a-atexit.o)
                              ../ethernet_bsp/\libhal_bsp.a(alt_main.o) (atexit)
c:/intelfpga_lite/18.1/nios2eds/bin/gnu/h-x86_64-mingw32/bin/../lib/gcc/nios2-elf/5.3.0/../../../../../H-x86_64-mingw32/nios2-elf/lib/mno-hw-mul\libc.a(lib_a-exit.o)
                              ../ethernet_bsp/\libhal_bsp.a(alt_main.o) (exit)
c:/intelfpga_lite/18.1/nios2eds/bin/gnu/h-x86_64-mingw32/bin/../lib/gcc/nios2-elf/5.3.0/../../../../../H-x86_64-mingw32/nios2-elf/lib/mno-hw-mul\libc.a(lib_a-impure.o)
                              c:/intelfpga_lite/18.1/nios2eds/bin/gnu/h-x86_64-mingw32/bin/../lib/gcc/nios2-elf/5.3.0/../../../../../H-x86_64-mingw32/nios2-elf/lib/mno-hw-mul\libc.a(lib_a-exit.o) (_global_impure_ptr)
c:/intelfpga_lite/18.1/nios2eds/bin/gnu/h-x86_64-mingw32/bin/../lib/gcc/nios2-elf/5.3.0/../../../../../H-x86_64-mingw32/nios2-elf/lib/mno-hw-mul\libc.a(lib_a-int_errno.o)
                              ../ethernet_bsp/\libhal_bsp.a(alt_close.o) (errno)
c:/intelfpga_lite/18.1/nios2eds/bin/gnu/h-x86_64-mingw32/bin/../lib/gcc/nios2-elf/5.3.0/../../../../../H-x86_64-mingw32/nios2-elf/lib/mno-hw-mul\libc.a(lib_a-memcpy.o)
                              ../ethernet_bsp/\libhal_bsp.a(altera_avalon_jtag_uart_read.o) (memcpy)
c:/intelfpga_lite/18.1/nios2eds/bin/gnu/h-x86_64-mingw32/bin/../lib/gcc/nios2-elf/5.3.0/../../../../../H-x86_64-mingw32/nios2-elf/lib/mno-hw-mul\libc.a(lib_a-__atexit.o)
                              c:/intelfpga_lite/18.1/nios2eds/bin/gnu/h-x86_64-mingw32/bin/../lib/gcc/nios2-elf/5.3.0/../../../../../H-x86_64-mingw32/nios2-elf/lib/mno-hw-mul\libc.a(lib_a-atexit.o) (__register_exitproc)
c:/intelfpga_lite/18.1/nios2eds/bin/gnu/h-x86_64-mingw32/bin/../lib/gcc/nios2-elf/5.3.0/../../../../../H-x86_64-mingw32/nios2-elf/lib/mno-hw-mul\libc.a(lib_a-__call_atexit.o)
                              c:/intelfpga_lite/18.1/nios2eds/bin/gnu/h-x86_64-mingw32/bin/../lib/gcc/nios2-elf/5.3.0/../../../../../H-x86_64-mingw32/nios2-elf/lib/mno-hw-mul\libc.a(lib_a-exit.o) (__call_exitprocs)
c:/intelfpga_lite/18.1/nios2eds/bin/gnu/h-x86_64-mingw32/bin/../lib/gcc/nios2-elf/5.3.0/mno-hw-mul\libgcc.a(lib2-mul.o)
                              ../ethernet_bsp/\libhal_bsp.a(alt_close.o) (__mulsi3)
../ethernet_bsp/\libhal_bsp.a(alt_exit.o)
                              c:/intelfpga_lite/18.1/nios2eds/bin/gnu/h-x86_64-mingw32/bin/../lib/gcc/nios2-elf/5.3.0/../../../../../H-x86_64-mingw32/nios2-elf/lib/mno-hw-mul\libc.a(lib_a-exit.o) (_exit)

Allocating common symbols
Common symbol       size              file

alt_irq             0x100             ../ethernet_bsp/\libhal_bsp.a(alt_irq_handler.o)
errno               0x4               c:/intelfpga_lite/18.1/nios2eds/bin/gnu/h-x86_64-mingw32/bin/../lib/gcc/nios2-elf/5.3.0/../../../../../H-x86_64-mingw32/nios2-elf/lib/mno-hw-mul\libc.a(lib_a-int_errno.o)

Memory Configuration

Name             Origin             Length             Attributes
onchip_memory2_0 0x0000000000000000 0x0000000000000010
reset            0x0000000008000000 0x0000000000000020
sdram            0x0000000008000020 0x0000000003ffffe0
*default*        0x0000000000000000 0xffffffffffffffff

Linker script and memory map

LOAD ../ethernet_bsp//obj/HAL/src/crt0.o
LOAD obj/default/main.o
LOAD c:/intelfpga_lite/18.1/nios2eds/bin/gnu/h-x86_64-mingw32/bin/../lib/gcc/nios2-elf/5.3.0/../../../../../H-x86_64-mingw32/nios2-elf/lib/mno-hw-mul\libstdc++.a
LOAD c:/intelfpga_lite/18.1/nios2eds/bin/gnu/h-x86_64-mingw32/bin/../lib/gcc/nios2-elf/5.3.0/../../../../../H-x86_64-mingw32/nios2-elf/lib/mno-hw-mul\libm.a
LOAD c:/intelfpga_lite/18.1/nios2eds/bin/gnu/h-x86_64-mingw32/bin/../lib/gcc/nios2-elf/5.3.0/mno-hw-mul\libgcc.a
START GROUP
LOAD c:/intelfpga_lite/18.1/nios2eds/bin/gnu/h-x86_64-mingw32/bin/../lib/gcc/nios2-elf/5.3.0/../../../../../H-x86_64-mingw32/nios2-elf/lib/mno-hw-mul\libc.a
LOAD c:/intelfpga_lite/18.1/nios2eds/bin/gnu/h-x86_64-mingw32/bin/../lib/gcc/nios2-elf/5.3.0/mno-hw-mul\libgcc.a
LOAD ../ethernet_bsp/\libhal_bsp.a
LOAD c:/intelfpga_lite/18.1/nios2eds/bin/gnu/h-x86_64-mingw32/bin/../lib/gcc/nios2-elf/5.3.0/../../../../../H-x86_64-mingw32/nios2-elf/lib/mno-hw-mul\libm.a
END GROUP
LOAD c:/intelfpga_lite/18.1/nios2eds/bin/gnu/h-x86_64-mingw32/bin/../lib/gcc/nios2-elf/5.3.0/mno-hw-mul\libgcc.a
                0x0000000000000000                __alt_mem_onchip_memory2_0 = 0x0
                0x0000000008000000                __alt_mem_sdram = 0x8000000

.entry          0x0000000008000000       0x20
 *(.entry)
 .entry         0x0000000008000000       0x20 ../ethernet_bsp//obj/HAL/src/crt0.o
                0x0000000008000000                __reset

.exceptions     0x0000000008000020      0x210
                0x0000000008000020                PROVIDE (__ram_exceptions_start, ABSOLUTE (.))
                0x0000000008000020                . = ALIGN (0x20)
 *(.irq)
 *(.exceptions.entry.label)
 .exceptions.entry.label
                0x0000000008000020        0x0 ../ethernet_bsp/\libhal_bsp.a(alt_irq_entry.o)
                0x0000000008000020                alt_irq_entry
 .exceptions.entry.label
                0x0000000008000020        0x0 ../ethernet_bsp/\libhal_bsp.a(alt_exception_entry.o)
                0x0000000008000020                alt_exception
 *(.exceptions.entry.user)
 *(.exceptions.entry.ecc_fatal)
 *(.exceptions.entry)
 .exceptions.entry
                0x0000000008000020       0x54 ../ethernet_bsp/\libhal_bsp.a(alt_exception_entry.o)
 *(.exceptions.irqtest.user)
 *(.exceptions.irqtest)
 .exceptions.irqtest
                0x0000000008000074       0x10 ../ethernet_bsp/\libhal_bsp.a(alt_irq_entry.o)
 *(.exceptions.irqhandler.user)
 *(.exceptions.irqhandler)
 .exceptions.irqhandler
                0x0000000008000084        0x4 ../ethernet_bsp/\libhal_bsp.a(alt_irq_entry.o)
 *(.exceptions.irqreturn.user)
 *(.exceptions.irqreturn)
 .exceptions.irqreturn
                0x0000000008000088        0x4 ../ethernet_bsp/\libhal_bsp.a(alt_irq_entry.o)
 *(.exceptions.notirq.label)
 .exceptions.notirq.label
                0x000000000800008c        0x0 ../ethernet_bsp/\libhal_bsp.a(alt_irq_entry.o)
 *(.exceptions.notirq.user)
 *(.exceptions.notirq)
 .exceptions.notirq
                0x000000000800008c        0x8 ../ethernet_bsp/\libhal_bsp.a(alt_exception_entry.o)
 *(.exceptions.soft.user)
 *(.exceptions.soft)
 *(.exceptions.unknown.user)
 *(.exceptions.unknown)
 .exceptions.unknown
                0x0000000008000094       0x14 ../ethernet_bsp/\libhal_bsp.a(alt_exception_entry.o)
 *(.exceptions.exit.label)
 .exceptions.exit.label
                0x00000000080000a8        0x0 ../ethernet_bsp/\libhal_bsp.a(alt_irq_entry.o)
 .exceptions.exit.label
                0x00000000080000a8        0x0 ../ethernet_bsp/\libhal_bsp.a(alt_exception_entry.o)
 *(.exceptions.exit.user)
 *(.exceptions.exit)
 .exceptions.exit
                0x00000000080000a8       0x54 ../ethernet_bsp/\libhal_bsp.a(alt_exception_entry.o)
 *(.exceptions)
 .exceptions    0x00000000080000fc       0xd4 ../ethernet_bsp/\libhal_bsp.a(alt_irq_handler.o)
                0x00000000080000fc                alt_irq_handler
 .exceptions    0x00000000080001d0       0x60 ../ethernet_bsp/\libhal_bsp.a(alt_instruction_exception_entry.o)
                0x00000000080001d0                alt_instruction_exception_entry
                0x0000000008000230                PROVIDE (__ram_exceptions_end, ABSOLUTE (.))
                0x0000000008000020                PROVIDE (__flash_exceptions_start, LOADADDR (.exceptions))

.text           0x0000000008000230     0x1b9c
                [!provide]                        PROVIDE (stext, ABSOLUTE (.))
 *(.interp)
 *(.hash)
 *(.dynsym)
 *(.dynstr)
 *(.gnu.version)
 *(.gnu.version_d)
 *(.gnu.version_r)
 *(.rel.init)
 *(.rela.init)
 *(.rel.text .rel.text.* .rel.gnu.linkonce.t.*)
 *(.rela.text .rela.text.* .rela.gnu.linkonce.t.*)
 *(.rel.fini)
 *(.rela.fini)
 *(.rel.rodata .rel.rodata.* .rel.gnu.linkonce.r.*)
 *(.rela.rodata .rela.rodata.* .rela.gnu.linkonce.r.*)
 *(.rel.data .rel.data.* .rel.gnu.linkonce.d.*)
 *(.rela.data .rela.data.* .rela.gnu.linkonce.d.*)
 *(.rel.tdata .rel.tdata.* .rel.gnu.linkonce.td.*)
 *(.rela.tdata .rela.tdata.* .rela.gnu.linkonce.td.*)
 *(.rel.tbss .rel.tbss.* .rel.gnu.linkonce.tb.*)
 *(.rela.tbss .rela.tbss.* .rela.gnu.linkonce.tb.*)
 *(.rel.ctors)
 *(.rela.ctors)
 *(.rel.dtors)
 *(.rela.dtors)
 *(.rel.got)
 *(.rela.got)
 *(.rel.sdata .rel.sdata.* .rel.gnu.linkonce.s.*)
 *(.rela.sdata .rela.sdata.* .rela.gnu.linkonce.s.*)
 *(.rel.sbss .rel.sbss.* .rel.gnu.linkonce.sb.*)
 *(.rela.sbss .rela.sbss.* .rela.gnu.linkonce.sb.*)
 *(.rel.sdata2 .rel.sdata2.* .rel.gnu.linkonce.s2.*)
 *(.rela.sdata2 .rela.sdata2.* .rela.gnu.linkonce.s2.*)
 *(.rel.sbss2 .rel.sbss2.* .rel.gnu.linkonce.sb2.*)
 *(.rela.sbss2 .rela.sbss2.* .rela.gnu.linkonce.sb2.*)
 *(.rel.bss .rel.bss.* .rel.gnu.linkonce.b.*)
 *(.rela.bss .rela.bss.* .rela.gnu.linkonce.b.*)
 *(.rel.plt)
 *(.rela.plt)
 *(.rel.dyn)
 *(.init)
 *(.plt)
 *(.text .stub .text.* .gnu.linkonce.t.*)
 .text          0x0000000008000230       0x3c ../ethernet_bsp//obj/HAL/src/crt0.o
                0x0000000008000230                _start
 .text          0x000000000800026c       0x98 obj/default/main.o
                0x000000000800026c                main
 .text          0x0000000008000304       0xec ../ethernet_bsp/\libhal_bsp.a(alt_load.o)
                0x000000000800036c                alt_load
 .text          0x00000000080003f0       0x60 ../ethernet_bsp/\libhal_bsp.a(alt_main.o)
                0x00000000080003f0                alt_main
 .text          0x0000000008000450       0xb8 ../ethernet_bsp/\libhal_bsp.a(alt_sys_init.o)
                0x0000000008000484                alt_irq_init
                0x00000000080004bc                alt_sys_init
 .text          0x0000000008000508      0x164 ../ethernet_bsp/\libhal_bsp.a(altera_avalon_jtag_uart_fd.o)
                0x0000000008000508                altera_avalon_jtag_uart_read_fd
                0x0000000008000568                altera_avalon_jtag_uart_write_fd
                0x00000000080005c8                altera_avalon_jtag_uart_close_fd
                0x0000000008000618                altera_avalon_jtag_uart_ioctl_fd
 .text          0x000000000800066c      0x3d4 ../ethernet_bsp/\libhal_bsp.a(altera_avalon_jtag_uart_init.o)
                0x000000000800066c                altera_avalon_jtag_uart_init
                0x00000000080009d8                altera_avalon_jtag_uart_close
 .text          0x0000000008000a40       0xf0 ../ethernet_bsp/\libhal_bsp.a(altera_avalon_jtag_uart_ioctl.o)
                0x0000000008000a40                altera_avalon_jtag_uart_ioctl
 .text          0x0000000008000b30      0x21c ../ethernet_bsp/\libhal_bsp.a(altera_avalon_jtag_uart_read.o)
                0x0000000008000b30                altera_avalon_jtag_uart_read
 .text          0x0000000008000d4c      0x224 ../ethernet_bsp/\libhal_bsp.a(altera_avalon_jtag_uart_write.o)
                0x0000000008000d4c                altera_avalon_jtag_uart_write
 .text          0x0000000008000f70      0x12c ../ethernet_bsp/\libhal_bsp.a(alt_alarm_start.o)
                0x0000000008000f70                alt_alarm_start
 .text          0x000000000800109c      0x114 ../ethernet_bsp/\libhal_bsp.a(alt_close.o)
                0x00000000080010d8                close
 .text          0x00000000080011b0       0x20 ../ethernet_bsp/\libhal_bsp.a(alt_dcache_flush_all.o)
                0x00000000080011b0                alt_dcache_flush_all
 .text          0x00000000080011d0       0x2c ../ethernet_bsp/\libhal_bsp.a(alt_dev.o)
 .text          0x00000000080011fc       0xe0 ../ethernet_bsp/\libhal_bsp.a(alt_dev_llist_insert.o)
                0x0000000008001238                alt_dev_llist_insert
 .text          0x00000000080012dc       0x60 ../ethernet_bsp/\libhal_bsp.a(alt_do_ctors.o)
                0x00000000080012dc                _do_ctors
 .text          0x000000000800133c       0x60 ../ethernet_bsp/\libhal_bsp.a(alt_do_dtors.o)
                0x000000000800133c                _do_dtors
 .text          0x000000000800139c        0x0 ../ethernet_bsp/\libhal_bsp.a(alt_errno.o)
 .text          0x000000000800139c       0x20 ../ethernet_bsp/\libhal_bsp.a(alt_icache_flush_all.o)
                0x000000000800139c                alt_icache_flush_all
 .text          0x00000000080013bc      0x1b0 ../ethernet_bsp/\libhal_bsp.a(alt_iic.o)
                0x00000000080013bc                alt_ic_isr_register
                0x000000000800140c                alt_ic_irq_enable
                0x0000000008001494                alt_ic_irq_disable
                0x0000000008001520                alt_ic_irq_enabled
 .text          0x000000000800156c       0xf0 ../ethernet_bsp/\libhal_bsp.a(alt_iic_isr_register.o)
                0x000000000800156c                alt_iic_isr_register
 .text          0x000000000800165c        0x0 ../ethernet_bsp/\libhal_bsp.a(alt_irq_entry.o)
 .text          0x000000000800165c        0x0 ../ethernet_bsp/\libhal_bsp.a(alt_irq_handler.o)
 .text          0x000000000800165c        0x0 ../ethernet_bsp/\libhal_bsp.a(alt_irq_vars.o)
 .text          0x000000000800165c       0x84 ../ethernet_bsp/\libhal_bsp.a(alt_release_fd.o)
                0x000000000800165c                alt_release_fd
 .text          0x00000000080016e0      0x1a4 ../ethernet_bsp/\libhal_bsp.a(alt_tick.o)
                0x00000000080016e0                alt_alarm_stop
                0x000000000800177c                alt_tick
 .text          0x0000000008001884       0x24 ../ethernet_bsp/\libhal_bsp.a(altera_nios2_gen2_irq.o)
                0x0000000008001884                altera_nios2_gen2_irq_init
 .text          0x00000000080018a8        0x0 ../ethernet_bsp/\libhal_bsp.a(alt_exception_entry.o)
 .text          0x00000000080018a8       0x9c ../ethernet_bsp/\libhal_bsp.a(alt_instruction_exception_entry.o)
                0x00000000080018a8                alt_exception_cause_generated_bad_addr
 .text          0x0000000008001944        0x0 c:/intelfpga_lite/18.1/nios2eds/bin/gnu/h-x86_64-mingw32/bin/../lib/gcc/nios2-elf/5.3.0/../../../../../H-x86_64-mingw32/nios2-elf/lib/mno-hw-mul\libc.a(lib_a-atexit.o)
 .text.atexit   0x0000000008001944       0x14 c:/intelfpga_lite/18.1/nios2eds/bin/gnu/h-x86_64-mingw32/bin/../lib/gcc/nios2-elf/5.3.0/../../../../../H-x86_64-mingw32/nios2-elf/lib/mno-hw-mul\libc.a(lib_a-atexit.o)
                0x0000000008001944                atexit
 .text          0x0000000008001958        0x0 c:/intelfpga_lite/18.1/nios2eds/bin/gnu/h-x86_64-mingw32/bin/../lib/gcc/nios2-elf/5.3.0/../../../../../H-x86_64-mingw32/nios2-elf/lib/mno-hw-mul\libc.a(lib_a-exit.o)
 .text.exit     0x0000000008001958       0x38 c:/intelfpga_lite/18.1/nios2eds/bin/gnu/h-x86_64-mingw32/bin/../lib/gcc/nios2-elf/5.3.0/../../../../../H-x86_64-mingw32/nios2-elf/lib/mno-hw-mul\libc.a(lib_a-exit.o)
                0x0000000008001958                exit
 .text          0x0000000008001990        0x0 c:/intelfpga_lite/18.1/nios2eds/bin/gnu/h-x86_64-mingw32/bin/../lib/gcc/nios2-elf/5.3.0/../../../../../H-x86_64-mingw32/nios2-elf/lib/mno-hw-mul\libc.a(lib_a-impure.o)
 .text          0x0000000008001990        0x0 c:/intelfpga_lite/18.1/nios2eds/bin/gnu/h-x86_64-mingw32/bin/../lib/gcc/nios2-elf/5.3.0/../../../../../H-x86_64-mingw32/nios2-elf/lib/mno-hw-mul\libc.a(lib_a-int_errno.o)
 .text          0x0000000008001990        0x0 c:/intelfpga_lite/18.1/nios2eds/bin/gnu/h-x86_64-mingw32/bin/../lib/gcc/nios2-elf/5.3.0/../../../../../H-x86_64-mingw32/nios2-elf/lib/mno-hw-mul\libc.a(lib_a-memcpy.o)
 .text.memcpy   0x0000000008001990      0x148 c:/intelfpga_lite/18.1/nios2eds/bin/gnu/h-x86_64-mingw32/bin/../lib/gcc/nios2-elf/5.3.0/../../../../../H-x86_64-mingw32/nios2-elf/lib/mno-hw-mul\libc.a(lib_a-memcpy.o)
                0x0000000008001990                memcpy
 .text          0x0000000008001ad8        0x0 c:/intelfpga_lite/18.1/nios2eds/bin/gnu/h-x86_64-mingw32/bin/../lib/gcc/nios2-elf/5.3.0/../../../../../H-x86_64-mingw32/nios2-elf/lib/mno-hw-mul\libc.a(lib_a-__atexit.o)
 .text.__register_exitproc
                0x0000000008001ad8      0x118 c:/intelfpga_lite/18.1/nios2eds/bin/gnu/h-x86_64-mingw32/bin/../lib/gcc/nios2-elf/5.3.0/../../../../../H-x86_64-mingw32/nios2-elf/lib/mno-hw-mul\libc.a(lib_a-__atexit.o)
                0x0000000008001ad8                __register_exitproc
 .text          0x0000000008001bf0        0x0 c:/intelfpga_lite/18.1/nios2eds/bin/gnu/h-x86_64-mingw32/bin/../lib/gcc/nios2-elf/5.3.0/../../../../../H-x86_64-mingw32/nios2-elf/lib/mno-hw-mul\libc.a(lib_a-__call_atexit.o)
 .text.__call_exitprocs
                0x0000000008001bf0      0x180 c:/intelfpga_lite/18.1/nios2eds/bin/gnu/h-x86_64-mingw32/bin/../lib/gcc/nios2-elf/5.3.0/../../../../../H-x86_64-mingw32/nios2-elf/lib/mno-hw-mul\libc.a(lib_a-__call_atexit.o)
                0x0000000008001bf0                __call_exitprocs
 .text          0x0000000008001d70       0x28 c:/intelfpga_lite/18.1/nios2eds/bin/gnu/h-x86_64-mingw32/bin/../lib/gcc/nios2-elf/5.3.0/mno-hw-mul\libgcc.a(lib2-mul.o)
                0x0000000008001d70                __mulsi3
 .text          0x0000000008001d98       0x34 ../ethernet_bsp/\libhal_bsp.a(alt_exit.o)
                0x0000000008001d98                _exit
 *(.gnu.warning.*)
 *(.fini)
                [!provide]                        PROVIDE (__etext, ABSOLUTE (.))
                [!provide]                        PROVIDE (_etext, ABSOLUTE (.))
                [!provide]                        PROVIDE (etext, ABSOLUTE (.))
 *(.eh_frame_hdr)
                0x0000000008001dcc                . = ALIGN (0x4)
                [!provide]                        PROVIDE (__preinit_array_start, ABSOLUTE (.))
 *(.preinit_array)
                [!provide]                        PROVIDE (__preinit_array_end, ABSOLUTE (.))
                [!provide]                        PROVIDE (__init_array_start, ABSOLUTE (.))
 *(.init_array)
                [!provide]                        PROVIDE (__init_array_end, ABSOLUTE (.))
                [!provide]                        PROVIDE (__fini_array_start, ABSOLUTE (.))
 *(.fini_array)
                [!provide]                        PROVIDE (__fini_array_end, ABSOLUTE (.))
 *(.eh_frame)
 *(.gcc_except_table .gcc_except_table.*)
 *(.dynamic)
                0x0000000008001dcc                PROVIDE (__CTOR_LIST__, ABSOLUTE (.))
 *(.ctors)
 *(SORT(.ctors.*))
                0x0000000008001dcc                PROVIDE (__CTOR_END__, ABSOLUTE (.))
                0x0000000008001dcc                PROVIDE (__DTOR_LIST__, ABSOLUTE (.))
 *(.dtors)
 *(SORT(.dtors.*))
                0x0000000008001dcc                PROVIDE (__DTOR_END__, ABSOLUTE (.))
 *(.jcr)
                0x0000000008001dcc                . = ALIGN (0x4)

.rodata         0x0000000008001dcc       0x24
                0x0000000008001dcc                PROVIDE (__ram_rodata_start, ABSOLUTE (.))
                0x0000000008001dcc                . = ALIGN (0x4)
 *(.rodata .rodata.* .gnu.linkonce.r.*)
 .rodata        0x0000000008001dcc       0x11 ../ethernet_bsp/\libhal_bsp.a(alt_sys_init.o)
 *fill*         0x0000000008001ddd        0x3 
 .rodata        0x0000000008001de0        0xa ../ethernet_bsp/\libhal_bsp.a(alt_dev.o)
 *fill*         0x0000000008001dea        0x2 
 .rodata.str1.4
                0x0000000008001dec        0x4 c:/intelfpga_lite/18.1/nios2eds/bin/gnu/h-x86_64-mingw32/bin/../lib/gcc/nios2-elf/5.3.0/../../../../../H-x86_64-mingw32/nios2-elf/lib/mno-hw-mul\libc.a(lib_a-impure.o)
                                          0x2 (size before relaxing)
 *(.rodata1)
                0x0000000008001df0                . = ALIGN (0x4)
                0x0000000008001df0                PROVIDE (__ram_rodata_end, ABSOLUTE (.))
                0x0000000008001dcc                PROVIDE (__flash_rodata_start, LOADADDR (.rodata))

.rwdata         0x0000000008001df0     0x1658 load address 0x0000000008003448
                0x0000000008001df0                PROVIDE (__ram_rwdata_start, ABSOLUTE (.))
                0x0000000008001df0                . = ALIGN (0x4)
 *(.got.plt)
 *(.got)
 *(.data1)
 *(.data .data.* .gnu.linkonce.d.*)
 .data          0x0000000008001df0        0x0 ../ethernet_bsp//obj/HAL/src/crt0.o
 .data          0x0000000008001df0        0x0 obj/default/main.o
 .data          0x0000000008001df0        0x0 ../ethernet_bsp/\libhal_bsp.a(alt_load.o)
 .data          0x0000000008001df0        0x0 ../ethernet_bsp/\libhal_bsp.a(alt_main.o)
 .data          0x0000000008001df0     0x1060 ../ethernet_bsp/\libhal_bsp.a(alt_sys_init.o)
 .data          0x0000000008002e50        0x0 ../ethernet_bsp/\libhal_bsp.a(altera_avalon_jtag_uart_fd.o)
 .data          0x0000000008002e50        0x0 ../ethernet_bsp/\libhal_bsp.a(altera_avalon_jtag_uart_init.o)
 .data          0x0000000008002e50        0x0 ../ethernet_bsp/\libhal_bsp.a(altera_avalon_jtag_uart_ioctl.o)
 .data          0x0000000008002e50        0x0 ../ethernet_bsp/\libhal_bsp.a(altera_avalon_jtag_uart_read.o)
 .data          0x0000000008002e50        0x0 ../ethernet_bsp/\libhal_bsp.a(altera_avalon_jtag_uart_write.o)
 .data          0x0000000008002e50        0x0 ../ethernet_bsp/\libhal_bsp.a(alt_alarm_start.o)
 .data          0x0000000008002e50        0x0 ../ethernet_bsp/\libhal_bsp.a(alt_close.o)
 .data          0x0000000008002e50        0x0 ../ethernet_bsp/\libhal_bsp.a(alt_dcache_flush_all.o)
 .data          0x0000000008002e50      0x1a8 ../ethernet_bsp/\libhal_bsp.a(alt_dev.o)
                0x0000000008002e50                alt_dev_null
                0x0000000008002e78                alt_fd_list
 .data          0x0000000008002ff8        0x0 ../ethernet_bsp/\libhal_bsp.a(alt_dev_llist_insert.o)
 .data          0x0000000008002ff8        0x0 ../ethernet_bsp/\libhal_bsp.a(alt_do_ctors.o)
 .data          0x0000000008002ff8        0x0 ../ethernet_bsp/\libhal_bsp.a(alt_do_dtors.o)
 .data          0x0000000008002ff8        0x0 ../ethernet_bsp/\libhal_bsp.a(alt_errno.o)
 .data          0x0000000008002ff8        0x0 ../ethernet_bsp/\libhal_bsp.a(alt_icache_flush_all.o)
 .data          0x0000000008002ff8        0x0 ../ethernet_bsp/\libhal_bsp.a(alt_iic.o)
 .data          0x0000000008002ff8        0x0 ../ethernet_bsp/\libhal_bsp.a(alt_iic_isr_register.o)
 .data          0x0000000008002ff8        0x0 ../ethernet_bsp/\libhal_bsp.a(alt_irq_entry.o)
 .data          0x0000000008002ff8        0x0 ../ethernet_bsp/\libhal_bsp.a(alt_irq_handler.o)
 .data          0x0000000008002ff8        0x0 ../ethernet_bsp/\libhal_bsp.a(alt_irq_vars.o)
 .data          0x0000000008002ff8        0x0 ../ethernet_bsp/\libhal_bsp.a(alt_release_fd.o)
 .data          0x0000000008002ff8        0x0 ../ethernet_bsp/\libhal_bsp.a(alt_tick.o)
 .data          0x0000000008002ff8        0x0 ../ethernet_bsp/\libhal_bsp.a(altera_nios2_gen2_irq.o)
 .data          0x0000000008002ff8        0x0 ../ethernet_bsp/\libhal_bsp.a(alt_exception_entry.o)
 .data          0x0000000008002ff8        0x0 ../ethernet_bsp/\libhal_bsp.a(alt_instruction_exception_entry.o)
 .data          0x0000000008002ff8        0x0 c:/intelfpga_lite/18.1/nios2eds/bin/gnu/h-x86_64-mingw32/bin/../lib/gcc/nios2-elf/5.3.0/../../../../../H-x86_64-mingw32/nios2-elf/lib/mno-hw-mul\libc.a(lib_a-atexit.o)
 .data          0x0000000008002ff8        0x0 c:/intelfpga_lite/18.1/nios2eds/bin/gnu/h-x86_64-mingw32/bin/../lib/gcc/nios2-elf/5.3.0/../../../../../H-x86_64-mingw32/nios2-elf/lib/mno-hw-mul\libc.a(lib_a-exit.o)
 .data          0x0000000008002ff8        0x0 c:/intelfpga_lite/18.1/nios2eds/bin/gnu/h-x86_64-mingw32/bin/../lib/gcc/nios2-elf/5.3.0/../../../../../H-x86_64-mingw32/nios2-elf/lib/mno-hw-mul\libc.a(lib_a-impure.o)
 .data.impure_data
                0x0000000008002ff8      0x424 c:/intelfpga_lite/18.1/nios2eds/bin/gnu/h-x86_64-mingw32/bin/../lib/gcc/nios2-elf/5.3.0/../../../../../H-x86_64-mingw32/nios2-elf/lib/mno-hw-mul\libc.a(lib_a-impure.o)
 .data          0x000000000800341c        0x0 c:/intelfpga_lite/18.1/nios2eds/bin/gnu/h-x86_64-mingw32/bin/../lib/gcc/nios2-elf/5.3.0/../../../../../H-x86_64-mingw32/nios2-elf/lib/mno-hw-mul\libc.a(lib_a-int_errno.o)
 .data          0x000000000800341c        0x0 c:/intelfpga_lite/18.1/nios2eds/bin/gnu/h-x86_64-mingw32/bin/../lib/gcc/nios2-elf/5.3.0/../../../../../H-x86_64-mingw32/nios2-elf/lib/mno-hw-mul\libc.a(lib_a-memcpy.o)
 .data          0x000000000800341c        0x0 c:/intelfpga_lite/18.1/nios2eds/bin/gnu/h-x86_64-mingw32/bin/../lib/gcc/nios2-elf/5.3.0/../../../../../H-x86_64-mingw32/nios2-elf/lib/mno-hw-mul\libc.a(lib_a-__atexit.o)
 .data          0x000000000800341c        0x0 c:/intelfpga_lite/18.1/nios2eds/bin/gnu/h-x86_64-mingw32/bin/../lib/gcc/nios2-elf/5.3.0/../../../../../H-x86_64-mingw32/nios2-elf/lib/mno-hw-mul\libc.a(lib_a-__call_atexit.o)
 .data          0x000000000800341c        0x0 c:/intelfpga_lite/18.1/nios2eds/bin/gnu/h-x86_64-mingw32/bin/../lib/gcc/nios2-elf/5.3.0/mno-hw-mul\libgcc.a(lib2-mul.o)
 .data          0x000000000800341c        0x0 ../ethernet_bsp/\libhal_bsp.a(alt_exit.o)
                0x000000000800b41c                _gp = ABSOLUTE ((. + 0x8000))
                [!provide]                        PROVIDE (gp, _gp)
 *(.rwdata .rwdata.*)
 *(.sdata .sdata.* .gnu.linkonce.s.*)
 .sdata         0x000000000800341c       0x14 ../ethernet_bsp/\libhal_bsp.a(alt_dev.o)
                0x000000000800341c                alt_fs_list
                0x0000000008003424                alt_dev_list
                0x000000000800342c                alt_max_fd
 .sdata         0x0000000008003430        0x4 ../ethernet_bsp/\libhal_bsp.a(alt_errno.o)
                0x0000000008003430                alt_errno
 .sdata         0x0000000008003434        0x4 ../ethernet_bsp/\libhal_bsp.a(alt_irq_vars.o)
                0x0000000008003434                alt_priority_mask
 .sdata         0x0000000008003438        0x8 ../ethernet_bsp/\libhal_bsp.a(alt_tick.o)
                0x0000000008003438                alt_alarm_list
 .sdata._global_impure_ptr
                0x0000000008003440        0x4 c:/intelfpga_lite/18.1/nios2eds/bin/gnu/h-x86_64-mingw32/bin/../lib/gcc/nios2-elf/5.3.0/../../../../../H-x86_64-mingw32/nios2-elf/lib/mno-hw-mul\libc.a(lib_a-impure.o)
                0x0000000008003440                _global_impure_ptr
 .sdata._impure_ptr
                0x0000000008003444        0x4 c:/intelfpga_lite/18.1/nios2eds/bin/gnu/h-x86_64-mingw32/bin/../lib/gcc/nios2-elf/5.3.0/../../../../../H-x86_64-mingw32/nios2-elf/lib/mno-hw-mul\libc.a(lib_a-impure.o)
                0x0000000008003444                _impure_ptr
 *(.sdata2 .sdata2.* .gnu.linkonce.s2.*)
                0x0000000008003448                . = ALIGN (0x4)
                0x0000000008003448                _edata = ABSOLUTE (.)
                [!provide]                        PROVIDE (edata, ABSOLUTE (.))
                0x0000000008003448                PROVIDE (__ram_rwdata_end, ABSOLUTE (.))
                0x0000000008003448                PROVIDE (__flash_rwdata_start, LOADADDR (.rwdata))

.bss            0x0000000008004aa0      0x120
                0x0000000008004aa0                __bss_start = ABSOLUTE (.)
                [!provide]                        PROVIDE (__sbss_start, ABSOLUTE (.))
                [!provide]                        PROVIDE (___sbss_start, ABSOLUTE (.))
 *(.dynsbss)
 *(.sbss .sbss.* .gnu.linkonce.sb.*)
 .sbss          0x0000000008004aa0        0xc ../ethernet_bsp/\libhal_bsp.a(alt_main.o)
                0x0000000008004aa0                alt_argc
                0x0000000008004aa4                alt_argv
                0x0000000008004aa8                alt_envp
 .sbss          0x0000000008004aac        0x4 ../ethernet_bsp/\libhal_bsp.a(alt_irq_vars.o)
                0x0000000008004aac                alt_irq_active
 .sbss          0x0000000008004ab0        0x8 ../ethernet_bsp/\libhal_bsp.a(alt_tick.o)
                0x0000000008004ab0                _alt_tick_rate
                0x0000000008004ab4                _alt_nticks
 .sbss          0x0000000008004ab8        0x4 ../ethernet_bsp/\libhal_bsp.a(alt_instruction_exception_entry.o)
                0x0000000008004ab8                alt_instruction_exception_handler
 .sbss          0x0000000008004abc        0x4 c:/intelfpga_lite/18.1/nios2eds/bin/gnu/h-x86_64-mingw32/bin/../lib/gcc/nios2-elf/5.3.0/../../../../../H-x86_64-mingw32/nios2-elf/lib/mno-hw-mul\libc.a(lib_a-int_errno.o)
                0x0000000008004abc                errno
 *(.sbss2 .sbss2.* .gnu.linkonce.sb2.*)
 *(.scommon)
                [!provide]                        PROVIDE (__sbss_end, ABSOLUTE (.))
                [!provide]                        PROVIDE (___sbss_end, ABSOLUTE (.))
 *(.dynbss)
 *(.bss .bss.* .gnu.linkonce.b.*)
 .bss           0x0000000008004ac0        0x0 ../ethernet_bsp//obj/HAL/src/crt0.o
 .bss           0x0000000008004ac0        0x0 obj/default/main.o
 .bss           0x0000000008004ac0        0x0 ../ethernet_bsp/\libhal_bsp.a(alt_load.o)
 .bss           0x0000000008004ac0        0x0 ../ethernet_bsp/\libhal_bsp.a(alt_main.o)
 .bss           0x0000000008004ac0        0x0 ../ethernet_bsp/\libhal_bsp.a(alt_sys_init.o)
 .bss           0x0000000008004ac0        0x0 ../ethernet_bsp/\libhal_bsp.a(altera_avalon_jtag_uart_fd.o)
 .bss           0x0000000008004ac0        0x0 ../ethernet_bsp/\libhal_bsp.a(altera_avalon_jtag_uart_init.o)
 .bss           0x0000000008004ac0        0x0 ../ethernet_bsp/\libhal_bsp.a(altera_avalon_jtag_uart_ioctl.o)
 .bss           0x0000000008004ac0        0x0 ../ethernet_bsp/\libhal_bsp.a(altera_avalon_jtag_uart_read.o)
 .bss           0x0000000008004ac0        0x0 ../ethernet_bsp/\libhal_bsp.a(altera_avalon_jtag_uart_write.o)
 .bss           0x0000000008004ac0        0x0 ../ethernet_bsp/\libhal_bsp.a(alt_alarm_start.o)
 .bss           0x0000000008004ac0        0x0 ../ethernet_bsp/\libhal_bsp.a(alt_close.o)
 .bss           0x0000000008004ac0        0x0 ../ethernet_bsp/\libhal_bsp.a(alt_dcache_flush_all.o)
 .bss           0x0000000008004ac0        0x0 ../ethernet_bsp/\libhal_bsp.a(alt_dev.o)
 .bss           0x0000000008004ac0        0x0 ../ethernet_bsp/\libhal_bsp.a(alt_dev_llist_insert.o)
 .bss           0x0000000008004ac0        0x0 ../ethernet_bsp/\libhal_bsp.a(alt_do_ctors.o)
 .bss           0x0000000008004ac0        0x0 ../ethernet_bsp/\libhal_bsp.a(alt_do_dtors.o)
 .bss           0x0000000008004ac0        0x0 ../ethernet_bsp/\libhal_bsp.a(alt_errno.o)
 .bss           0x0000000008004ac0        0x0 ../ethernet_bsp/\libhal_bsp.a(alt_icache_flush_all.o)
 .bss           0x0000000008004ac0        0x0 ../ethernet_bsp/\libhal_bsp.a(alt_iic.o)
 .bss           0x0000000008004ac0        0x0 ../ethernet_bsp/\libhal_bsp.a(alt_iic_isr_register.o)
 .bss           0x0000000008004ac0        0x0 ../ethernet_bsp/\libhal_bsp.a(alt_irq_entry.o)
 .bss           0x0000000008004ac0        0x0 ../ethernet_bsp/\libhal_bsp.a(alt_irq_handler.o)
 .bss           0x0000000008004ac0        0x0 ../ethernet_bsp/\libhal_bsp.a(alt_irq_vars.o)
 .bss           0x0000000008004ac0        0x0 ../ethernet_bsp/\libhal_bsp.a(alt_release_fd.o)
 .bss           0x0000000008004ac0        0x0 ../ethernet_bsp/\libhal_bsp.a(alt_tick.o)
 .bss           0x0000000008004ac0        0x0 ../ethernet_bsp/\libhal_bsp.a(altera_nios2_gen2_irq.o)
 .bss           0x0000000008004ac0        0x0 ../ethernet_bsp/\libhal_bsp.a(alt_exception_entry.o)
 .bss           0x0000000008004ac0        0x0 ../ethernet_bsp/\libhal_bsp.a(alt_instruction_exception_entry.o)
 .bss           0x0000000008004ac0        0x0 c:/intelfpga_lite/18.1/nios2eds/bin/gnu/h-x86_64-mingw32/bin/../lib/gcc/nios2-elf/5.3.0/../../../../../H-x86_64-mingw32/nios2-elf/lib/mno-hw-mul\libc.a(lib_a-atexit.o)
 .bss           0x0000000008004ac0        0x0 c:/intelfpga_lite/18.1/nios2eds/bin/gnu/h-x86_64-mingw32/bin/../lib/gcc/nios2-elf/5.3.0/../../../../../H-x86_64-mingw32/nios2-elf/lib/mno-hw-mul\libc.a(lib_a-exit.o)
 .bss           0x0000000008004ac0        0x0 c:/intelfpga_lite/18.1/nios2eds/bin/gnu/h-x86_64-mingw32/bin/../lib/gcc/nios2-elf/5.3.0/../../../../../H-x86_64-mingw32/nios2-elf/lib/mno-hw-mul\libc.a(lib_a-impure.o)
 .bss           0x0000000008004ac0        0x0 c:/intelfpga_lite/18.1/nios2eds/bin/gnu/h-x86_64-mingw32/bin/../lib/gcc/nios2-elf/5.3.0/../../../../../H-x86_64-mingw32/nios2-elf/lib/mno-hw-mul\libc.a(lib_a-int_errno.o)
 .bss           0x0000000008004ac0        0x0 c:/intelfpga_lite/18.1/nios2eds/bin/gnu/h-x86_64-mingw32/bin/../lib/gcc/nios2-elf/5.3.0/../../../../../H-x86_64-mingw32/nios2-elf/lib/mno-hw-mul\libc.a(lib_a-memcpy.o)
 .bss           0x0000000008004ac0        0x0 c:/intelfpga_lite/18.1/nios2eds/bin/gnu/h-x86_64-mingw32/bin/../lib/gcc/nios2-elf/5.3.0/../../../../../H-x86_64-mingw32/nios2-elf/lib/mno-hw-mul\libc.a(lib_a-__atexit.o)
 .bss           0x0000000008004ac0        0x0 c:/intelfpga_lite/18.1/nios2eds/bin/gnu/h-x86_64-mingw32/bin/../lib/gcc/nios2-elf/5.3.0/../../../../../H-x86_64-mingw32/nios2-elf/lib/mno-hw-mul\libc.a(lib_a-__call_atexit.o)
 .bss           0x0000000008004ac0        0x0 c:/intelfpga_lite/18.1/nios2eds/bin/gnu/h-x86_64-mingw32/bin/../lib/gcc/nios2-elf/5.3.0/mno-hw-mul\libgcc.a(lib2-mul.o)
 .bss           0x0000000008004ac0        0x0 ../ethernet_bsp/\libhal_bsp.a(alt_exit.o)
 *(COMMON)
 COMMON         0x0000000008004ac0      0x100 ../ethernet_bsp/\libhal_bsp.a(alt_irq_handler.o)
                0x0000000008004ac0                alt_irq
                0x0000000008004bc0                . = ALIGN (0x4)
                0x0000000008004bc0                __bss_end = ABSOLUTE (.)

.onchip_memory2_0
                0x0000000000000000        0x0 load address 0x0000000008004bc0
                [!provide]                        PROVIDE (_alt_partition_onchip_memory2_0_start, ABSOLUTE (.))
 *(.onchip_memory2_0 .onchip_memory2_0. onchip_memory2_0.*)
                0x0000000000000000                . = ALIGN (0x4)
                [!provide]                        PROVIDE (_alt_partition_onchip_memory2_0_end, ABSOLUTE (.))
                [!provide]                        PROVIDE (_alt_partition_onchip_memory2_0_load_addr, LOADADDR (.onchip_memory2_0))

.sdram          0x0000000008004bc0        0x0
                [!provide]                        PROVIDE (_alt_partition_sdram_start, ABSOLUTE (.))
 *(.sdram .sdram. sdram.*)
                0x0000000008004bc0                . = ALIGN (0x4)
                [!provide]                        PROVIDE (_alt_partition_sdram_end, ABSOLUTE (.))
                0x0000000008004bc0                _end = ABSOLUTE (.)
                0x0000000008004bc0                end = ABSOLUTE (.)
                0x0000000008004bc0                __alt_stack_base = ABSOLUTE (.)
                [!provide]                        PROVIDE (_alt_partition_sdram_load_addr, LOADADDR (.sdram))

.stab
 *(.stab)

.stabstr
 *(.stabstr)

.stab.excl
 *(.stab.excl)

.stab.exclstr
 *(.stab.exclstr)

.stab.index
 *(.stab.index)

.stab.indexstr
 *(.stab.indexstr)

.comment        0x0000000000000000       0x23
 *(.comment)
 .comment       0x0000000000000000       0x23 obj/default/main.o
                                         0x24 (size before relaxing)
 .comment       0x0000000000000023       0x24 ../ethernet_bsp/\libhal_bsp.a(alt_load.o)
 .comment       0x0000000000000023       0x24 ../ethernet_bsp/\libhal_bsp.a(alt_main.o)
 .comment       0x0000000000000023       0x24 ../ethernet_bsp/\libhal_bsp.a(alt_sys_init.o)
 .comment       0x0000000000000023       0x24 ../ethernet_bsp/\libhal_bsp.a(altera_avalon_jtag_uart_fd.o)
 .comment       0x0000000000000023       0x24 ../ethernet_bsp/\libhal_bsp.a(altera_avalon_jtag_uart_init.o)
 .comment       0x0000000000000023       0x24 ../ethernet_bsp/\libhal_bsp.a(altera_avalon_jtag_uart_ioctl.o)
 .comment       0x0000000000000023       0x24 ../ethernet_bsp/\libhal_bsp.a(altera_avalon_jtag_uart_read.o)
 .comment       0x0000000000000023       0x24 ../ethernet_bsp/\libhal_bsp.a(altera_avalon_jtag_uart_write.o)
 .comment       0x0000000000000023       0x24 ../ethernet_bsp/\libhal_bsp.a(alt_alarm_start.o)
 .comment       0x0000000000000023       0x24 ../ethernet_bsp/\libhal_bsp.a(alt_close.o)
 .comment       0x0000000000000023       0x24 ../ethernet_bsp/\libhal_bsp.a(alt_dcache_flush_all.o)
 .comment       0x0000000000000023       0x24 ../ethernet_bsp/\libhal_bsp.a(alt_dev.o)
 .comment       0x0000000000000023       0x24 ../ethernet_bsp/\libhal_bsp.a(alt_dev_llist_insert.o)
 .comment       0x0000000000000023       0x24 ../ethernet_bsp/\libhal_bsp.a(alt_do_ctors.o)
 .comment       0x0000000000000023       0x24 ../ethernet_bsp/\libhal_bsp.a(alt_do_dtors.o)
 .comment       0x0000000000000023       0x24 ../ethernet_bsp/\libhal_bsp.a(alt_errno.o)
 .comment       0x0000000000000023       0x24 ../ethernet_bsp/\libhal_bsp.a(alt_icache_flush_all.o)
 .comment       0x0000000000000023       0x24 ../ethernet_bsp/\libhal_bsp.a(alt_iic.o)
 .comment       0x0000000000000023       0x24 ../ethernet_bsp/\libhal_bsp.a(alt_iic_isr_register.o)
 .comment       0x0000000000000023       0x24 ../ethernet_bsp/\libhal_bsp.a(alt_irq_handler.o)
 .comment       0x0000000000000023       0x24 ../ethernet_bsp/\libhal_bsp.a(alt_irq_vars.o)
 .comment       0x0000000000000023       0x24 ../ethernet_bsp/\libhal_bsp.a(alt_release_fd.o)
 .comment       0x0000000000000023       0x24 ../ethernet_bsp/\libhal_bsp.a(alt_tick.o)
 .comment       0x0000000000000023       0x24 ../ethernet_bsp/\libhal_bsp.a(altera_nios2_gen2_irq.o)
 .comment       0x0000000000000023       0x24 ../ethernet_bsp/\libhal_bsp.a(alt_instruction_exception_entry.o)
 .comment       0x0000000000000023       0x24 c:/intelfpga_lite/18.1/nios2eds/bin/gnu/h-x86_64-mingw32/bin/../lib/gcc/nios2-elf/5.3.0/../../../../../H-x86_64-mingw32/nios2-elf/lib/mno-hw-mul\libc.a(lib_a-atexit.o)
 .comment       0x0000000000000023       0x24 c:/intelfpga_lite/18.1/nios2eds/bin/gnu/h-x86_64-mingw32/bin/../lib/gcc/nios2-elf/5.3.0/../../../../../H-x86_64-mingw32/nios2-elf/lib/mno-hw-mul\libc.a(lib_a-exit.o)
 .comment       0x0000000000000023       0x24 c:/intelfpga_lite/18.1/nios2eds/bin/gnu/h-x86_64-mingw32/bin/../lib/gcc/nios2-elf/5.3.0/../../../../../H-x86_64-mingw32/nios2-elf/lib/mno-hw-mul\libc.a(lib_a-impure.o)
 .comment       0x0000000000000023       0x24 c:/intelfpga_lite/18.1/nios2eds/bin/gnu/h-x86_64-mingw32/bin/../lib/gcc/nios2-elf/5.3.0/../../../../../H-x86_64-mingw32/nios2-elf/lib/mno-hw-mul\libc.a(lib_a-int_errno.o)
 .comment       0x0000000000000023       0x24 c:/intelfpga_lite/18.1/nios2eds/bin/gnu/h-x86_64-mingw32/bin/../lib/gcc/nios2-elf/5.3.0/../../../../../H-x86_64-mingw32/nios2-elf/lib/mno-hw-mul\libc.a(lib_a-memcpy.o)
 .comment       0x0000000000000023       0x24 c:/intelfpga_lite/18.1/nios2eds/bin/gnu/h-x86_64-mingw32/bin/../lib/gcc/nios2-elf/5.3.0/../../../../../H-x86_64-mingw32/nios2-elf/lib/mno-hw-mul\libc.a(lib_a-__atexit.o)
 .comment       0x0000000000000023       0x24 c:/intelfpga_lite/18.1/nios2eds/bin/gnu/h-x86_64-mingw32/bin/../lib/gcc/nios2-elf/5.3.0/../../../../../H-x86_64-mingw32/nios2-elf/lib/mno-hw-mul\libc.a(lib_a-__call_atexit.o)
 .comment       0x0000000000000023       0x24 c:/intelfpga_lite/18.1/nios2eds/bin/gnu/h-x86_64-mingw32/bin/../lib/gcc/nios2-elf/5.3.0/mno-hw-mul\libgcc.a(lib2-mul.o)
 .comment       0x0000000000000023       0x24 ../ethernet_bsp/\libhal_bsp.a(alt_exit.o)

.debug
 *(.debug)

.line
 *(.line)

.debug_srcinfo
 *(.debug_srcinfo)

.debug_sfnames
 *(.debug_sfnames)

.debug_aranges  0x0000000000000000      0x4d8
 *(.debug_aranges)
 .debug_aranges
                0x0000000000000000       0x28 ../ethernet_bsp//obj/HAL/src/crt0.o
 .debug_aranges
                0x0000000000000028       0x20 obj/default/main.o
 .debug_aranges
                0x0000000000000048       0x20 ../ethernet_bsp/\libhal_bsp.a(alt_load.o)
 .debug_aranges
                0x0000000000000068       0x20 ../ethernet_bsp/\libhal_bsp.a(alt_main.o)
 .debug_aranges
                0x0000000000000088       0x20 ../ethernet_bsp/\libhal_bsp.a(alt_sys_init.o)
 .debug_aranges
                0x00000000000000a8       0x20 ../ethernet_bsp/\libhal_bsp.a(altera_avalon_jtag_uart_fd.o)
 .debug_aranges
                0x00000000000000c8       0x20 ../ethernet_bsp/\libhal_bsp.a(altera_avalon_jtag_uart_init.o)
 .debug_aranges
                0x00000000000000e8       0x20 ../ethernet_bsp/\libhal_bsp.a(altera_avalon_jtag_uart_ioctl.o)
 .debug_aranges
                0x0000000000000108       0x20 ../ethernet_bsp/\libhal_bsp.a(altera_avalon_jtag_uart_read.o)
 .debug_aranges
                0x0000000000000128       0x20 ../ethernet_bsp/\libhal_bsp.a(altera_avalon_jtag_uart_write.o)
 .debug_aranges
                0x0000000000000148       0x20 ../ethernet_bsp/\libhal_bsp.a(alt_alarm_start.o)
 .debug_aranges
                0x0000000000000168       0x20 ../ethernet_bsp/\libhal_bsp.a(alt_close.o)
 .debug_aranges
                0x0000000000000188       0x20 ../ethernet_bsp/\libhal_bsp.a(alt_dcache_flush_all.o)
 .debug_aranges
                0x00000000000001a8       0x20 ../ethernet_bsp/\libhal_bsp.a(alt_dev.o)
 .debug_aranges
                0x00000000000001c8       0x20 ../ethernet_bsp/\libhal_bsp.a(alt_dev_llist_insert.o)
 .debug_aranges
                0x00000000000001e8       0x20 ../ethernet_bsp/\libhal_bsp.a(alt_do_ctors.o)
 .debug_aranges
                0x0000000000000208       0x20 ../ethernet_bsp/\libhal_bsp.a(alt_do_dtors.o)
 .debug_aranges
                0x0000000000000228       0x18 ../ethernet_bsp/\libhal_bsp.a(alt_errno.o)
 .debug_aranges
                0x0000000000000240       0x20 ../ethernet_bsp/\libhal_bsp.a(alt_icache_flush_all.o)
 .debug_aranges
                0x0000000000000260       0x20 ../ethernet_bsp/\libhal_bsp.a(alt_iic.o)
 .debug_aranges
                0x0000000000000280       0x20 ../ethernet_bsp/\libhal_bsp.a(alt_iic_isr_register.o)
 .debug_aranges
                0x00000000000002a0       0x30 ../ethernet_bsp/\libhal_bsp.a(alt_irq_entry.o)
 .debug_aranges
                0x00000000000002d0       0x20 ../ethernet_bsp/\libhal_bsp.a(alt_irq_handler.o)
 .debug_aranges
                0x00000000000002f0       0x18 ../ethernet_bsp/\libhal_bsp.a(alt_irq_vars.o)
 .debug_aranges
                0x0000000000000308       0x20 ../ethernet_bsp/\libhal_bsp.a(alt_release_fd.o)
 .debug_aranges
                0x0000000000000328       0x20 ../ethernet_bsp/\libhal_bsp.a(alt_tick.o)
 .debug_aranges
                0x0000000000000348       0x20 ../ethernet_bsp/\libhal_bsp.a(altera_nios2_gen2_irq.o)
 .debug_aranges
                0x0000000000000368       0x38 ../ethernet_bsp/\libhal_bsp.a(alt_exception_entry.o)
 .debug_aranges
                0x00000000000003a0       0x28 ../ethernet_bsp/\libhal_bsp.a(alt_instruction_exception_entry.o)
 .debug_aranges
                0x00000000000003c8       0x20 c:/intelfpga_lite/18.1/nios2eds/bin/gnu/h-x86_64-mingw32/bin/../lib/gcc/nios2-elf/5.3.0/../../../../../H-x86_64-mingw32/nios2-elf/lib/mno-hw-mul\libc.a(lib_a-atexit.o)
 .debug_aranges
                0x00000000000003e8       0x20 c:/intelfpga_lite/18.1/nios2eds/bin/gnu/h-x86_64-mingw32/bin/../lib/gcc/nios2-elf/5.3.0/../../../../../H-x86_64-mingw32/nios2-elf/lib/mno-hw-mul\libc.a(lib_a-exit.o)
 .debug_aranges
                0x0000000000000408       0x18 c:/intelfpga_lite/18.1/nios2eds/bin/gnu/h-x86_64-mingw32/bin/../lib/gcc/nios2-elf/5.3.0/../../../../../H-x86_64-mingw32/nios2-elf/lib/mno-hw-mul\libc.a(lib_a-impure.o)
 .debug_aranges
                0x0000000000000420       0x18 c:/intelfpga_lite/18.1/nios2eds/bin/gnu/h-x86_64-mingw32/bin/../lib/gcc/nios2-elf/5.3.0/../../../../../H-x86_64-mingw32/nios2-elf/lib/mno-hw-mul\libc.a(lib_a-int_errno.o)
 .debug_aranges
                0x0000000000000438       0x20 c:/intelfpga_lite/18.1/nios2eds/bin/gnu/h-x86_64-mingw32/bin/../lib/gcc/nios2-elf/5.3.0/../../../../../H-x86_64-mingw32/nios2-elf/lib/mno-hw-mul\libc.a(lib_a-memcpy.o)
 .debug_aranges
                0x0000000000000458       0x20 c:/intelfpga_lite/18.1/nios2eds/bin/gnu/h-x86_64-mingw32/bin/../lib/gcc/nios2-elf/5.3.0/../../../../../H-x86_64-mingw32/nios2-elf/lib/mno-hw-mul\libc.a(lib_a-__atexit.o)
 .debug_aranges
                0x0000000000000478       0x20 c:/intelfpga_lite/18.1/nios2eds/bin/gnu/h-x86_64-mingw32/bin/../lib/gcc/nios2-elf/5.3.0/../../../../../H-x86_64-mingw32/nios2-elf/lib/mno-hw-mul\libc.a(lib_a-__call_atexit.o)
 .debug_aranges
                0x0000000000000498       0x20 c:/intelfpga_lite/18.1/nios2eds/bin/gnu/h-x86_64-mingw32/bin/../lib/gcc/nios2-elf/5.3.0/mno-hw-mul\libgcc.a(lib2-mul.o)
 .debug_aranges
                0x00000000000004b8       0x20 ../ethernet_bsp/\libhal_bsp.a(alt_exit.o)

.debug_pubnames
 *(.debug_pubnames)

.debug_info     0x0000000000000000     0x61a7
 *(.debug_info .gnu.linkonce.wi.*)
 .debug_info    0x0000000000000000       0x7c ../ethernet_bsp//obj/HAL/src/crt0.o
 .debug_info    0x000000000000007c       0x73 obj/default/main.o
 .debug_info    0x00000000000000ef      0x145 ../ethernet_bsp/\libhal_bsp.a(alt_load.o)
 .debug_info    0x0000000000000234      0x131 ../ethernet_bsp/\libhal_bsp.a(alt_main.o)
 .debug_info    0x0000000000000365      0x4c3 ../ethernet_bsp/\libhal_bsp.a(alt_sys_init.o)
 .debug_info    0x0000000000000828      0x52e ../ethernet_bsp/\libhal_bsp.a(altera_avalon_jtag_uart_fd.o)
 .debug_info    0x0000000000000d56      0x3a0 ../ethernet_bsp/\libhal_bsp.a(altera_avalon_jtag_uart_init.o)
 .debug_info    0x00000000000010f6      0x280 ../ethernet_bsp/\libhal_bsp.a(altera_avalon_jtag_uart_ioctl.o)
 .debug_info    0x0000000000001376      0x345 ../ethernet_bsp/\libhal_bsp.a(altera_avalon_jtag_uart_read.o)
 .debug_info    0x00000000000016bb      0x340 ../ethernet_bsp/\libhal_bsp.a(altera_avalon_jtag_uart_write.o)
 .debug_info    0x00000000000019fb      0x2cc ../ethernet_bsp/\libhal_bsp.a(alt_alarm_start.o)
 .debug_info    0x0000000000001cc7      0x321 ../ethernet_bsp/\libhal_bsp.a(alt_close.o)
 .debug_info    0x0000000000001fe8       0x92 ../ethernet_bsp/\libhal_bsp.a(alt_dcache_flush_all.o)
 .debug_info    0x000000000000207a      0x49c ../ethernet_bsp/\libhal_bsp.a(alt_dev.o)
 .debug_info    0x0000000000002516      0x1a9 ../ethernet_bsp/\libhal_bsp.a(alt_dev_llist_insert.o)
 .debug_info    0x00000000000026bf       0x83 ../ethernet_bsp/\libhal_bsp.a(alt_do_ctors.o)
 .debug_info    0x0000000000002742       0x83 ../ethernet_bsp/\libhal_bsp.a(alt_do_dtors.o)
 .debug_info    0x00000000000027c5       0xa6 ../ethernet_bsp/\libhal_bsp.a(alt_errno.o)
 .debug_info    0x000000000000286b       0x92 ../ethernet_bsp/\libhal_bsp.a(alt_icache_flush_all.o)
 .debug_info    0x00000000000028fd      0x350 ../ethernet_bsp/\libhal_bsp.a(alt_iic.o)
 .debug_info    0x0000000000002c4d      0x1ef ../ethernet_bsp/\libhal_bsp.a(alt_iic_isr_register.o)
 .debug_info    0x0000000000002e3c       0x85 ../ethernet_bsp/\libhal_bsp.a(alt_irq_entry.o)
 .debug_info    0x0000000000002ec1      0x187 ../ethernet_bsp/\libhal_bsp.a(alt_irq_handler.o)
 .debug_info    0x0000000000003048       0x88 ../ethernet_bsp/\libhal_bsp.a(alt_irq_vars.o)
 .debug_info    0x00000000000030d0      0x2b0 ../ethernet_bsp/\libhal_bsp.a(alt_release_fd.o)
 .debug_info    0x0000000000003380      0x299 ../ethernet_bsp/\libhal_bsp.a(alt_tick.o)
 .debug_info    0x0000000000003619       0x92 ../ethernet_bsp/\libhal_bsp.a(altera_nios2_gen2_irq.o)
 .debug_info    0x00000000000036ab       0x8b ../ethernet_bsp/\libhal_bsp.a(alt_exception_entry.o)
 .debug_info    0x0000000000003736      0x1e7 ../ethernet_bsp/\libhal_bsp.a(alt_instruction_exception_entry.o)
 .debug_info    0x000000000000391d       0xfe c:/intelfpga_lite/18.1/nios2eds/bin/gnu/h-x86_64-mingw32/bin/../lib/gcc/nios2-elf/5.3.0/../../../../../H-x86_64-mingw32/nios2-elf/lib/mno-hw-mul\libc.a(lib_a-atexit.o)
 .debug_info    0x0000000000003a1b      0x8e4 c:/intelfpga_lite/18.1/nios2eds/bin/gnu/h-x86_64-mingw32/bin/../lib/gcc/nios2-elf/5.3.0/../../../../../H-x86_64-mingw32/nios2-elf/lib/mno-hw-mul\libc.a(lib_a-exit.o)
 .debug_info    0x00000000000042ff      0x8a1 c:/intelfpga_lite/18.1/nios2eds/bin/gnu/h-x86_64-mingw32/bin/../lib/gcc/nios2-elf/5.3.0/../../../../../H-x86_64-mingw32/nios2-elf/lib/mno-hw-mul\libc.a(lib_a-impure.o)
 .debug_info    0x0000000000004ba0       0x8a c:/intelfpga_lite/18.1/nios2eds/bin/gnu/h-x86_64-mingw32/bin/../lib/gcc/nios2-elf/5.3.0/../../../../../H-x86_64-mingw32/nios2-elf/lib/mno-hw-mul\libc.a(lib_a-int_errno.o)
 .debug_info    0x0000000000004c2a      0x144 c:/intelfpga_lite/18.1/nios2eds/bin/gnu/h-x86_64-mingw32/bin/../lib/gcc/nios2-elf/5.3.0/../../../../../H-x86_64-mingw32/nios2-elf/lib/mno-hw-mul\libc.a(lib_a-memcpy.o)
 .debug_info    0x0000000000004d6e      0x934 c:/intelfpga_lite/18.1/nios2eds/bin/gnu/h-x86_64-mingw32/bin/../lib/gcc/nios2-elf/5.3.0/../../../../../H-x86_64-mingw32/nios2-elf/lib/mno-hw-mul\libc.a(lib_a-__atexit.o)
 .debug_info    0x00000000000056a2      0x965 c:/intelfpga_lite/18.1/nios2eds/bin/gnu/h-x86_64-mingw32/bin/../lib/gcc/nios2-elf/5.3.0/../../../../../H-x86_64-mingw32/nios2-elf/lib/mno-hw-mul\libc.a(lib_a-__call_atexit.o)
 .debug_info    0x0000000000006007       0xb4 c:/intelfpga_lite/18.1/nios2eds/bin/gnu/h-x86_64-mingw32/bin/../lib/gcc/nios2-elf/5.3.0/mno-hw-mul\libgcc.a(lib2-mul.o)
 .debug_info    0x00000000000060bb       0xec ../ethernet_bsp/\libhal_bsp.a(alt_exit.o)

.debug_abbrev   0x0000000000000000     0x22ce
 *(.debug_abbrev)
 .debug_abbrev  0x0000000000000000       0x12 ../ethernet_bsp//obj/HAL/src/crt0.o
 .debug_abbrev  0x0000000000000012       0x72 obj/default/main.o
 .debug_abbrev  0x0000000000000084       0x9f ../ethernet_bsp/\libhal_bsp.a(alt_load.o)
 .debug_abbrev  0x0000000000000123       0xba ../ethernet_bsp/\libhal_bsp.a(alt_main.o)
 .debug_abbrev  0x00000000000001dd      0x187 ../ethernet_bsp/\libhal_bsp.a(alt_sys_init.o)
 .debug_abbrev  0x0000000000000364      0x127 ../ethernet_bsp/\libhal_bsp.a(altera_avalon_jtag_uart_fd.o)
 .debug_abbrev  0x000000000000048b      0x19e ../ethernet_bsp/\libhal_bsp.a(altera_avalon_jtag_uart_init.o)
 .debug_abbrev  0x0000000000000629      0x111 ../ethernet_bsp/\libhal_bsp.a(altera_avalon_jtag_uart_ioctl.o)
 .debug_abbrev  0x000000000000073a      0x1aa ../ethernet_bsp/\libhal_bsp.a(altera_avalon_jtag_uart_read.o)
 .debug_abbrev  0x00000000000008e4      0x1a8 ../ethernet_bsp/\libhal_bsp.a(altera_avalon_jtag_uart_write.o)
 .debug_abbrev  0x0000000000000a8c      0x162 ../ethernet_bsp/\libhal_bsp.a(alt_alarm_start.o)
 .debug_abbrev  0x0000000000000bee      0x11f ../ethernet_bsp/\libhal_bsp.a(alt_close.o)
 .debug_abbrev  0x0000000000000d0d       0x42 ../ethernet_bsp/\libhal_bsp.a(alt_dcache_flush_all.o)
 .debug_abbrev  0x0000000000000d4f       0xd9 ../ethernet_bsp/\libhal_bsp.a(alt_dev.o)
 .debug_abbrev  0x0000000000000e28      0x114 ../ethernet_bsp/\libhal_bsp.a(alt_dev_llist_insert.o)
 .debug_abbrev  0x0000000000000f3c       0x79 ../ethernet_bsp/\libhal_bsp.a(alt_do_ctors.o)
 .debug_abbrev  0x0000000000000fb5       0x79 ../ethernet_bsp/\libhal_bsp.a(alt_do_dtors.o)
 .debug_abbrev  0x000000000000102e       0x5a ../ethernet_bsp/\libhal_bsp.a(alt_errno.o)
 .debug_abbrev  0x0000000000001088       0x42 ../ethernet_bsp/\libhal_bsp.a(alt_icache_flush_all.o)
 .debug_abbrev  0x00000000000010ca      0x163 ../ethernet_bsp/\libhal_bsp.a(alt_iic.o)
 .debug_abbrev  0x000000000000122d      0x169 ../ethernet_bsp/\libhal_bsp.a(alt_iic_isr_register.o)
 .debug_abbrev  0x0000000000001396       0x12 ../ethernet_bsp/\libhal_bsp.a(alt_irq_entry.o)
 .debug_abbrev  0x00000000000013a8      0x122 ../ethernet_bsp/\libhal_bsp.a(alt_irq_handler.o)
 .debug_abbrev  0x00000000000014ca       0x40 ../ethernet_bsp/\libhal_bsp.a(alt_irq_vars.o)
 .debug_abbrev  0x000000000000150a       0xde ../ethernet_bsp/\libhal_bsp.a(alt_release_fd.o)
 .debug_abbrev  0x00000000000015e8      0x15a ../ethernet_bsp/\libhal_bsp.a(alt_tick.o)
 .debug_abbrev  0x0000000000001742       0x42 ../ethernet_bsp/\libhal_bsp.a(altera_nios2_gen2_irq.o)
 .debug_abbrev  0x0000000000001784       0x12 ../ethernet_bsp/\libhal_bsp.a(alt_exception_entry.o)
 .debug_abbrev  0x0000000000001796       0xdc ../ethernet_bsp/\libhal_bsp.a(alt_instruction_exception_entry.o)
 .debug_abbrev  0x0000000000001872       0xaa c:/intelfpga_lite/18.1/nios2eds/bin/gnu/h-x86_64-mingw32/bin/../lib/gcc/nios2-elf/5.3.0/../../../../../H-x86_64-mingw32/nios2-elf/lib/mno-hw-mul\libc.a(lib_a-atexit.o)
 .debug_abbrev  0x000000000000191c      0x1e5 c:/intelfpga_lite/18.1/nios2eds/bin/gnu/h-x86_64-mingw32/bin/../lib/gcc/nios2-elf/5.3.0/../../../../../H-x86_64-mingw32/nios2-elf/lib/mno-hw-mul\libc.a(lib_a-exit.o)
 .debug_abbrev  0x0000000000001b01      0x18f c:/intelfpga_lite/18.1/nios2eds/bin/gnu/h-x86_64-mingw32/bin/../lib/gcc/nios2-elf/5.3.0/../../../../../H-x86_64-mingw32/nios2-elf/lib/mno-hw-mul\libc.a(lib_a-impure.o)
 .debug_abbrev  0x0000000000001c90       0x37 c:/intelfpga_lite/18.1/nios2eds/bin/gnu/h-x86_64-mingw32/bin/../lib/gcc/nios2-elf/5.3.0/../../../../../H-x86_64-mingw32/nios2-elf/lib/mno-hw-mul\libc.a(lib_a-int_errno.o)
 .debug_abbrev  0x0000000000001cc7       0xa3 c:/intelfpga_lite/18.1/nios2eds/bin/gnu/h-x86_64-mingw32/bin/../lib/gcc/nios2-elf/5.3.0/../../../../../H-x86_64-mingw32/nios2-elf/lib/mno-hw-mul\libc.a(lib_a-memcpy.o)
 .debug_abbrev  0x0000000000001d6a      0x21e c:/intelfpga_lite/18.1/nios2eds/bin/gnu/h-x86_64-mingw32/bin/../lib/gcc/nios2-elf/5.3.0/../../../../../H-x86_64-mingw32/nios2-elf/lib/mno-hw-mul\libc.a(lib_a-__atexit.o)
 .debug_abbrev  0x0000000000001f88      0x22e c:/intelfpga_lite/18.1/nios2eds/bin/gnu/h-x86_64-mingw32/bin/../lib/gcc/nios2-elf/5.3.0/../../../../../H-x86_64-mingw32/nios2-elf/lib/mno-hw-mul\libc.a(lib_a-__call_atexit.o)
 .debug_abbrev  0x00000000000021b6       0x6f c:/intelfpga_lite/18.1/nios2eds/bin/gnu/h-x86_64-mingw32/bin/../lib/gcc/nios2-elf/5.3.0/mno-hw-mul\libgcc.a(lib2-mul.o)
 .debug_abbrev  0x0000000000002225       0xa9 ../ethernet_bsp/\libhal_bsp.a(alt_exit.o)

.debug_line     0x0000000000000000     0x21c4
 *(.debug_line)
 .debug_line    0x0000000000000000       0x66 ../ethernet_bsp//obj/HAL/src/crt0.o
 .debug_line    0x0000000000000066       0x56 obj/default/main.o
 .debug_line    0x00000000000000bc       0x8e ../ethernet_bsp/\libhal_bsp.a(alt_load.o)
 .debug_line    0x000000000000014a       0xa0 ../ethernet_bsp/\libhal_bsp.a(alt_main.o)
 .debug_line    0x00000000000001ea      0x137 ../ethernet_bsp/\libhal_bsp.a(alt_sys_init.o)
 .debug_line    0x0000000000000321      0x12f ../ethernet_bsp/\libhal_bsp.a(altera_avalon_jtag_uart_fd.o)
 .debug_line    0x0000000000000450      0x18b ../ethernet_bsp/\libhal_bsp.a(altera_avalon_jtag_uart_init.o)
 .debug_line    0x00000000000005db      0x131 ../ethernet_bsp/\libhal_bsp.a(altera_avalon_jtag_uart_ioctl.o)
 .debug_line    0x000000000000070c      0x171 ../ethernet_bsp/\libhal_bsp.a(altera_avalon_jtag_uart_read.o)
 .debug_line    0x000000000000087d      0x170 ../ethernet_bsp/\libhal_bsp.a(altera_avalon_jtag_uart_write.o)
 .debug_line    0x00000000000009ed       0xf9 ../ethernet_bsp/\libhal_bsp.a(alt_alarm_start.o)
 .debug_line    0x0000000000000ae6      0x165 ../ethernet_bsp/\libhal_bsp.a(alt_close.o)
 .debug_line    0x0000000000000c4b       0x51 ../ethernet_bsp/\libhal_bsp.a(alt_dcache_flush_all.o)
 .debug_line    0x0000000000000c9c       0xf8 ../ethernet_bsp/\libhal_bsp.a(alt_dev.o)
 .debug_line    0x0000000000000d94       0xcf ../ethernet_bsp/\libhal_bsp.a(alt_dev_llist_insert.o)
 .debug_line    0x0000000000000e63       0x59 ../ethernet_bsp/\libhal_bsp.a(alt_do_ctors.o)
 .debug_line    0x0000000000000ebc       0x59 ../ethernet_bsp/\libhal_bsp.a(alt_do_dtors.o)
 .debug_line    0x0000000000000f15       0x51 ../ethernet_bsp/\libhal_bsp.a(alt_errno.o)
 .debug_line    0x0000000000000f66       0x4f ../ethernet_bsp/\libhal_bsp.a(alt_icache_flush_all.o)
 .debug_line    0x0000000000000fb5       0xeb ../ethernet_bsp/\libhal_bsp.a(alt_iic.o)
 .debug_line    0x00000000000010a0       0xdb ../ethernet_bsp/\libhal_bsp.a(alt_iic_isr_register.o)
 .debug_line    0x000000000000117b       0x6b ../ethernet_bsp/\libhal_bsp.a(alt_irq_entry.o)
 .debug_line    0x00000000000011e6       0xaa ../ethernet_bsp/\libhal_bsp.a(alt_irq_handler.o)
 .debug_line    0x0000000000001290       0x50 ../ethernet_bsp/\libhal_bsp.a(alt_irq_vars.o)
 .debug_line    0x00000000000012e0       0xb0 ../ethernet_bsp/\libhal_bsp.a(alt_release_fd.o)
 .debug_line    0x0000000000001390       0xff ../ethernet_bsp/\libhal_bsp.a(alt_tick.o)
 .debug_line    0x000000000000148f       0x51 ../ethernet_bsp/\libhal_bsp.a(altera_nios2_gen2_irq.o)
 .debug_line    0x00000000000014e0       0xb3 ../ethernet_bsp/\libhal_bsp.a(alt_exception_entry.o)
 .debug_line    0x0000000000001593       0xb9 ../ethernet_bsp/\libhal_bsp.a(alt_instruction_exception_entry.o)
 .debug_line    0x000000000000164c       0xe7 c:/intelfpga_lite/18.1/nios2eds/bin/gnu/h-x86_64-mingw32/bin/../lib/gcc/nios2-elf/5.3.0/../../../../../H-x86_64-mingw32/nios2-elf/lib/mno-hw-mul\libc.a(lib_a-atexit.o)
 .debug_line    0x0000000000001733      0x1fc c:/intelfpga_lite/18.1/nios2eds/bin/gnu/h-x86_64-mingw32/bin/../lib/gcc/nios2-elf/5.3.0/../../../../../H-x86_64-mingw32/nios2-elf/lib/mno-hw-mul\libc.a(lib_a-exit.o)
 .debug_line    0x000000000000192f      0x160 c:/intelfpga_lite/18.1/nios2eds/bin/gnu/h-x86_64-mingw32/bin/../lib/gcc/nios2-elf/5.3.0/../../../../../H-x86_64-mingw32/nios2-elf/lib/mno-hw-mul\libc.a(lib_a-impure.o)
 .debug_line    0x0000000000001a8f       0x5f c:/intelfpga_lite/18.1/nios2eds/bin/gnu/h-x86_64-mingw32/bin/../lib/gcc/nios2-elf/5.3.0/../../../../../H-x86_64-mingw32/nios2-elf/lib/mno-hw-mul\libc.a(lib_a-int_errno.o)
 .debug_line    0x0000000000001aee      0x18c c:/intelfpga_lite/18.1/nios2eds/bin/gnu/h-x86_64-mingw32/bin/../lib/gcc/nios2-elf/5.3.0/../../../../../H-x86_64-mingw32/nios2-elf/lib/mno-hw-mul\libc.a(lib_a-memcpy.o)
 .debug_line    0x0000000000001c7a      0x21f c:/intelfpga_lite/18.1/nios2eds/bin/gnu/h-x86_64-mingw32/bin/../lib/gcc/nios2-elf/5.3.0/../../../../../H-x86_64-mingw32/nios2-elf/lib/mno-hw-mul\libc.a(lib_a-__atexit.o)
 .debug_line    0x0000000000001e99      0x23a c:/intelfpga_lite/18.1/nios2eds/bin/gnu/h-x86_64-mingw32/bin/../lib/gcc/nios2-elf/5.3.0/../../../../../H-x86_64-mingw32/nios2-elf/lib/mno-hw-mul\libc.a(lib_a-__call_atexit.o)
 .debug_line    0x00000000000020d3       0x80 c:/intelfpga_lite/18.1/nios2eds/bin/gnu/h-x86_64-mingw32/bin/../lib/gcc/nios2-elf/5.3.0/mno-hw-mul\libgcc.a(lib2-mul.o)
 .debug_line    0x0000000000002153       0x71 ../ethernet_bsp/\libhal_bsp.a(alt_exit.o)

.debug_frame    0x0000000000000000      0x8c8
 *(.debug_frame)
 .debug_frame   0x0000000000000000       0x2c obj/default/main.o
 .debug_frame   0x000000000000002c       0x5c ../ethernet_bsp/\libhal_bsp.a(alt_load.o)
 .debug_frame   0x0000000000000088       0x2c ../ethernet_bsp/\libhal_bsp.a(alt_main.o)
 .debug_frame   0x00000000000000b4       0x88 ../ethernet_bsp/\libhal_bsp.a(alt_sys_init.o)
 .debug_frame   0x000000000000013c       0xb0 ../ethernet_bsp/\libhal_bsp.a(altera_avalon_jtag_uart_fd.o)
 .debug_frame   0x00000000000001ec       0xa4 ../ethernet_bsp/\libhal_bsp.a(altera_avalon_jtag_uart_init.o)
 .debug_frame   0x0000000000000290       0x34 ../ethernet_bsp/\libhal_bsp.a(altera_avalon_jtag_uart_ioctl.o)
 .debug_frame   0x00000000000002c4       0x38 ../ethernet_bsp/\libhal_bsp.a(altera_avalon_jtag_uart_read.o)
 .debug_frame   0x00000000000002fc       0x38 ../ethernet_bsp/\libhal_bsp.a(altera_avalon_jtag_uart_write.o)
 .debug_frame   0x0000000000000334       0x34 ../ethernet_bsp/\libhal_bsp.a(alt_alarm_start.o)
 .debug_frame   0x0000000000000368       0x60 ../ethernet_bsp/\libhal_bsp.a(alt_close.o)
 .debug_frame   0x00000000000003c8       0x34 ../ethernet_bsp/\libhal_bsp.a(alt_dcache_flush_all.o)
 .debug_frame   0x00000000000003fc       0x34 ../ethernet_bsp/\libhal_bsp.a(alt_dev.o)
 .debug_frame   0x0000000000000430       0x60 ../ethernet_bsp/\libhal_bsp.a(alt_dev_llist_insert.o)
 .debug_frame   0x0000000000000490       0x38 ../ethernet_bsp/\libhal_bsp.a(alt_do_ctors.o)
 .debug_frame   0x00000000000004c8       0x38 ../ethernet_bsp/\libhal_bsp.a(alt_do_dtors.o)
 .debug_frame   0x0000000000000500       0x34 ../ethernet_bsp/\libhal_bsp.a(alt_icache_flush_all.o)
 .debug_frame   0x0000000000000534       0xa4 ../ethernet_bsp/\libhal_bsp.a(alt_iic.o)
 .debug_frame   0x00000000000005d8       0x38 ../ethernet_bsp/\libhal_bsp.a(alt_iic_isr_register.o)
 .debug_frame   0x0000000000000610       0x38 ../ethernet_bsp/\libhal_bsp.a(alt_irq_handler.o)
 .debug_frame   0x0000000000000648       0x3c ../ethernet_bsp/\libhal_bsp.a(alt_release_fd.o)
 .debug_frame   0x0000000000000684       0x5c ../ethernet_bsp/\libhal_bsp.a(alt_tick.o)
 .debug_frame   0x00000000000006e0       0x34 ../ethernet_bsp/\libhal_bsp.a(altera_nios2_gen2_irq.o)
 .debug_frame   0x0000000000000714       0x5c ../ethernet_bsp/\libhal_bsp.a(alt_instruction_exception_entry.o)
 .debug_frame   0x0000000000000770       0x20 c:/intelfpga_lite/18.1/nios2eds/bin/gnu/h-x86_64-mingw32/bin/../lib/gcc/nios2-elf/5.3.0/../../../../../H-x86_64-mingw32/nios2-elf/lib/mno-hw-mul\libc.a(lib_a-atexit.o)
 .debug_frame   0x0000000000000790       0x28 c:/intelfpga_lite/18.1/nios2eds/bin/gnu/h-x86_64-mingw32/bin/../lib/gcc/nios2-elf/5.3.0/../../../../../H-x86_64-mingw32/nios2-elf/lib/mno-hw-mul\libc.a(lib_a-exit.o)
 .debug_frame   0x00000000000007b8       0x38 c:/intelfpga_lite/18.1/nios2eds/bin/gnu/h-x86_64-mingw32/bin/../lib/gcc/nios2-elf/5.3.0/../../../../../H-x86_64-mingw32/nios2-elf/lib/mno-hw-mul\libc.a(lib_a-memcpy.o)
 .debug_frame   0x00000000000007f0       0x38 c:/intelfpga_lite/18.1/nios2eds/bin/gnu/h-x86_64-mingw32/bin/../lib/gcc/nios2-elf/5.3.0/../../../../../H-x86_64-mingw32/nios2-elf/lib/mno-hw-mul\libc.a(lib_a-__atexit.o)
 .debug_frame   0x0000000000000828       0x54 c:/intelfpga_lite/18.1/nios2eds/bin/gnu/h-x86_64-mingw32/bin/../lib/gcc/nios2-elf/5.3.0/../../../../../H-x86_64-mingw32/nios2-elf/lib/mno-hw-mul\libc.a(lib_a-__call_atexit.o)
 .debug_frame   0x000000000000087c       0x20 c:/intelfpga_lite/18.1/nios2eds/bin/gnu/h-x86_64-mingw32/bin/../lib/gcc/nios2-elf/5.3.0/mno-hw-mul\libgcc.a(lib2-mul.o)
 .debug_frame   0x000000000000089c       0x2c ../ethernet_bsp/\libhal_bsp.a(alt_exit.o)

.debug_str      0x0000000000000000     0x19e5
 *(.debug_str)
 .debug_str     0x0000000000000000       0x95 obj/default/main.o
                                         0xae (size before relaxing)
 .debug_str     0x0000000000000095      0x19e ../ethernet_bsp/\libhal_bsp.a(alt_load.o)
                                        0x220 (size before relaxing)
 .debug_str     0x0000000000000233       0x70 ../ethernet_bsp/\libhal_bsp.a(alt_main.o)
                                        0x1ab (size before relaxing)
 .debug_str     0x00000000000002a3      0x1a2 ../ethernet_bsp/\libhal_bsp.a(alt_sys_init.o)
                                        0x366 (size before relaxing)
 .debug_str     0x0000000000000445       0xb9 ../ethernet_bsp/\libhal_bsp.a(altera_avalon_jtag_uart_fd.o)
                                        0x3b2 (size before relaxing)
 .debug_str     0x00000000000004fe       0xd1 ../ethernet_bsp/\libhal_bsp.a(altera_avalon_jtag_uart_init.o)
                                        0x346 (size before relaxing)
 .debug_str     0x00000000000005cf       0x4a ../ethernet_bsp/\libhal_bsp.a(altera_avalon_jtag_uart_ioctl.o)
                                        0x2a1 (size before relaxing)
 .debug_str     0x0000000000000619       0x7f ../ethernet_bsp/\libhal_bsp.a(altera_avalon_jtag_uart_read.o)
                                        0x2f6 (size before relaxing)
 .debug_str     0x0000000000000698       0x4a ../ethernet_bsp/\libhal_bsp.a(altera_avalon_jtag_uart_write.o)
                                        0x2f7 (size before relaxing)
 .debug_str     0x00000000000006e2       0x59 ../ethernet_bsp/\libhal_bsp.a(alt_alarm_start.o)
                                        0x28c (size before relaxing)
 .debug_str     0x000000000000073b       0x44 ../ethernet_bsp/\libhal_bsp.a(alt_close.o)
                                        0x219 (size before relaxing)
 .debug_str     0x000000000000077f       0x34 ../ethernet_bsp/\libhal_bsp.a(alt_dcache_flush_all.o)
                                        0x163 (size before relaxing)
 .debug_str     0x00000000000007b3      0x120 ../ethernet_bsp/\libhal_bsp.a(alt_dev.o)
                                        0x313 (size before relaxing)
 .debug_str     0x00000000000008d3       0x34 ../ethernet_bsp/\libhal_bsp.a(alt_dev_llist_insert.o)
                                        0x1da (size before relaxing)
 .debug_str     0x0000000000000907       0x48 ../ethernet_bsp/\libhal_bsp.a(alt_do_ctors.o)
                                         0xde (size before relaxing)
 .debug_str     0x000000000000094f       0x4c ../ethernet_bsp/\libhal_bsp.a(alt_do_dtors.o)
                                         0xdd (size before relaxing)
 .debug_str     0x000000000000099b       0x14 ../ethernet_bsp/\libhal_bsp.a(alt_errno.o)
                                        0x153 (size before relaxing)
 .debug_str     0x00000000000009af       0x34 ../ethernet_bsp/\libhal_bsp.a(alt_icache_flush_all.o)
                                        0x163 (size before relaxing)
 .debug_str     0x00000000000009e3       0xc4 ../ethernet_bsp/\libhal_bsp.a(alt_iic.o)
                                        0x24c (size before relaxing)
 .debug_str     0x0000000000000aa7       0x4c ../ethernet_bsp/\libhal_bsp.a(alt_iic_isr_register.o)
                                        0x1f6 (size before relaxing)
 .debug_str     0x0000000000000af3       0x3a ../ethernet_bsp/\libhal_bsp.a(alt_irq_handler.o)
                                        0x1a5 (size before relaxing)
 .debug_str     0x0000000000000b2d       0x17 ../ethernet_bsp/\libhal_bsp.a(alt_irq_vars.o)
                                        0x148 (size before relaxing)
 .debug_str     0x0000000000000b44       0x28 ../ethernet_bsp/\libhal_bsp.a(alt_release_fd.o)
                                        0x1e1 (size before relaxing)
 .debug_str     0x0000000000000b6c       0x4a ../ethernet_bsp/\libhal_bsp.a(alt_tick.o)
                                        0x260 (size before relaxing)
 .debug_str     0x0000000000000bb6       0x3b ../ethernet_bsp/\libhal_bsp.a(altera_nios2_gen2_irq.o)
                                        0x16a (size before relaxing)
 .debug_str     0x0000000000000bf1      0x48b ../ethernet_bsp/\libhal_bsp.a(alt_instruction_exception_entry.o)
                                        0x5ae (size before relaxing)
 .debug_str     0x000000000000107c      0x17c c:/intelfpga_lite/18.1/nios2eds/bin/gnu/h-x86_64-mingw32/bin/../lib/gcc/nios2-elf/5.3.0/../../../../../H-x86_64-mingw32/nios2-elf/lib/mno-hw-mul\libc.a(lib_a-atexit.o)
                                        0x221 (size before relaxing)
 .debug_str     0x00000000000011f8      0x3c1 c:/intelfpga_lite/18.1/nios2eds/bin/gnu/h-x86_64-mingw32/bin/../lib/gcc/nios2-elf/5.3.0/../../../../../H-x86_64-mingw32/nios2-elf/lib/mno-hw-mul\libc.a(lib_a-exit.o)
                                        0x5be (size before relaxing)
 .debug_str     0x00000000000015b9       0xd6 c:/intelfpga_lite/18.1/nios2eds/bin/gnu/h-x86_64-mingw32/bin/../lib/gcc/nios2-elf/5.3.0/../../../../../H-x86_64-mingw32/nios2-elf/lib/mno-hw-mul\libc.a(lib_a-impure.o)
                                        0x5b5 (size before relaxing)
 .debug_str     0x000000000000168f       0x3f c:/intelfpga_lite/18.1/nios2eds/bin/gnu/h-x86_64-mingw32/bin/../lib/gcc/nios2-elf/5.3.0/../../../../../H-x86_64-mingw32/nios2-elf/lib/mno-hw-mul\libc.a(lib_a-int_errno.o)
                                        0x1dd (size before relaxing)
 .debug_str     0x00000000000016ce      0x101 c:/intelfpga_lite/18.1/nios2eds/bin/gnu/h-x86_64-mingw32/bin/../lib/gcc/nios2-elf/5.3.0/../../../../../H-x86_64-mingw32/nios2-elf/lib/mno-hw-mul\libc.a(lib_a-memcpy.o)
                                        0x20b (size before relaxing)
 .debug_str     0x00000000000017cf       0x3f c:/intelfpga_lite/18.1/nios2eds/bin/gnu/h-x86_64-mingw32/bin/../lib/gcc/nios2-elf/5.3.0/../../../../../H-x86_64-mingw32/nios2-elf/lib/mno-hw-mul\libc.a(lib_a-__atexit.o)
                                        0x5f6 (size before relaxing)
 .debug_str     0x000000000000180e       0x65 c:/intelfpga_lite/18.1/nios2eds/bin/gnu/h-x86_64-mingw32/bin/../lib/gcc/nios2-elf/5.3.0/../../../../../H-x86_64-mingw32/nios2-elf/lib/mno-hw-mul\libc.a(lib_a-__call_atexit.o)
                                        0x5e2 (size before relaxing)
 .debug_str     0x0000000000001873      0x148 c:/intelfpga_lite/18.1/nios2eds/bin/gnu/h-x86_64-mingw32/bin/../lib/gcc/nios2-elf/5.3.0/mno-hw-mul\libgcc.a(lib2-mul.o)
                                        0x193 (size before relaxing)
 .debug_str     0x00000000000019bb       0x2a ../ethernet_bsp/\libhal_bsp.a(alt_exit.o)
                                        0x15f (size before relaxing)

.debug_loc      0x0000000000000000      0x696
 *(.debug_loc)
 .debug_loc     0x0000000000000000       0x2c c:/intelfpga_lite/18.1/nios2eds/bin/gnu/h-x86_64-mingw32/bin/../lib/gcc/nios2-elf/5.3.0/../../../../../H-x86_64-mingw32/nios2-elf/lib/mno-hw-mul\libc.a(lib_a-atexit.o)
 .debug_loc     0x000000000000002c       0x1e c:/intelfpga_lite/18.1/nios2eds/bin/gnu/h-x86_64-mingw32/bin/../lib/gcc/nios2-elf/5.3.0/../../../../../H-x86_64-mingw32/nios2-elf/lib/mno-hw-mul\libc.a(lib_a-exit.o)
 .debug_loc     0x000000000000004a      0x266 c:/intelfpga_lite/18.1/nios2eds/bin/gnu/h-x86_64-mingw32/bin/../lib/gcc/nios2-elf/5.3.0/../../../../../H-x86_64-mingw32/nios2-elf/lib/mno-hw-mul\libc.a(lib_a-memcpy.o)
 .debug_loc     0x00000000000002b0      0x185 c:/intelfpga_lite/18.1/nios2eds/bin/gnu/h-x86_64-mingw32/bin/../lib/gcc/nios2-elf/5.3.0/../../../../../H-x86_64-mingw32/nios2-elf/lib/mno-hw-mul\libc.a(lib_a-__atexit.o)
 .debug_loc     0x0000000000000435      0x1ce c:/intelfpga_lite/18.1/nios2eds/bin/gnu/h-x86_64-mingw32/bin/../lib/gcc/nios2-elf/5.3.0/../../../../../H-x86_64-mingw32/nios2-elf/lib/mno-hw-mul\libc.a(lib_a-__call_atexit.o)
 .debug_loc     0x0000000000000603       0x93 c:/intelfpga_lite/18.1/nios2eds/bin/gnu/h-x86_64-mingw32/bin/../lib/gcc/nios2-elf/5.3.0/mno-hw-mul\libgcc.a(lib2-mul.o)

.debug_macinfo
 *(.debug_macinfo)

.debug_weaknames
 *(.debug_weaknames)

.debug_funcnames
 *(.debug_funcnames)

.debug_typenames
 *(.debug_typenames)

.debug_varnames
 *(.debug_varnames)

.debug_alt_sim_info
                0x0000000000000000       0x10
 *(.debug_alt_sim_info)
 .debug_alt_sim_info
                0x0000000000000000       0x10 ../ethernet_bsp//obj/HAL/src/crt0.o
                0x000000000c000000                __alt_data_end = 0xc000000
                0x000000000c000000                PROVIDE (__alt_stack_pointer, __alt_data_end)
                [!provide]                        PROVIDE (__alt_stack_limit, __alt_stack_base)
                [!provide]                        PROVIDE (__alt_heap_start, end)
                [!provide]                        PROVIDE (__alt_heap_limit, 0xc000000)
OUTPUT(ethernet.elf elf32-littlenios2)

.debug_ranges   0x0000000000000000      0x158
 .debug_ranges  0x0000000000000000       0x20 ../ethernet_bsp//obj/HAL/src/crt0.o
 .debug_ranges  0x0000000000000020       0x30 ../ethernet_bsp/\libhal_bsp.a(altera_avalon_jtag_uart_init.o)
 .debug_ranges  0x0000000000000050       0x18 ../ethernet_bsp/\libhal_bsp.a(altera_avalon_jtag_uart_read.o)
 .debug_ranges  0x0000000000000068       0x28 ../ethernet_bsp/\libhal_bsp.a(alt_irq_entry.o)
 .debug_ranges  0x0000000000000090       0x10 ../ethernet_bsp/\libhal_bsp.a(alt_irq_handler.o)
 .debug_ranges  0x00000000000000a0       0x30 ../ethernet_bsp/\libhal_bsp.a(alt_exception_entry.o)
 .debug_ranges  0x00000000000000d0       0x18 ../ethernet_bsp/\libhal_bsp.a(alt_instruction_exception_entry.o)
 .debug_ranges  0x00000000000000e8       0x10 c:/intelfpga_lite/18.1/nios2eds/bin/gnu/h-x86_64-mingw32/bin/../lib/gcc/nios2-elf/5.3.0/../../../../../H-x86_64-mingw32/nios2-elf/lib/mno-hw-mul\libc.a(lib_a-atexit.o)
 .debug_ranges  0x00000000000000f8       0x10 c:/intelfpga_lite/18.1/nios2eds/bin/gnu/h-x86_64-mingw32/bin/../lib/gcc/nios2-elf/5.3.0/../../../../../H-x86_64-mingw32/nios2-elf/lib/mno-hw-mul\libc.a(lib_a-exit.o)
 .debug_ranges  0x0000000000000108       0x10 c:/intelfpga_lite/18.1/nios2eds/bin/gnu/h-x86_64-mingw32/bin/../lib/gcc/nios2-elf/5.3.0/../../../../../H-x86_64-mingw32/nios2-elf/lib/mno-hw-mul\libc.a(lib_a-memcpy.o)
 .debug_ranges  0x0000000000000118       0x10 c:/intelfpga_lite/18.1/nios2eds/bin/gnu/h-x86_64-mingw32/bin/../lib/gcc/nios2-elf/5.3.0/../../../../../H-x86_64-mingw32/nios2-elf/lib/mno-hw-mul\libc.a(lib_a-__atexit.o)
 .debug_ranges  0x0000000000000128       0x30 c:/intelfpga_lite/18.1/nios2eds/bin/gnu/h-x86_64-mingw32/bin/../lib/gcc/nios2-elf/5.3.0/../../../../../H-x86_64-mingw32/nios2-elf/lib/mno-hw-mul\libc.a(lib_a-__call_atexit.o)
