Archive member included to satisfy reference by file (symbol)

/opt/intelFPGA_lite/18.1/nios2eds/bin/gnu/H-x86_64-pc-linux-gnu/bin/../lib/gcc/nios2-elf/5.3.0/mno-hw-mul/libgcc.a(lib2-mul.o)
                              obj/default/EtherCard/dhcp.o (__mulsi3)
/opt/intelFPGA_lite/18.1/nios2eds/bin/gnu/H-x86_64-pc-linux-gnu/bin/../lib/gcc/nios2-elf/5.3.0/mno-hw-mul/libgcc.a(gedf2.o)
                              obj/default/main.o (__gedf2)
/opt/intelFPGA_lite/18.1/nios2eds/bin/gnu/H-x86_64-pc-linux-gnu/bin/../lib/gcc/nios2-elf/5.3.0/mno-hw-mul/libgcc.a(muldf3.o)
                              obj/default/main.o (__muldf3)
/opt/intelFPGA_lite/18.1/nios2eds/bin/gnu/H-x86_64-pc-linux-gnu/bin/../lib/gcc/nios2-elf/5.3.0/mno-hw-mul/libgcc.a(_clzsi2.o)
                              /opt/intelFPGA_lite/18.1/nios2eds/bin/gnu/H-x86_64-pc-linux-gnu/bin/../lib/gcc/nios2-elf/5.3.0/mno-hw-mul/libgcc.a(muldf3.o) (__clzsi2)
/opt/intelFPGA_lite/18.1/nios2eds/bin/gnu/H-x86_64-pc-linux-gnu/bin/../lib/gcc/nios2-elf/5.3.0/mno-hw-mul/libgcc.a(_clz.o)
                              /opt/intelFPGA_lite/18.1/nios2eds/bin/gnu/H-x86_64-pc-linux-gnu/bin/../lib/gcc/nios2-elf/5.3.0/mno-hw-mul/libgcc.a(_clzsi2.o) (__clz_tab)
/opt/intelFPGA_lite/18.1/nios2eds/bin/gnu/H-x86_64-pc-linux-gnu/bin/../lib/gcc/nios2-elf/5.3.0/../../../../../H-x86_64-pc-linux-gnu/nios2-elf/lib/mno-hw-mul/libc.a(lib_a-clock.o)
                              obj/default/EtherCard/dhcp.o (clock)
/opt/intelFPGA_lite/18.1/nios2eds/bin/gnu/H-x86_64-pc-linux-gnu/bin/../lib/gcc/nios2-elf/5.3.0/../../../../../H-x86_64-pc-linux-gnu/nios2-elf/lib/mno-hw-mul/libc.a(lib_a-difftime.o)
                              obj/default/main.o (difftime)
/opt/intelFPGA_lite/18.1/nios2eds/bin/gnu/H-x86_64-pc-linux-gnu/bin/../lib/gcc/nios2-elf/5.3.0/../../../../../H-x86_64-pc-linux-gnu/nios2-elf/lib/mno-hw-mul/libc.a(lib_a-impure.o)
                              /opt/intelFPGA_lite/18.1/nios2eds/bin/gnu/H-x86_64-pc-linux-gnu/bin/../lib/gcc/nios2-elf/5.3.0/../../../../../H-x86_64-pc-linux-gnu/nios2-elf/lib/mno-hw-mul/libc.a(lib_a-clock.o) (_impure_ptr)
/opt/intelFPGA_lite/18.1/nios2eds/bin/gnu/H-x86_64-pc-linux-gnu/bin/../lib/gcc/nios2-elf/5.3.0/../../../../../H-x86_64-pc-linux-gnu/nios2-elf/lib/mno-hw-mul/libc.a(lib_a-memcmp.o)
                              obj/default/EtherCard/tcpip.o (memcmp)
/opt/intelFPGA_lite/18.1/nios2eds/bin/gnu/H-x86_64-pc-linux-gnu/bin/../lib/gcc/nios2-elf/5.3.0/../../../../../H-x86_64-pc-linux-gnu/nios2-elf/lib/mno-hw-mul/libc.a(lib_a-memcpy.o)
                              obj/default/EtherCard/tcpip.o (memcpy)
/opt/intelFPGA_lite/18.1/nios2eds/bin/gnu/H-x86_64-pc-linux-gnu/bin/../lib/gcc/nios2-elf/5.3.0/../../../../../H-x86_64-pc-linux-gnu/nios2-elf/lib/mno-hw-mul/libc.a(lib_a-memset.o)
                              obj/default/EtherCard/dhcp.o (memset)
/opt/intelFPGA_lite/18.1/nios2eds/bin/gnu/H-x86_64-pc-linux-gnu/bin/../lib/gcc/nios2-elf/5.3.0/../../../../../H-x86_64-pc-linux-gnu/nios2-elf/lib/mno-hw-mul/libc.a(lib_a-printf.o)
                              obj/default/EtherCard/EtherCard.o (printf)
/opt/intelFPGA_lite/18.1/nios2eds/bin/gnu/H-x86_64-pc-linux-gnu/bin/../lib/gcc/nios2-elf/5.3.0/../../../../../H-x86_64-pc-linux-gnu/nios2-elf/lib/mno-hw-mul/libc.a(lib_a-putchar.o)
                              obj/default/EtherCard/webutil.o (putchar)
/opt/intelFPGA_lite/18.1/nios2eds/bin/gnu/H-x86_64-pc-linux-gnu/bin/../lib/gcc/nios2-elf/5.3.0/../../../../../H-x86_64-pc-linux-gnu/nios2-elf/lib/mno-hw-mul/libc.a(lib_a-puts.o)
                              obj/default/EtherCard/dhcp.o (puts)
/opt/intelFPGA_lite/18.1/nios2eds/bin/gnu/H-x86_64-pc-linux-gnu/bin/../lib/gcc/nios2-elf/5.3.0/../../../../../H-x86_64-pc-linux-gnu/nios2-elf/lib/mno-hw-mul/libc.a(lib_a-strlen.o)
                              obj/default/EtherCard/dhcp.o (strlen)
/opt/intelFPGA_lite/18.1/nios2eds/bin/gnu/H-x86_64-pc-linux-gnu/bin/../lib/gcc/nios2-elf/5.3.0/../../../../../H-x86_64-pc-linux-gnu/nios2-elf/lib/mno-hw-mul/libc.a(lib_a-strncmp.o)
                              obj/default/EtherCard/tcpip.o (strncmp)
/opt/intelFPGA_lite/18.1/nios2eds/bin/gnu/H-x86_64-pc-linux-gnu/bin/../lib/gcc/nios2-elf/5.3.0/../../../../../H-x86_64-pc-linux-gnu/nios2-elf/lib/mno-hw-mul/libc.a(lib_a-strncpy.o)
                              obj/default/EtherCard/dhcp.o (strncpy)
/opt/intelFPGA_lite/18.1/nios2eds/bin/gnu/H-x86_64-pc-linux-gnu/bin/../lib/gcc/nios2-elf/5.3.0/../../../../../H-x86_64-pc-linux-gnu/nios2-elf/lib/mno-hw-mul/libc.a(lib_a-time.o)
                              obj/default/EtherCard/dns.o (time)
/opt/intelFPGA_lite/18.1/nios2eds/bin/gnu/H-x86_64-pc-linux-gnu/bin/../lib/gcc/nios2-elf/5.3.0/../../../../../H-x86_64-pc-linux-gnu/nios2-elf/lib/mno-hw-mul/libc.a(lib_a-timesr.o)
                              /opt/intelFPGA_lite/18.1/nios2eds/bin/gnu/H-x86_64-pc-linux-gnu/bin/../lib/gcc/nios2-elf/5.3.0/../../../../../H-x86_64-pc-linux-gnu/nios2-elf/lib/mno-hw-mul/libc.a(lib_a-clock.o) (_times_r)
[...]
Memory Configuration

Name             Origin             Length             Attributes
onchip_memory2_0 0x0000000000000000 0x0000000000010000
reset            0x0000000008000000 0x0000000000000020
sdram            0x0000000008000020 0x0000000003ffffe0
*default*        0x0000000000000000 0xffffffffffffffff

Linker script and memory map

LOAD ../ethernet_bsp//obj/HAL/src/crt0.o
LOAD obj/default/EtherCard/EtherCard.o
LOAD obj/default/EtherCard/dhcp.o
LOAD obj/default/EtherCard/dns.o
LOAD obj/default/EtherCard/enc28j60.o
LOAD obj/default/EtherCard/tcpip.o
LOAD obj/default/EtherCard/udpserver.o
LOAD obj/default/EtherCard/webutil.o
LOAD obj/default/main.o
LOAD /opt/intelFPGA_lite/18.1/nios2eds/bin/gnu/H-x86_64-pc-linux-gnu/bin/../lib/gcc/nios2-elf/5.3.0/../../../../../H-x86_64-pc-linux-gnu/nios2-elf/lib/mno-hw-mul/libstdc++.a
LOAD /opt/intelFPGA_lite/18.1/nios2eds/bin/gnu/H-x86_64-pc-linux-gnu/bin/../lib/gcc/nios2-elf/5.3.0/../../../../../H-x86_64-pc-linux-gnu/nios2-elf/lib/mno-hw-mul/libm.a
LOAD /opt/intelFPGA_lite/18.1/nios2eds/bin/gnu/H-x86_64-pc-linux-gnu/bin/../lib/gcc/nios2-elf/5.3.0/mno-hw-mul/libgcc.a
START GROUP
LOAD /opt/intelFPGA_lite/18.1/nios2eds/bin/gnu/H-x86_64-pc-linux-gnu/bin/../lib/gcc/nios2-elf/5.3.0/../../../../../H-x86_64-pc-linux-gnu/nios2-elf/lib/mno-hw-mul/libc.a
LOAD /opt/intelFPGA_lite/18.1/nios2eds/bin/gnu/H-x86_64-pc-linux-gnu/bin/../lib/gcc/nios2-elf/5.3.0/mno-hw-mul/libgcc.a
LOAD ../ethernet_bsp//libhal_bsp.a
LOAD /opt/intelFPGA_lite/18.1/nios2eds/bin/gnu/H-x86_64-pc-linux-gnu/bin/../lib/gcc/nios2-elf/5.3.0/../../../../../H-x86_64-pc-linux-gnu/nios2-elf/lib/mno-hw-mul/libm.a
END GROUP
LOAD /opt/intelFPGA_lite/18.1/nios2eds/bin/gnu/H-x86_64-pc-linux-gnu/bin/../lib/gcc/nios2-elf/5.3.0/mno-hw-mul/libgcc.a
                0x0000000000000000                __alt_mem_onchip_memory2_0 = 0x0
                0x0000000008000000                __alt_mem_sdram = 0x8000000

.entry          0x0000000008000000       0x20
 *(.entry)
 .entry         0x0000000008000000       0x20 ../ethernet_bsp//obj/HAL/src/crt0.o
                0x0000000008000000                __reset

.exceptions     0x0000000008000020      0x210
                0x0000000008000020                PROVIDE (__ram_exceptions_start, ABSOLUTE (.))
                0x0000000008000020                . = ALIGN (0x20)
 *(.irq)
 *(.exceptions.entry.label)
 .exceptions.entry.label
                0x0000000008000020        0x0 ../ethernet_bsp//libhal_bsp.a(alt_irq_entry.o)
                0x0000000008000020                alt_irq_entry
 .exceptions.entry.label
                0x0000000008000020        0x0 ../ethernet_bsp//libhal_bsp.a(alt_exception_entry.o)
                0x0000000008000020                alt_exception
 *(.exceptions.entry.user)
 *(.exceptions.entry.ecc_fatal)
 *(.exceptions.entry)
 .exceptions.entry
                0x0000000008000020       0x54 ../ethernet_bsp//libhal_bsp.a(alt_exception_entry.o)
 *(.exceptions.irqtest.user)
 *(.exceptions.irqtest)
 .exceptions.irqtest
                0x0000000008000074       0x10 ../ethernet_bsp//libhal_bsp.a(alt_irq_entry.o)
 *(.exceptions.irqhandler.user)
 *(.exceptions.irqhandler)
 .exceptions.irqhandler
                0x0000000008000084        0x4 ../ethernet_bsp//libhal_bsp.a(alt_irq_entry.o)
 *(.exceptions.irqreturn.user)
 *(.exceptions.irqreturn)
 .exceptions.irqreturn
                0x0000000008000088        0x4 ../ethernet_bsp//libhal_bsp.a(alt_irq_entry.o)
 *(.exceptions.notirq.label)
 .exceptions.notirq.label
                0x000000000800008c        0x0 ../ethernet_bsp//libhal_bsp.a(alt_irq_entry.o)
 *(.exceptions.notirq.user)
 *(.exceptions.notirq)
 .exceptions.notirq
                0x000000000800008c        0x8 ../ethernet_bsp//libhal_bsp.a(alt_exception_entry.o)
 *(.exceptions.soft.user)
 *(.exceptions.soft)
 *(.exceptions.unknown.user)
 *(.exceptions.unknown)
 .exceptions.unknown
                0x0000000008000094       0x14 ../ethernet_bsp//libhal_bsp.a(alt_exception_entry.o)
 *(.exceptions.exit.label)
 .exceptions.exit.label
                0x00000000080000a8        0x0 ../ethernet_bsp//libhal_bsp.a(alt_irq_entry.o)
 .exceptions.exit.label
                0x00000000080000a8        0x0 ../ethernet_bsp//libhal_bsp.a(alt_exception_entry.o)
 *(.exceptions.exit.user)
 *(.exceptions.exit)
 .exceptions.exit
                0x00000000080000a8       0x54 ../ethernet_bsp//libhal_bsp.a(alt_exception_entry.o)
 *(.exceptions)
 .exceptions    0x00000000080000fc       0xd4 ../ethernet_bsp//libhal_bsp.a(alt_irq_handler.o)
                0x00000000080000fc                alt_irq_handler
 .exceptions    0x00000000080001d0       0x60 ../ethernet_bsp//libhal_bsp.a(alt_instruction_exception_entry.o)
                0x00000000080001d0                alt_instruction_exception_entry
                0x0000000008000230                PROVIDE (__ram_exceptions_end, ABSOLUTE (.))
                0x0000000008000020                PROVIDE (__flash_exceptions_start, LOADADDR (.exceptions))

.text           0x0000000008000230    0x15564
                [!provide]                        PROVIDE (stext, ABSOLUTE (.))
 *(.interp)
 *(.hash)
 *(.dynsym)
 *(.dynstr)
 *(.gnu.version)
 *(.gnu.version_d)
 *(.gnu.version_r)
 *(.rel.init)
 *(.rela.init)
 *(.rel.text .rel.text.* .rel.gnu.linkonce.t.*)
 *(.rela.text .rela.text.* .rela.gnu.linkonce.t.*)
 *(.rel.fini)
 *(.rela.fini)
 *(.rel.rodata .rel.rodata.* .rel.gnu.linkonce.r.*)
 *(.rela.rodata .rela.rodata.* .rela.gnu.linkonce.r.*)
 *(.rel.data .rel.data.* .rel.gnu.linkonce.d.*)
 *(.rela.data .rela.data.* .rela.gnu.linkonce.d.*)
 *(.rel.tdata .rel.tdata.* .rel.gnu.linkonce.td.*)
 *(.rela.tdata .rela.tdata.* .rela.gnu.linkonce.td.*)
 *(.rel.tbss .rel.tbss.* .rel.gnu.linkonce.tb.*)
 *(.rela.tbss .rela.tbss.* .rela.gnu.linkonce.tb.*)
 *(.rel.ctors)
 *(.rela.ctors)
 *(.rel.dtors)
 *(.rela.dtors)
 *(.rel.got)
 *(.rela.got)
 *(.rel.sdata .rel.sdata.* .rel.gnu.linkonce.s.*)
 *(.rela.sdata .rela.sdata.* .rela.gnu.linkonce.s.*)
 *(.rel.sbss .rel.sbss.* .rel.gnu.linkonce.sb.*)
 *(.rela.sbss .rela.sbss.* .rela.gnu.linkonce.sb.*)
 *(.rel.sdata2 .rel.sdata2.* .rel.gnu.linkonce.s2.*)
 *(.rela.sdata2 .rela.sdata2.* .rela.gnu.linkonce.s2.*)
 *(.rel.sbss2 .rel.sbss2.* .rel.gnu.linkonce.sb2.*)
 *(.rela.sbss2 .rela.sbss2.* .rela.gnu.linkonce.sb2.*)
 *(.rel.bss .rel.bss.* .rel.gnu.linkonce.b.*)
 *(.rela.bss .rela.bss.* .rela.gnu.linkonce.b.*)
 *(.rel.plt)
 *(.rela.plt)
 *(.rel.dyn)
 *(.init)
 *(.plt)
 *(.text .stub .text.* .gnu.linkonce.t.*)
 .text          0x0000000008000230       0x3c ../ethernet_bsp//obj/HAL/src/crt0.o
                0x0000000008000230                _start
 .text          0x000000000800026c      0x164 obj/default/EtherCard/EtherCard.o
                0x000000000800026c                EtherCard::begin(unsigned short, unsigned char const*, unsigned char)
                0x000000000800033c                EtherCard::staticSetup(unsigned char const*, unsigned char const*, unsigned char const*, unsigned char const*)
 .text          0x00000000080003d0      0xc94 obj/default/EtherCard/dhcp.o
                0x00000000080003d0                millis()
                0x0000000008000c64                EtherCard::dhcpSetup(char const*, bool)
                0x0000000008000df4                EtherCard::dhcpAddOptionCallback(unsigned char, void (*)(unsigned char, unsigned char const*, unsigned char))
                0x0000000008000e3c                EtherCard::dhcpAddOptionCallback(unsigned char*, void (*)(unsigned char, unsigned char const*, unsigned char))
                0x0000000008000e74                EtherCard::DhcpStateMachine(unsigned short)
 .text          0x0000000008001064      0x540 obj/default/EtherCard/dns.o
                0x000000000800143c                EtherCard::dnsLookup(char const*, bool)
 .text          0x00000000080015a4      0xdfc obj/default/EtherCard/enc28j60.o
                0x00000000080015a4                delay(int)
                0x00000000080015fc                bitRead(unsigned char, unsigned char)
                0x0000000008001a70                getThing(unsigned char)
                0x0000000008001bfc                ENC28J60::initialize(unsigned short, unsigned char const*, unsigned char)
                0x0000000008001e50                ENC28J60::isLinkUp()
                0x0000000008002038                ENC28J60::packetReceive()
                0x0000000008002174                ENC28J60::packetSend(unsigned short)
                0x00000000080022cc                ENC28J60::enableBroadcast(bool)
                0x0000000008002330                ENC28J60::disableBroadcast(bool)
 .text          0x00000000080023a0     0x2b08 obj/default/EtherCard/tcpip.o
                0x00000000080023a0                PSTR(char*)
                0x00000000080023c4                memcpy_P(void*, void const*, unsigned int)
                0x0000000008002cd4                EtherCard::makeUdpReply(char const*, unsigned char, unsigned short)
                0x0000000008002f80                EtherCard::getTcpPayloadLength()
                0x00000000080031b8                EtherCard::httpServerReply(unsigned short)
                0x0000000008003350                EtherCard::getSequenceNumber()
                0x000000000800337c                EtherCard::httpServerReplyAck()
                0x00000000080033c8                EtherCard::httpServerReply_with_flags(unsigned short, unsigned char)
                0x0000000008003438                EtherCard::clientIcmpRequest(unsigned char const*)
                0x0000000008003594                EtherCard::ntpRequest(unsigned char*, unsigned char)
                0x0000000008003714                EtherCard::ntpProcessAnswer(unsigned long*, unsigned char)
                0x0000000008003808                EtherCard::udpPrepare(unsigned short, unsigned char const*, unsigned short)
                0x0000000008003990                EtherCard::udpTransmit(unsigned short)
                0x0000000008003a60                EtherCard::sendUdp(char const*, unsigned char, unsigned short, unsigned char const*, unsigned short)
                0x0000000008003afc                EtherCard::sendWol(unsigned char*)
                0x0000000008003d54                EtherCard::clientWaitingGw()
                0x0000000008003d80                EtherCard::clientWaitingDns()
                0x0000000008003e3c                EtherCard::setGwIp(unsigned char const*)
                0x0000000008003e80                EtherCard::updateBroadcastAddress()
                0x0000000008004104                EtherCard::clientTcpReq(unsigned char (*)(unsigned char, unsigned char, unsigned short, unsigned short), unsigned short (*)(unsigned char), unsigned short)
                0x0000000008004290                EtherCard::browseUrl(char const*, char const*, char const*, void (*)(unsigned char, unsigned short, unsigned short))
                0x00000000080042f4                EtherCard::browseUrl(char const*, char const*, char const*, char const*, void (*)(unsigned char, unsigned short, unsigned short))
                0x000000000800437c                EtherCard::httpPost(char const*, char const*, char const*, char const*, void (*)(unsigned char, unsigned short, unsigned short))
                0x000000000800448c                EtherCard::tcpSend()
                0x00000000080044d8                EtherCard::tcpReply(unsigned char)
                0x0000000008004520                EtherCard::registerPingCallback(void (*)(unsigned char*))
                0x000000000800454c                EtherCard::packetLoopIcmpCheckReply(unsigned char const*)
                0x00000000080045d4                EtherCard::accept(unsigned short, unsigned short)
                0x00000000080046f0                EtherCard::packetLoop(unsigned short)
                0x0000000008004e78                EtherCard::persistTcpConnection(bool)
 .text          0x0000000008004ea8      0x42c obj/default/EtherCard/udpserver.o
                0x0000000008004ea8                EtherCard::udpServerListenOnPort(void (*)(unsigned short, unsigned char*, unsigned short, char const*, unsigned short), unsigned short)
                0x0000000008004f48                EtherCard::udpServerPauseListenOnPort(unsigned short)
                0x000000000800501c                EtherCard::udpServerResumeListenOnPort(unsigned short)
                0x00000000080050f4                EtherCard::udpServerListening()
                0x000000000800511c                EtherCard::udpServerHasProcessedPacket(unsigned short)
 .text          0x00000000080052d4      0x154 obj/default/EtherCard/webutil.o
                0x00000000080052d4                EtherCard::printIp(char const*, unsigned char const*)
                0x0000000008005324                EtherCard::printIp(unsigned char const*)
                0x00000000080053a8                EtherCard::copyMac(unsigned char*, unsigned char const*)
                0x00000000080053e8                EtherCard::copyIp(unsigned char*, unsigned char const*)
 .text          0x0000000008005428      0x274 obj/default/main.o
                0x0000000008005464                main
 .text          0x000000000800569c       0x28 /opt/intelFPGA_lite/18.1/nios2eds/bin/gnu/H-x86_64-pc-linux-gnu/bin/../lib/gcc/nios2-elf/5.3.0/mno-hw-mul/libgcc.a(lib2-mul.o)
                0x000000000800569c                __mulsi3
 .text          0x00000000080056c4       0xdc /opt/intelFPGA_lite/18.1/nios2eds/bin/gnu/H-x86_64-pc-linux-gnu/bin/../lib/gcc/nios2-elf/5.3.0/mno-hw-mul/libgcc.a(gedf2.o)
                0x00000000080056c4                __gtdf2
                0x00000000080056c4                __gedf2
 .text          0x00000000080057a0      0x86c /opt/intelFPGA_lite/18.1/nios2eds/bin/gnu/H-x86_64-pc-linux-gnu/bin/../lib/gcc/nios2-elf/5.3.0/mno-hw-mul/libgcc.a(muldf3.o)
                0x00000000080057a0                __muldf3
 .text          0x000000000800600c       0x64 /opt/intelFPGA_lite/18.1/nios2eds/bin/gnu/H-x86_64-pc-linux-gnu/bin/../lib/gcc/nios2-elf/5.3.0/mno-hw-mul/libgcc.a(_clzsi2.o)
                0x000000000800600c                __clzsi2
 .text          0x0000000008006070        0x0 /opt/intelFPGA_lite/18.1/nios2eds/bin/gnu/H-x86_64-pc-linux-gnu/bin/../lib/gcc/nios2-elf/5.3.0/mno-hw-mul/libgcc.a(_clz.o)
 .text          0x0000000008006070        0x0 /opt/intelFPGA_lite/18.1/nios2eds/bin/gnu/H-x86_64-pc-linux-gnu/bin/../lib/gcc/nios2-elf/5.3.0/../../../../../H-x86_64-pc-linux-gnu/nios2-elf/lib/mno-hw-mul/libc.a(lib_a-clock.o)
 .text.clock    0x0000000008006070       0x4c /opt/intelFPGA_lite/18.1/nios2eds/bin/gnu/H-x86_64-pc-linux-gnu/bin/../lib/gcc/nios2-elf/5.3.0/../../../../../H-x86_64-pc-linux-gnu/nios2-elf/lib/mno-hw-mul/libc.a(lib_a-clock.o)
                0x0000000008006070                clock
 .text          0x00000000080060bc        0x0 /opt/intelFPGA_lite/18.1/nios2eds/bin/gnu/H-x86_64-pc-linux-gnu/bin/../lib/gcc/nios2-elf/5.3.0/../../../../../H-x86_64-pc-linux-gnu/nios2-elf/lib/mno-hw-mul/libc.a(lib_a-difftime.o)
 .text.difftime
                0x00000000080060bc       0x1c /opt/intelFPGA_lite/18.1/nios2eds/bin/gnu/H-x86_64-pc-linux-gnu/bin/../lib/gcc/nios2-elf/5.3.0/../../../../../H-x86_64-pc-linux-gnu/nios2-elf/lib/mno-hw-mul/libc.a(lib_a-difftime.o)
                0x00000000080060bc                difftime
 .text          0x00000000080060d8        0x0 /opt/intelFPGA_lite/18.1/nios2eds/bin/gnu/H-x86_64-pc-linux-gnu/bin/../lib/gcc/nios2-elf/5.3.0/../../../../../H-x86_64-pc-linux-gnu/nios2-elf/lib/mno-hw-mul/libc.a(lib_a-impure.o)
 .text          0x00000000080060d8        0x0 /opt/intelFPGA_lite/18.1/nios2eds/bin/gnu/H-x86_64-pc-linux-gnu/bin/../lib/gcc/nios2-elf/5.3.0/../../../../../H-x86_64-pc-linux-gnu/nios2-elf/lib/mno-hw-mul/libc.a(lib_a-memcmp.o)
 .text.memcmp   0x00000000080060d8       0x7c /opt/intelFPGA_lite/18.1/nios2eds/bin/gnu/H-x86_64-pc-linux-gnu/bin/../lib/gcc/nios2-elf/5.3.0/../../../../../H-x86_64-pc-linux-gnu/nios2-elf/lib/mno-hw-mul/libc.a(lib_a-memcmp.o)
                0x00000000080060d8                memcmp
 .text          0x0000000008006154        0x0 /opt/intelFPGA_lite/18.1/nios2eds/bin/gnu/H-x86_64-pc-linux-gnu/bin/../lib/gcc/nios2-elf/5.3.0/../../../../../H-x86_64-pc-linux-gnu/nios2-elf/lib/mno-hw-mul/libc.a(lib_a-memcpy.o)
 .text.memcpy   0x0000000008006154      0x148 /opt/intelFPGA_lite/18.1/nios2eds/bin/gnu/H-x86_64-pc-linux-gnu/bin/../lib/gcc/nios2-elf/5.3.0/../../../../../H-x86_64-pc-linux-gnu/nios2-elf/lib/mno-hw-mul/libc.a(lib_a-memcpy.o)
                0x0000000008006154                memcpy
 .text          0x000000000800629c        0x0 /opt/intelFPGA_lite/18.1/nios2eds/bin/gnu/H-x86_64-pc-linux-gnu/bin/../lib/gcc/nios2-elf/5.3.0/../../../../../H-x86_64-pc-linux-gnu/nios2-elf/lib/mno-hw-mul/libc.a(lib_a-memset.o)
 .text.memset   0x000000000800629c      0x128 /opt/intelFPGA_lite/18.1/nios2eds/bin/gnu/H-x86_64-pc-linux-gnu/bin/../lib/gcc/nios2-elf/5.3.0/../../../../../H-x86_64-pc-linux-gnu/nios2-elf/lib/mno-hw-mul/libc.a(lib_a-memset.o)
                0x000000000800629c                memset
 .text          0x00000000080063c4        0x0 /opt/intelFPGA_lite/18.1/nios2eds/bin/gnu/H-x86_64-pc-linux-gnu/bin/../lib/gcc/nios2-elf/5.3.0/../../../../../H-x86_64-pc-linux-gnu/nios2-elf/lib/mno-hw-mul/libc.a(lib_a-printf.o)
 .text._printf_r
                0x00000000080063c4       0x30 /opt/intelFPGA_lite/18.1/nios2eds/bin/gnu/H-x86_64-pc-linux-gnu/bin/../lib/gcc/nios2-elf/5.3.0/../../../../../H-x86_64-pc-linux-gnu/nios2-elf/lib/mno-hw-mul/libc.a(lib_a-printf.o)
                0x00000000080063c4                _printf_r
 .text.printf   0x00000000080063f4       0x3c /opt/intelFPGA_lite/18.1/nios2eds/bin/gnu/H-x86_64-pc-linux-gnu/bin/../lib/gcc/nios2-elf/5.3.0/../../../../../H-x86_64-pc-linux-gnu/nios2-elf/lib/mno-hw-mul/libc.a(lib_a-printf.o)
                0x00000000080063f4                printf
 .text          0x0000000008006430        0x0 /opt/intelFPGA_lite/18.1/nios2eds/bin/gnu/H-x86_64-pc-linux-gnu/bin/../lib/gcc/nios2-elf/5.3.0/../../../../../H-x86_64-pc-linux-gnu/nios2-elf/lib/mno-hw-mul/libc.a(lib_a-putchar.o)
 .text._putchar_r
                0x0000000008006430        0x8 /opt/intelFPGA_lite/18.1/nios2eds/bin/gnu/H-x86_64-pc-linux-gnu/bin/../lib/gcc/nios2-elf/5.3.0/../../../../../H-x86_64-pc-linux-gnu/nios2-elf/lib/mno-hw-mul/libc.a(lib_a-putchar.o)
                0x0000000008006430                _putchar_r
 .text.putchar  0x0000000008006438       0x18 /opt/intelFPGA_lite/18.1/nios2eds/bin/gnu/H-x86_64-pc-linux-gnu/bin/../lib/gcc/nios2-elf/5.3.0/../../../../../H-x86_64-pc-linux-gnu/nios2-elf/lib/mno-hw-mul/libc.a(lib_a-putchar.o)
                0x0000000008006438                putchar
 .text          0x0000000008006450        0x0 /opt/intelFPGA_lite/18.1/nios2eds/bin/gnu/H-x86_64-pc-linux-gnu/bin/../lib/gcc/nios2-elf/5.3.0/../../../../../H-x86_64-pc-linux-gnu/nios2-elf/lib/mno-hw-mul/libc.a(lib_a-puts.o)
 .text._puts_r  0x0000000008006450       0xc0 /opt/intelFPGA_lite/18.1/nios2eds/bin/gnu/H-x86_64-pc-linux-gnu/bin/../lib/gcc/nios2-elf/5.3.0/../../../../../H-x86_64-pc-linux-gnu/nios2-elf/lib/mno-hw-mul/libc.a(lib_a-puts.o)
                0x0000000008006450                _puts_r
 .text.puts     0x0000000008006510       0x14 /opt/intelFPGA_lite/18.1/nios2eds/bin/gnu/H-x86_64-pc-linux-gnu/bin/../lib/gcc/nios2-elf/5.3.0/../../../../../H-x86_64-pc-linux-gnu/nios2-elf/lib/mno-hw-mul/libc.a(lib_a-puts.o)
                0x0000000008006510                puts
 .text          0x0000000008006524        0x0 /opt/intelFPGA_lite/18.1/nios2eds/bin/gnu/H-x86_64-pc-linux-gnu/bin/../lib/gcc/nios2-elf/5.3.0/../../../../../H-x86_64-pc-linux-gnu/nios2-elf/lib/mno-hw-mul/libc.a(lib_a-strlen.o)
 .text.strlen   0x0000000008006524       0x98 /opt/intelFPGA_lite/18.1/nios2eds/bin/gnu/H-x86_64-pc-linux-gnu/bin/../lib/gcc/nios2-elf/5.3.0/../../../../../H-x86_64-pc-linux-gnu/nios2-elf/lib/mno-hw-mul/libc.a(lib_a-strlen.o)
                0x0000000008006524                strlen
 .text          0x00000000080065bc        0x0 /opt/intelFPGA_lite/18.1/nios2eds/bin/gnu/H-x86_64-pc-linux-gnu/bin/../lib/gcc/nios2-elf/5.3.0/../../../../../H-x86_64-pc-linux-gnu/nios2-elf/lib/mno-hw-mul/libc.a(lib_a-strncmp.o)
 .text.strncmp  0x00000000080065bc       0xd0 /opt/intelFPGA_lite/18.1/nios2eds/bin/gnu/H-x86_64-pc-linux-gnu/bin/../lib/gcc/nios2-elf/5.3.0/../../../../../H-x86_64-pc-linux-gnu/nios2-elf/lib/mno-hw-mul/libc.a(lib_a-strncmp.o)
                0x00000000080065bc                strncmp
 .text          0x000000000800668c        0x0 /opt/intelFPGA_lite/18.1/nios2eds/bin/gnu/H-x86_64-pc-linux-gnu/bin/../lib/gcc/nios2-elf/5.3.0/../../../../../H-x86_64-pc-linux-gnu/nios2-elf/lib/mno-hw-mul/libc.a(lib_a-strncpy.o)
 .text.strncpy  0x000000000800668c       0xec /opt/intelFPGA_lite/18.1/nios2eds/bin/gnu/H-x86_64-pc-linux-gnu/bin/../lib/gcc/nios2-elf/5.3.0/../../../../../H-x86_64-pc-linux-gnu/nios2-elf/lib/mno-hw-mul/libc.a(lib_a-strncpy.o)
                0x000000000800668c                strncpy
 .text          0x0000000008006778        0x0 /opt/intelFPGA_lite/18.1/nios2eds/bin/gnu/H-x86_64-pc-linux-gnu/bin/../lib/gcc/nios2-elf/5.3.0/../../../../../H-x86_64-pc-linux-gnu/nios2-elf/lib/mno-hw-mul/libc.a(lib_a-time.o)
 .text.time     0x0000000008006778       0x50 /opt/intelFPGA_lite/18.1/nios2eds/bin/gnu/H-x86_64-pc-linux-gnu/bin/../lib/gcc/nios2-elf/5.3.0/../../../../../H-x86_64-pc-linux-gnu/nios2-elf/lib/mno-hw-mul/libc.a(lib_a-time.o)
                0x0000000008006778                time
 .text          0x00000000080067c8        0x0 /opt/intelFPGA_lite/18.1/nios2eds/bin/gnu/H-x86_64-pc-linux-gnu/bin/../lib/gcc/nios2-elf/5.3.0/../../../../../H-x86_64-pc-linux-gnu/nios2-elf/lib/mno-hw-mul/libc.a(lib_a-timesr.o)
 .text._times_r
                0x00000000080067c8        0x8 /opt/intelFPGA_lite/18.1/nios2eds/bin/gnu/H-x86_64-pc-linux-gnu/bin/../lib/gcc/nios2-elf/5.3.0/../../../../../H-x86_64-pc-linux-gnu/nios2-elf/lib/mno-hw-mul/libc.a(lib_a-timesr.o)
                0x00000000080067c8                _times_r
 .text          0x00000000080067d0        0x0 /opt/intelFPGA_lite/18.1/nios2eds/bin/gnu/H-x86_64-pc-linux-gnu/bin/../lib/gcc/nios2-elf/5.3.0/../../../../../H-x86_64-pc-linux-gnu/nios2-elf/lib/mno-hw-mul/libc.a(lib_a-vfprintf.o)
 .text.___vfprintf_internal_r
                0x00000000080067d0     0x22dc /opt/intelFPGA_lite/18.1/nios2eds/bin/gnu/H-x86_64-pc-linux-gnu/bin/../lib/gcc/nios2-elf/5.3.0/../../../../../H-x86_64-pc-linux-gnu/nios2-elf/lib/mno-hw-mul/libc.a(lib_a-vfprintf.o)
                0x00000000080067d0                ___vfprintf_internal_r
 .text.__vfprintf_internal
                0x0000000008008aac       0x1c /opt/intelFPGA_lite/18.1/nios2eds/bin/gnu/H-x86_64-pc-linux-gnu/bin/../lib/gcc/nios2-elf/5.3.0/../../../../../H-x86_64-pc-linux-gnu/nios2-elf/lib/mno-hw-mul/libc.a(lib_a-vfprintf.o)
                0x0000000008008aac                __vfprintf_internal
 .text.__sbprintf
                0x0000000008008ac8       0xbc /opt/intelFPGA_lite/18.1/nios2eds/bin/gnu/H-x86_64-pc-linux-gnu/bin/../lib/gcc/nios2-elf/5.3.0/../../../../../H-x86_64-pc-linux-gnu/nios2-elf/lib/mno-hw-mul/libc.a(lib_a-vfprintf.o)
 .text          0x0000000008008b84        0x0 /opt/intelFPGA_lite/18.1/nios2eds/bin/gnu/H-x86_64-pc-linux-gnu/bin/../lib/gcc/nios2-elf/5.3.0/../../../../../H-x86_64-pc-linux-gnu/nios2-elf/lib/mno-hw-mul/libc.a(lib_a-wsetup.o)
 .text.__swsetup_r
                0x0000000008008b84      0x154 /opt/intelFPGA_lite/18.1/nios2eds/bin/gnu/H-x86_64-pc-linux-gnu/bin/../lib/gcc/nios2-elf/5.3.0/../../../../../H-x86_64-pc-linux-gnu/nios2-elf/lib/mno-hw-mul/libc.a(lib_a-wsetup.o)
                0x0000000008008b84                __swsetup_r
 .text          0x0000000008008cd8        0x0 /opt/intelFPGA_lite/18.1/nios2eds/bin/gnu/H-x86_64-pc-linux-gnu/bin/../lib/gcc/nios2-elf/5.3.0/../../../../../H-x86_64-pc-linux-gnu/nios2-elf/lib/mno-hw-mul/libc.a(lib_a-dtoa.o)
 .text.quorem   0x0000000008008cd8      0x228 /opt/intelFPGA_lite/18.1/nios2eds/bin/gnu/H-x86_64-pc-linux-gnu/bin/../lib/gcc/nios2-elf/5.3.0/../../../../../H-x86_64-pc-linux-gnu/nios2-elf/lib/mno-hw-mul/libc.a(lib_a-dtoa.o)
 .text._dtoa_r  0x0000000008008f00     0x1688 /opt/intelFPGA_lite/18.1/nios2eds/bin/gnu/H-x86_64-pc-linux-gnu/bin/../lib/gcc/nios2-elf/5.3.0/../../../../../H-x86_64-pc-linux-gnu/nios2-elf/lib/mno-hw-mul/libc.a(lib_a-dtoa.o)
                0x0000000008008f00                _dtoa_r
 .text          0x000000000800a588        0x0 /opt/intelFPGA_lite/18.1/nios2eds/bin/gnu/H-x86_64-pc-linux-gnu/bin/../lib/gcc/nios2-elf/5.3.0/../../../../../H-x86_64-pc-linux-gnu/nios2-elf/lib/mno-hw-mul/libc.a(lib_a-fflush.o)
 .text.__sflush_r
                0x000000000800a588      0x21c /opt/intelFPGA_lite/18.1/nios2eds/bin/gnu/H-x86_64-pc-linux-gnu/bin/../lib/gcc/nios2-elf/5.3.0/../../../../../H-x86_64-pc-linux-gnu/nios2-elf/lib/mno-hw-mul/libc.a(lib_a-fflush.o)
                0x000000000800a588                __sflush_r
 .text._fflush_r
                0x000000000800a7a4       0x5c /opt/intelFPGA_lite/18.1/nios2eds/bin/gnu/H-x86_64-pc-linux-gnu/bin/../lib/gcc/nios2-elf/5.3.0/../../../../../H-x86_64-pc-linux-gnu/nios2-elf/lib/mno-hw-mul/libc.a(lib_a-fflush.o)
                0x000000000800a7a4                _fflush_r
 .text.fflush   0x000000000800a800       0x30 /opt/intelFPGA_lite/18.1/nios2eds/bin/gnu/H-x86_64-pc-linux-gnu/bin/../lib/gcc/nios2-elf/5.3.0/../../../../../H-x86_64-pc-linux-gnu/nios2-elf/lib/mno-hw-mul/libc.a(lib_a-fflush.o)
                0x000000000800a800                fflush
 .text          0x000000000800a830        0x0 /opt/intelFPGA_lite/18.1/nios2eds/bin/gnu/H-x86_64-pc-linux-gnu/bin/../lib/gcc/nios2-elf/5.3.0/../../../../../H-x86_64-pc-linux-gnu/nios2-elf/lib/mno-hw-mul/libc.a(lib_a-findfp.o)
 .text.__fp_unlock
                0x000000000800a830        0x8 /opt/intelFPGA_lite/18.1/nios2eds/bin/gnu/H-x86_64-pc-linux-gnu/bin/../lib/gcc/nios2-elf/5.3.0/../../../../../H-x86_64-pc-linux-gnu/nios2-elf/lib/mno-hw-mul/libc.a(lib_a-findfp.o)
 .text._cleanup_r
                0x000000000800a838        0xc /opt/intelFPGA_lite/18.1/nios2eds/bin/gnu/H-x86_64-pc-linux-gnu/bin/../lib/gcc/nios2-elf/5.3.0/../../../../../H-x86_64-pc-linux-gnu/nios2-elf/lib/mno-hw-mul/libc.a(lib_a-findfp.o)
                0x000000000800a838                _cleanup_r
 .text.__sinit.part.1
                0x000000000800a844      0x19c /opt/intelFPGA_lite/18.1/nios2eds/bin/gnu/H-x86_64-pc-linux-gnu/bin/../lib/gcc/nios2-elf/5.3.0/../../../../../H-x86_64-pc-linux-gnu/nios2-elf/lib/mno-hw-mul/libc.a(lib_a-findfp.o)
 .text.__fp_lock
                0x000000000800a9e0        0x8 /opt/intelFPGA_lite/18.1/nios2eds/bin/gnu/H-x86_64-pc-linux-gnu/bin/../lib/gcc/nios2-elf/5.3.0/../../../../../H-x86_64-pc-linux-gnu/nios2-elf/lib/mno-hw-mul/libc.a(lib_a-findfp.o)
 .text.__sfmoreglue
                0x000000000800a9e8       0x78 /opt/intelFPGA_lite/18.1/nios2eds/bin/gnu/H-x86_64-pc-linux-gnu/bin/../lib/gcc/nios2-elf/5.3.0/../../../../../H-x86_64-pc-linux-gnu/nios2-elf/lib/mno-hw-mul/libc.a(lib_a-findfp.o)
                0x000000000800a9e8                __sfmoreglue
 .text.__sfp    0x000000000800aa60      0x118 /opt/intelFPGA_lite/18.1/nios2eds/bin/gnu/H-x86_64-pc-linux-gnu/bin/../lib/gcc/nios2-elf/5.3.0/../../../../../H-x86_64-pc-linux-gnu/nios2-elf/lib/mno-hw-mul/libc.a(lib_a-findfp.o)
                0x000000000800aa60                __sfp
 .text._cleanup
                0x000000000800ab78       0x18 /opt/intelFPGA_lite/18.1/nios2eds/bin/gnu/H-x86_64-pc-linux-gnu/bin/../lib/gcc/nios2-elf/5.3.0/../../../../../H-x86_64-pc-linux-gnu/nios2-elf/lib/mno-hw-mul/libc.a(lib_a-findfp.o)
                0x000000000800ab78                _cleanup
 .text.__sinit  0x000000000800ab90       0x10 /opt/intelFPGA_lite/18.1/nios2eds/bin/gnu/H-x86_64-pc-linux-gnu/bin/../lib/gcc/nios2-elf/5.3.0/../../../../../H-x86_64-pc-linux-gnu/nios2-elf/lib/mno-hw-mul/libc.a(lib_a-findfp.o)
                0x000000000800ab90                __sinit
 .text.__sfp_lock_acquire
                0x000000000800aba0        0x4 /opt/intelFPGA_lite/18.1/nios2eds/bin/gnu/H-x86_64-pc-linux-gnu/bin/../lib/gcc/nios2-elf/5.3.0/../../../../../H-x86_64-pc-linux-gnu/nios2-elf/lib/mno-hw-mul/libc.a(lib_a-findfp.o)
                0x000000000800aba0                __sfp_lock_acquire
 .text.__sfp_lock_release
                0x000000000800aba4        0x4 /opt/intelFPGA_lite/18.1/nios2eds/bin/gnu/H-x86_64-pc-linux-gnu/bin/../lib/gcc/nios2-elf/5.3.0/../../../../../H-x86_64-pc-linux-gnu/nios2-elf/lib/mno-hw-mul/libc.a(lib_a-findfp.o)
                0x000000000800aba4                __sfp_lock_release
 .text.__sinit_lock_acquire
                0x000000000800aba8        0x4 /opt/intelFPGA_lite/18.1/nios2eds/bin/gnu/H-x86_64-pc-linux-gnu/bin/../lib/gcc/nios2-elf/5.3.0/../../../../../H-x86_64-pc-linux-gnu/nios2-elf/lib/mno-hw-mul/libc.a(lib_a-findfp.o)
                0x000000000800aba8                __sinit_lock_acquire
 .text.__sinit_lock_release
                0x000000000800abac        0x4 /opt/intelFPGA_lite/18.1/nios2eds/bin/gnu/H-x86_64-pc-linux-gnu/bin/../lib/gcc/nios2-elf/5.3.0/../../../../../H-x86_64-pc-linux-gnu/nios2-elf/lib/mno-hw-mul/libc.a(lib_a-findfp.o)
                0x000000000800abac                __sinit_lock_release
 .text.__fp_lock_all
                0x000000000800abb0       0x18 /opt/intelFPGA_lite/18.1/nios2eds/bin/gnu/H-x86_64-pc-linux-gnu/bin/../lib/gcc/nios2-elf/5.3.0/../../../../../H-x86_64-pc-linux-gnu/nios2-elf/lib/mno-hw-mul/libc.a(lib_a-findfp.o)
                0x000000000800abb0                __fp_lock_all
 .text.__fp_unlock_all
                0x000000000800abc8       0x18 /opt/intelFPGA_lite/18.1/nios2eds/bin/gnu/H-x86_64-pc-linux-gnu/bin/../lib/gcc/nios2-elf/5.3.0/../../../../../H-x86_64-pc-linux-gnu/nios2-elf/lib/mno-hw-mul/libc.a(lib_a-findfp.o)
                0x000000000800abc8                __fp_unlock_all
 .text          0x000000000800abe0        0x0 /opt/intelFPGA_lite/18.1/nios2eds/bin/gnu/H-x86_64-pc-linux-gnu/bin/../lib/gcc/nios2-elf/5.3.0/../../../../../H-x86_64-pc-linux-gnu/nios2-elf/lib/mno-hw-mul/libc.a(lib_a-freer.o)
 .text._malloc_trim_r
                0x000000000800abe0      0x124 /opt/intelFPGA_lite/18.1/nios2eds/bin/gnu/H-x86_64-pc-linux-gnu/bin/../lib/gcc/nios2-elf/5.3.0/../../../../../H-x86_64-pc-linux-gnu/nios2-elf/lib/mno-hw-mul/libc.a(lib_a-freer.o)
                0x000000000800abe0                _malloc_trim_r
 .text._free_r  0x000000000800ad04      0x310 /opt/intelFPGA_lite/18.1/nios2eds/bin/gnu/H-x86_64-pc-linux-gnu/bin/../lib/gcc/nios2-elf/5.3.0/../../../../../H-x86_64-pc-linux-gnu/nios2-elf/lib/mno-hw-mul/libc.a(lib_a-freer.o)
                0x000000000800ad04                _free_r
 .text          0x000000000800b014        0x0 /opt/intelFPGA_lite/18.1/nios2eds/bin/gnu/H-x86_64-pc-linux-gnu/bin/../lib/gcc/nios2-elf/5.3.0/../../../../../H-x86_64-pc-linux-gnu/nios2-elf/lib/mno-hw-mul/libc.a(lib_a-fvwrite.o)
 .text.__sfvwrite_r
                0x000000000800b014      0x4c8 /opt/intelFPGA_lite/18.1/nios2eds/bin/gnu/H-x86_64-pc-linux-gnu/bin/../lib/gcc/nios2-elf/5.3.0/../../../../../H-x86_64-pc-linux-gnu/nios2-elf/lib/mno-hw-mul/libc.a(lib_a-fvwrite.o)
                0x000000000800b014                __sfvwrite_r
 .text          0x000000000800b4dc        0x0 /opt/intelFPGA_lite/18.1/nios2eds/bin/gnu/H-x86_64-pc-linux-gnu/bin/../lib/gcc/nios2-elf/5.3.0/../../../../../H-x86_64-pc-linux-gnu/nios2-elf/lib/mno-hw-mul/libc.a(lib_a-fwalk.o)
 .text._fwalk   0x000000000800b4dc       0xc4 /opt/intelFPGA_lite/18.1/nios2eds/bin/gnu/H-x86_64-pc-linux-gnu/bin/../lib/gcc/nios2-elf/5.3.0/../../../../../H-x86_64-pc-linux-gnu/nios2-elf/lib/mno-hw-mul/libc.a(lib_a-fwalk.o)
                0x000000000800b4dc                _fwalk
 .text._fwalk_reent
                0x000000000800b5a0       0xc4 /opt/intelFPGA_lite/18.1/nios2eds/bin/gnu/H-x86_64-pc-linux-gnu/bin/../lib/gcc/nios2-elf/5.3.0/../../../../../H-x86_64-pc-linux-gnu/nios2-elf/lib/mno-hw-mul/libc.a(lib_a-fwalk.o)
                0x000000000800b5a0                _fwalk_reent
 .text          0x000000000800b664        0x0 /opt/intelFPGA_lite/18.1/nios2eds/bin/gnu/H-x86_64-pc-linux-gnu/bin/../lib/gcc/nios2-elf/5.3.0/../../../../../H-x86_64-pc-linux-gnu/nios2-elf/lib/mno-hw-mul/libc.a(lib_a-gettimeofdayr.o)
 .text._gettimeofday_r
                0x000000000800b664       0x5c /opt/intelFPGA_lite/18.1/nios2eds/bin/gnu/H-x86_64-pc-linux-gnu/bin/../lib/gcc/nios2-elf/5.3.0/../../../../../H-x86_64-pc-linux-gnu/nios2-elf/lib/mno-hw-mul/libc.a(lib_a-gettimeofdayr.o)
                0x000000000800b664                _gettimeofday_r
 .text          0x000000000800b6c0        0x0 /opt/intelFPGA_lite/18.1/nios2eds/bin/gnu/H-x86_64-pc-linux-gnu/bin/../lib/gcc/nios2-elf/5.3.0/../../../../../H-x86_64-pc-linux-gnu/nios2-elf/lib/mno-hw-mul/libc.a(lib_a-int_errno.o)
 .text          0x000000000800b6c0        0x0 /opt/intelFPGA_lite/18.1/nios2eds/bin/gnu/H-x86_64-pc-linux-gnu/bin/../lib/gcc/nios2-elf/5.3.0/../../../../../H-x86_64-pc-linux-gnu/nios2-elf/lib/mno-hw-mul/libc.a(lib_a-locale.o)
 .text._setlocale_r
                0x000000000800b6c0       0x7c /opt/intelFPGA_lite/18.1/nios2eds/bin/gnu/H-x86_64-pc-linux-gnu/bin/../lib/gcc/nios2-elf/5.3.0/../../../../../H-x86_64-pc-linux-gnu/nios2-elf/lib/mno-hw-mul/libc.a(lib_a-locale.o)
                0x000000000800b6c0                _setlocale_r
 .text.__locale_charset
                0x000000000800b73c        0xc /opt/intelFPGA_lite/18.1/nios2eds/bin/gnu/H-x86_64-pc-linux-gnu/bin/../lib/gcc/nios2-elf/5.3.0/../../../../../H-x86_64-pc-linux-gnu/nios2-elf/lib/mno-hw-mul/libc.a(lib_a-locale.o)
                0x000000000800b73c                __locale_charset
 .text.__locale_mb_cur_max
                0x000000000800b748       0x10 /opt/intelFPGA_lite/18.1/nios2eds/bin/gnu/H-x86_64-pc-linux-gnu/bin/../lib/gcc/nios2-elf/5.3.0/../../../../../H-x86_64-pc-linux-gnu/nios2-elf/lib/mno-hw-mul/libc.a(lib_a-locale.o)
                0x000000000800b748                __locale_mb_cur_max
 .text.__locale_msgcharset
                0x000000000800b758        0xc /opt/intelFPGA_lite/18.1/nios2eds/bin/gnu/H-x86_64-pc-linux-gnu/bin/../lib/gcc/nios2-elf/5.3.0/../../../../../H-x86_64-pc-linux-gnu/nios2-elf/lib/mno-hw-mul/libc.a(lib_a-locale.o)
                0x000000000800b758                __locale_msgcharset
 .text.__locale_cjk_lang
                0x000000000800b764        0x8 /opt/intelFPGA_lite/18.1/nios2eds/bin/gnu/H-x86_64-pc-linux-gnu/bin/../lib/gcc/nios2-elf/5.3.0/../../../../../H-x86_64-pc-linux-gnu/nios2-elf/lib/mno-hw-mul/libc.a(lib_a-locale.o)
                0x000000000800b764                __locale_cjk_lang
 .text._localeconv_r
                0x000000000800b76c        0xc /opt/intelFPGA_lite/18.1/nios2eds/bin/gnu/H-x86_64-pc-linux-gnu/bin/../lib/gcc/nios2-elf/5.3.0/../../../../../H-x86_64-pc-linux-gnu/nios2-elf/lib/mno-hw-mul/libc.a(lib_a-locale.o)
                0x000000000800b76c                _localeconv_r
 .text.setlocale
                0x000000000800b778       0x18 /opt/intelFPGA_lite/18.1/nios2eds/bin/gnu/H-x86_64-pc-linux-gnu/bin/../lib/gcc/nios2-elf/5.3.0/../../../../../H-x86_64-pc-linux-gnu/nios2-elf/lib/mno-hw-mul/libc.a(lib_a-locale.o)
                0x000000000800b778                setlocale
 .text.localeconv
                0x000000000800b790        0xc /opt/intelFPGA_lite/18.1/nios2eds/bin/gnu/H-x86_64-pc-linux-gnu/bin/../lib/gcc/nios2-elf/5.3.0/../../../../../H-x86_64-pc-linux-gnu/nios2-elf/lib/mno-hw-mul/libc.a(lib_a-locale.o)
                0x000000000800b790                localeconv
 .text          0x000000000800b79c        0x0 /opt/intelFPGA_lite/18.1/nios2eds/bin/gnu/H-x86_64-pc-linux-gnu/bin/../lib/gcc/nios2-elf/5.3.0/../../../../../H-x86_64-pc-linux-gnu/nios2-elf/lib/mno-hw-mul/libc.a(lib_a-makebuf.o)
 .text.__smakebuf_r
                0x000000000800b79c      0x1bc /opt/intelFPGA_lite/18.1/nios2eds/bin/gnu/H-x86_64-pc-linux-gnu/bin/../lib/gcc/nios2-elf/5.3.0/../../../../../H-x86_64-pc-linux-gnu/nios2-elf/lib/mno-hw-mul/libc.a(lib_a-makebuf.o)
                0x000000000800b79c                __smakebuf_r
 .text          0x000000000800b958        0x0 /opt/intelFPGA_lite/18.1/nios2eds/bin/gnu/H-x86_64-pc-linux-gnu/bin/../lib/gcc/nios2-elf/5.3.0/../../../../../H-x86_64-pc-linux-gnu/nios2-elf/lib/mno-hw-mul/libc.a(lib_a-mallocr.o)
 .text._malloc_r
                0x000000000800b958      0x80c /opt/intelFPGA_lite/18.1/nios2eds/bin/gnu/H-x86_64-pc-linux-gnu/bin/../lib/gcc/nios2-elf/5.3.0/../../../../../H-x86_64-pc-linux-gnu/nios2-elf/lib/mno-hw-mul/libc.a(lib_a-mallocr.o)
                0x000000000800b958                _malloc_r
 .text          0x000000000800c164        0x0 /opt/intelFPGA_lite/18.1/nios2eds/bin/gnu/H-x86_64-pc-linux-gnu/bin/../lib/gcc/nios2-elf/5.3.0/../../../../../H-x86_64-pc-linux-gnu/nios2-elf/lib/mno-hw-mul/libc.a(lib_a-memchr.o)
 .text.memchr   0x000000000800c164       0xe4 /opt/intelFPGA_lite/18.1/nios2eds/bin/gnu/H-x86_64-pc-linux-gnu/bin/../lib/gcc/nios2-elf/5.3.0/../../../../../H-x86_64-pc-linux-gnu/nios2-elf/lib/mno-hw-mul/libc.a(lib_a-memchr.o)
                0x000000000800c164                memchr
 .text          0x000000000800c248        0x0 /opt/intelFPGA_lite/18.1/nios2eds/bin/gnu/H-x86_64-pc-linux-gnu/bin/../lib/gcc/nios2-elf/5.3.0/../../../../../H-x86_64-pc-linux-gnu/nios2-elf/lib/mno-hw-mul/libc.a(lib_a-memmove.o)
 .text.memmove  0x000000000800c248      0x15c /opt/intelFPGA_lite/18.1/nios2eds/bin/gnu/H-x86_64-pc-linux-gnu/bin/../lib/gcc/nios2-elf/5.3.0/../../../../../H-x86_64-pc-linux-gnu/nios2-elf/lib/mno-hw-mul/libc.a(lib_a-memmove.o)
                0x000000000800c248                memmove
 .text          0x000000000800c3a4        0x0 /opt/intelFPGA_lite/18.1/nios2eds/bin/gnu/H-x86_64-pc-linux-gnu/bin/../lib/gcc/nios2-elf/5.3.0/../../../../../H-x86_64-pc-linux-gnu/nios2-elf/lib/mno-hw-mul/libc.a(lib_a-mprec.o)
 .text._Balloc  0x000000000800c3a4       0xa8 /opt/intelFPGA_lite/18.1/nios2eds/bin/gnu/H-x86_64-pc-linux-gnu/bin/../lib/gcc/nios2-elf/5.3.0/../../../../../H-x86_64-pc-linux-gnu/nios2-elf/lib/mno-hw-mul/libc.a(lib_a-mprec.o)
                0x000000000800c3a4                _Balloc
 .text._Bfree   0x000000000800c44c       0x28 /opt/intelFPGA_lite/18.1/nios2eds/bin/gnu/H-x86_64-pc-linux-gnu/bin/../lib/gcc/nios2-elf/5.3.0/../../../../../H-x86_64-pc-linux-gnu/nios2-elf/lib/mno-hw-mul/libc.a(lib_a-mprec.o)
                0x000000000800c44c                _Bfree
 .text.__multadd
                0x000000000800c474      0x148 /opt/intelFPGA_lite/18.1/nios2eds/bin/gnu/H-x86_64-pc-linux-gnu/bin/../lib/gcc/nios2-elf/5.3.0/../../../../../H-x86_64-pc-linux-gnu/nios2-elf/lib/mno-hw-mul/libc.a(lib_a-mprec.o)
                0x000000000800c474                __multadd
 .text.__s2b    0x000000000800c5bc      0x104 /opt/intelFPGA_lite/18.1/nios2eds/bin/gnu/H-x86_64-pc-linux-gnu/bin/../lib/gcc/nios2-elf/5.3.0/../../../../../H-x86_64-pc-linux-gnu/nios2-elf/lib/mno-hw-mul/libc.a(lib_a-mprec.o)
                0x000000000800c5bc                __s2b
 .text.__hi0bits
                0x000000000800c6c0       0x68 /opt/intelFPGA_lite/18.1/nios2eds/bin/gnu/H-x86_64-pc-linux-gnu/bin/../lib/gcc/nios2-elf/5.3.0/../../../../../H-x86_64-pc-linux-gnu/nios2-elf/lib/mno-hw-mul/libc.a(lib_a-mprec.o)
                0x000000000800c6c0                __hi0bits
 .text.__lo0bits
                0x000000000800c728       0xb0 /opt/intelFPGA_lite/18.1/nios2eds/bin/gnu/H-x86_64-pc-linux-gnu/bin/../lib/gcc/nios2-elf/5.3.0/../../../../../H-x86_64-pc-linux-gnu/nios2-elf/lib/mno-hw-mul/libc.a(lib_a-mprec.o)
                0x000000000800c728                __lo0bits
 .text.__i2b    0x000000000800c7d8       0x3c /opt/intelFPGA_lite/18.1/nios2eds/bin/gnu/H-x86_64-pc-linux-gnu/bin/../lib/gcc/nios2-elf/5.3.0/../../../../../H-x86_64-pc-linux-gnu/nios2-elf/lib/mno-hw-mul/libc.a(lib_a-mprec.o)
                0x000000000800c7d8                __i2b
 .text.__multiply
                0x000000000800c814      0x28c /opt/intelFPGA_lite/18.1/nios2eds/bin/gnu/H-x86_64-pc-linux-gnu/bin/../lib/gcc/nios2-elf/5.3.0/../../../../../H-x86_64-pc-linux-gnu/nios2-elf/lib/mno-hw-mul/libc.a(lib_a-mprec.o)
                0x000000000800c814                __multiply
 .text.__pow5mult
                0x000000000800caa0      0x140 /opt/intelFPGA_lite/18.1/nios2eds/bin/gnu/H-x86_64-pc-linux-gnu/bin/../lib/gcc/nios2-elf/5.3.0/../../../../../H-x86_64-pc-linux-gnu/nios2-elf/lib/mno-hw-mul/libc.a(lib_a-mprec.o)
                0x000000000800caa0                __pow5mult
 .text.__lshift
                0x000000000800cbe0      0x148 /opt/intelFPGA_lite/18.1/nios2eds/bin/gnu/H-x86_64-pc-linux-gnu/bin/../lib/gcc/nios2-elf/5.3.0/../../../../../H-x86_64-pc-linux-gnu/nios2-elf/lib/mno-hw-mul/libc.a(lib_a-mprec.o)
                0x000000000800cbe0                __lshift
 .text.__mcmp   0x000000000800cd28       0x60 /opt/intelFPGA_lite/18.1/nios2eds/bin/gnu/H-x86_64-pc-linux-gnu/bin/../lib/gcc/nios2-elf/5.3.0/../../../../../H-x86_64-pc-linux-gnu/nios2-elf/lib/mno-hw-mul/libc.a(lib_a-mprec.o)
                0x000000000800cd28                __mcmp
 .text.__mdiff  0x000000000800cd88      0x1fc /opt/intelFPGA_lite/18.1/nios2eds/bin/gnu/H-x86_64-pc-linux-gnu/bin/../lib/gcc/nios2-elf/5.3.0/../../../../../H-x86_64-pc-linux-gnu/nios2-elf/lib/mno-hw-mul/libc.a(lib_a-mprec.o)
                0x000000000800cd88                __mdiff
 .text.__ulp    0x000000000800cf84       0x64 /opt/intelFPGA_lite/18.1/nios2eds/bin/gnu/H-x86_64-pc-linux-gnu/bin/../lib/gcc/nios2-elf/5.3.0/../../../../../H-x86_64-pc-linux-gnu/nios2-elf/lib/mno-hw-mul/libc.a(lib_a-mprec.o)
                0x000000000800cf84                __ulp
 .text.__b2d    0x000000000800cfe8      0x10c /opt/intelFPGA_lite/18.1/nios2eds/bin/gnu/H-x86_64-pc-linux-gnu/bin/../lib/gcc/nios2-elf/5.3.0/../../../../../H-x86_64-pc-linux-gnu/nios2-elf/lib/mno-hw-mul/libc.a(lib_a-mprec.o)
                0x000000000800cfe8                __b2d
 .text.__d2b    0x000000000800d0f4      0x14c /opt/intelFPGA_lite/18.1/nios2eds/bin/gnu/H-x86_64-pc-linux-gnu/bin/../lib/gcc/nios2-elf/5.3.0/../../../../../H-x86_64-pc-linux-gnu/nios2-elf/lib/mno-hw-mul/libc.a(lib_a-mprec.o)
                0x000000000800d0f4                __d2b
 .text.__ratio  0x000000000800d240       0xa4 /opt/intelFPGA_lite/18.1/nios2eds/bin/gnu/H-x86_64-pc-linux-gnu/bin/../lib/gcc/nios2-elf/5.3.0/../../../../../H-x86_64-pc-linux-gnu/nios2-elf/lib/mno-hw-mul/libc.a(lib_a-mprec.o)
                0x000000000800d240                __ratio
 .text._mprec_log10
                0x000000000800d2e4       0x74 /opt/intelFPGA_lite/18.1/nios2eds/bin/gnu/H-x86_64-pc-linux-gnu/bin/../lib/gcc/nios2-elf/5.3.0/../../../../../H-x86_64-pc-linux-gnu/nios2-elf/lib/mno-hw-mul/libc.a(lib_a-mprec.o)
                0x000000000800d2e4                _mprec_log10
 .text.__copybits
                0x000000000800d358       0x78 /opt/intelFPGA_lite/18.1/nios2eds/bin/gnu/H-x86_64-pc-linux-gnu/bin/../lib/gcc/nios2-elf/5.3.0/../../../../../H-x86_64-pc-linux-gnu/nios2-elf/lib/mno-hw-mul/libc.a(lib_a-mprec.o)
                0x000000000800d358                __copybits
 .text.__any_on
                0x000000000800d3d0       0x8c /opt/intelFPGA_lite/18.1/nios2eds/bin/gnu/H-x86_64-pc-linux-gnu/bin/../lib/gcc/nios2-elf/5.3.0/../../../../../H-x86_64-pc-linux-gnu/nios2-elf/lib/mno-hw-mul/libc.a(lib_a-mprec.o)
                0x000000000800d3d0                __any_on
 .text          0x000000000800d45c        0x0 /opt/intelFPGA_lite/18.1/nios2eds/bin/gnu/H-x86_64-pc-linux-gnu/bin/../lib/gcc/nios2-elf/5.3.0/../../../../../H-x86_64-pc-linux-gnu/nios2-elf/lib/mno-hw-mul/libc.a(lib_a-putc.o)
 .text._putc_r  0x000000000800d45c       0xa0 /opt/intelFPGA_lite/18.1/nios2eds/bin/gnu/H-x86_64-pc-linux-gnu/bin/../lib/gcc/nios2-elf/5.3.0/../../../../../H-x86_64-pc-linux-gnu/nios2-elf/lib/mno-hw-mul/libc.a(lib_a-putc.o)
                0x000000000800d45c                _putc_r
 .text.putc     0x000000000800d4fc       0xc8 /opt/intelFPGA_lite/18.1/nios2eds/bin/gnu/H-x86_64-pc-linux-gnu/bin/../lib/gcc/nios2-elf/5.3.0/../../../../../H-x86_64-pc-linux-gnu/nios2-elf/lib/mno-hw-mul/libc.a(lib_a-putc.o)
                0x000000000800d4fc                putc
 .text          0x000000000800d5c4        0x0 /opt/intelFPGA_lite/18.1/nios2eds/bin/gnu/H-x86_64-pc-linux-gnu/bin/../lib/gcc/nios2-elf/5.3.0/../../../../../H-x86_64-pc-linux-gnu/nios2-elf/lib/mno-hw-mul/libc.a(lib_a-reallocr.o)
 .text._realloc_r
                0x000000000800d5c4      0x564 /opt/intelFPGA_lite/18.1/nios2eds/bin/gnu/H-x86_64-pc-linux-gnu/bin/../lib/gcc/nios2-elf/5.3.0/../../../../../H-x86_64-pc-linux-gnu/nios2-elf/lib/mno-hw-mul/libc.a(lib_a-reallocr.o)
                0x000000000800d5c4                _realloc_r
 .text          0x000000000800db28        0x0 /opt/intelFPGA_lite/18.1/nios2eds/bin/gnu/H-x86_64-pc-linux-gnu/bin/../lib/gcc/nios2-elf/5.3.0/../../../../../H-x86_64-pc-linux-gnu/nios2-elf/lib/mno-hw-mul/libc.a(lib_a-s_fpclassify.o)
 .text.__fpclassifyd
                0x000000000800db28       0x74 /opt/intelFPGA_lite/18.1/nios2eds/bin/gnu/H-x86_64-pc-linux-gnu/bin/../lib/gcc/nios2-elf/5.3.0/../../../../../H-x86_64-pc-linux-gnu/nios2-elf/lib/mno-hw-mul/libc.a(lib_a-s_fpclassify.o)
                0x000000000800db28                __fpclassifyd
 .text          0x000000000800db9c        0x0 /opt/intelFPGA_lite/18.1/nios2eds/bin/gnu/H-x86_64-pc-linux-gnu/bin/../lib/gcc/nios2-elf/5.3.0/../../../../../H-x86_64-pc-linux-gnu/nios2-elf/lib/mno-hw-mul/libc.a(lib_a-sbrkr.o)
 .text._sbrk_r  0x000000000800db9c       0x54 /opt/intelFPGA_lite/18.1/nios2eds/bin/gnu/H-x86_64-pc-linux-gnu/bin/../lib/gcc/nios2-elf/5.3.0/../../../../../H-x86_64-pc-linux-gnu/nios2-elf/lib/mno-hw-mul/libc.a(lib_a-sbrkr.o)
                0x000000000800db9c                _sbrk_r
 .text          0x000000000800dbf0        0x0 /opt/intelFPGA_lite/18.1/nios2eds/bin/gnu/H-x86_64-pc-linux-gnu/bin/../lib/gcc/nios2-elf/5.3.0/../../../../../H-x86_64-pc-linux-gnu/nios2-elf/lib/mno-hw-mul/libc.a(lib_a-stdio.o)
 .text.__sread  0x000000000800dbf0       0x54 /opt/intelFPGA_lite/18.1/nios2eds/bin/gnu/H-x86_64-pc-linux-gnu/bin/../lib/gcc/nios2-elf/5.3.0/../../../../../H-x86_64-pc-linux-gnu/nios2-elf/lib/mno-hw-mul/libc.a(lib_a-stdio.o)
                0x000000000800dbf0                __sread
 .text.__seofread
                0x000000000800dc44        0x8 /opt/intelFPGA_lite/18.1/nios2eds/bin/gnu/H-x86_64-pc-linux-gnu/bin/../lib/gcc/nios2-elf/5.3.0/../../../../../H-x86_64-pc-linux-gnu/nios2-elf/lib/mno-hw-mul/libc.a(lib_a-stdio.o)
                0x000000000800dc44                __seofread
 .text.__swrite
                0x000000000800dc4c       0x7c /opt/intelFPGA_lite/18.1/nios2eds/bin/gnu/H-x86_64-pc-linux-gnu/bin/../lib/gcc/nios2-elf/5.3.0/../../../../../H-x86_64-pc-linux-gnu/nios2-elf/lib/mno-hw-mul/libc.a(lib_a-stdio.o)
                0x000000000800dc4c                __swrite
 .text.__sseek  0x000000000800dcc8       0x5c /opt/intelFPGA_lite/18.1/nios2eds/bin/gnu/H-x86_64-pc-linux-gnu/bin/../lib/gcc/nios2-elf/5.3.0/../../../../../H-x86_64-pc-linux-gnu/nios2-elf/lib/mno-hw-mul/libc.a(lib_a-stdio.o)
                0x000000000800dcc8                __sseek
 .text.__sclose
                0x000000000800dd24        0x8 /opt/intelFPGA_lite/18.1/nios2eds/bin/gnu/H-x86_64-pc-linux-gnu/bin/../lib/gcc/nios2-elf/5.3.0/../../../../../H-x86_64-pc-linux-gnu/nios2-elf/lib/mno-hw-mul/libc.a(lib_a-stdio.o)
                0x000000000800dd24                __sclose
 .text          0x000000000800dd2c        0x0 /opt/intelFPGA_lite/18.1/nios2eds/bin/gnu/H-x86_64-pc-linux-gnu/bin/../lib/gcc/nios2-elf/5.3.0/../../../../../H-x86_64-pc-linux-gnu/nios2-elf/lib/mno-hw-mul/libc.a(lib_a-strcmp.o)
 .text.strcmp   0x000000000800dd2c       0xdc /opt/intelFPGA_lite/18.1/nios2eds/bin/gnu/H-x86_64-pc-linux-gnu/bin/../lib/gcc/nios2-elf/5.3.0/../../../../../H-x86_64-pc-linux-gnu/nios2-elf/lib/mno-hw-mul/libc.a(lib_a-strcmp.o)
                0x000000000800dd2c                strcmp
 .text          0x000000000800de08        0x0 /opt/intelFPGA_lite/18.1/nios2eds/bin/gnu/H-x86_64-pc-linux-gnu/bin/../lib/gcc/nios2-elf/5.3.0/../../../../../H-x86_64-pc-linux-gnu/nios2-elf/lib/mno-hw-mul/libc.a(lib_a-vfiprintf.o)
 .text.__sprint_r.part.0
                0x000000000800de08       0xfc /opt/intelFPGA_lite/18.1/nios2eds/bin/gnu/H-x86_64-pc-linux-gnu/bin/../lib/gcc/nios2-elf/5.3.0/../../../../../H-x86_64-pc-linux-gnu/nios2-elf/lib/mno-hw-mul/libc.a(lib_a-vfiprintf.o)
 .text.__sprint_r
                0x000000000800df04       0x18 /opt/intelFPGA_lite/18.1/nios2eds/bin/gnu/H-x86_64-pc-linux-gnu/bin/../lib/gcc/nios2-elf/5.3.0/../../../../../H-x86_64-pc-linux-gnu/nios2-elf/lib/mno-hw-mul/libc.a(lib_a-vfiprintf.o)
                0x000000000800df04                __sprint_r
 .text.___vfiprintf_internal_r
                0x000000000800df1c     0x150c /opt/intelFPGA_lite/18.1/nios2eds/bin/gnu/H-x86_64-pc-linux-gnu/bin/../lib/gcc/nios2-elf/5.3.0/../../../../../H-x86_64-pc-linux-gnu/nios2-elf/lib/mno-hw-mul/libc.a(lib_a-vfiprintf.o)
                0x000000000800df1c                ___vfiprintf_internal_r
 .text.__vfiprintf_internal
                0x000000000800f428       0x1c /opt/intelFPGA_lite/18.1/nios2eds/bin/gnu/H-x86_64-pc-linux-gnu/bin/../lib/gcc/nios2-elf/5.3.0/../../../../../H-x86_64-pc-linux-gnu/nios2-elf/lib/mno-hw-mul/libc.a(lib_a-vfiprintf.o)
                0x000000000800f428                __vfiprintf_internal
 .text.__sbprintf
                0x000000000800f444       0xbc /opt/intelFPGA_lite/18.1/nios2eds/bin/gnu/H-x86_64-pc-linux-gnu/bin/../lib/gcc/nios2-elf/5.3.0/../../../../../H-x86_64-pc-linux-gnu/nios2-elf/lib/mno-hw-mul/libc.a(lib_a-vfiprintf.o)
 .text          0x000000000800f500        0x0 /opt/intelFPGA_lite/18.1/nios2eds/bin/gnu/H-x86_64-pc-linux-gnu/bin/../lib/gcc/nios2-elf/5.3.0/../../../../../H-x86_64-pc-linux-gnu/nios2-elf/lib/mno-hw-mul/libc.a(lib_a-wbuf.o)
 .text.__swbuf_r
                0x000000000800f500      0x140 /opt/intelFPGA_lite/18.1/nios2eds/bin/gnu/H-x86_64-pc-linux-gnu/bin/../lib/gcc/nios2-elf/5.3.0/../../../../../H-x86_64-pc-linux-gnu/nios2-elf/lib/mno-hw-mul/libc.a(lib_a-wbuf.o)
                0x000000000800f500                __swbuf_r
 .text.__swbuf  0x000000000800f640       0x18 /opt/intelFPGA_lite/18.1/nios2eds/bin/gnu/H-x86_64-pc-linux-gnu/bin/../lib/gcc/nios2-elf/5.3.0/../../../../../H-x86_64-pc-linux-gnu/nios2-elf/lib/mno-hw-mul/libc.a(lib_a-wbuf.o)
                0x000000000800f640                __swbuf
 .text          0x000000000800f658        0x0 /opt/intelFPGA_lite/18.1/nios2eds/bin/gnu/H-x86_64-pc-linux-gnu/bin/../lib/gcc/nios2-elf/5.3.0/../../../../../H-x86_64-pc-linux-gnu/nios2-elf/lib/mno-hw-mul/libc.a(lib_a-writer.o)
 .text._write_r
                0x000000000800f658       0x60 /opt/intelFPGA_lite/18.1/nios2eds/bin/gnu/H-x86_64-pc-linux-gnu/bin/../lib/gcc/nios2-elf/5.3.0/../../../../../H-x86_64-pc-linux-gnu/nios2-elf/lib/mno-hw-mul/libc.a(lib_a-writer.o)
                0x000000000800f658                _write_r
 .text          0x000000000800f6b8        0x0 /opt/intelFPGA_lite/18.1/nios2eds/bin/gnu/H-x86_64-pc-linux-gnu/bin/../lib/gcc/nios2-elf/5.3.0/../../../../../H-x86_64-pc-linux-gnu/nios2-elf/lib/mno-hw-mul/libc.a(closer.o)
 .text._close_r
                0x000000000800f6b8       0x54 /opt/intelFPGA_lite/18.1/nios2eds/bin/gnu/H-x86_64-pc-linux-gnu/bin/../lib/gcc/nios2-elf/5.3.0/../../../../../H-x86_64-pc-linux-gnu/nios2-elf/lib/mno-hw-mul/libc.a(closer.o)
                0x000000000800f6b8                _close_r
 .text          0x000000000800f70c        0x0 /opt/intelFPGA_lite/18.1/nios2eds/bin/gnu/H-x86_64-pc-linux-gnu/bin/../lib/gcc/nios2-elf/5.3.0/../../../../../H-x86_64-pc-linux-gnu/nios2-elf/lib/mno-hw-mul/libc.a(lib_a-callocr.o)
 .text._calloc_r
                0x000000000800f70c       0xdc /opt/intelFPGA_lite/18.1/nios2eds/bin/gnu/H-x86_64-pc-linux-gnu/bin/../lib/gcc/nios2-elf/5.3.0/../../../../../H-x86_64-pc-linux-gnu/nios2-elf/lib/mno-hw-mul/libc.a(lib_a-callocr.o)
                0x000000000800f70c                _calloc_r
 .text          0x000000000800f7e8        0x0 /opt/intelFPGA_lite/18.1/nios2eds/bin/gnu/H-x86_64-pc-linux-gnu/bin/../lib/gcc/nios2-elf/5.3.0/../../../../../H-x86_64-pc-linux-gnu/nios2-elf/lib/mno-hw-mul/libc.a(lib_a-fclose.o)
 .text._fclose_r
                0x000000000800f7e8       0xf0 /opt/intelFPGA_lite/18.1/nios2eds/bin/gnu/H-x86_64-pc-linux-gnu/bin/../lib/gcc/nios2-elf/5.3.0/../../../../../H-x86_64-pc-linux-gnu/nios2-elf/lib/mno-hw-mul/libc.a(lib_a-fclose.o)
                0x000000000800f7e8                _fclose_r
 .text.fclose   0x000000000800f8d8       0x14 /opt/intelFPGA_lite/18.1/nios2eds/bin/gnu/H-x86_64-pc-linux-gnu/bin/../lib/gcc/nios2-elf/5.3.0/../../../../../H-x86_64-pc-linux-gnu/nios2-elf/lib/mno-hw-mul/libc.a(lib_a-fclose.o)
                0x000000000800f8d8                fclose
 .text          0x000000000800f8ec        0x0 /opt/intelFPGA_lite/18.1/nios2eds/bin/gnu/H-x86_64-pc-linux-gnu/bin/../lib/gcc/nios2-elf/5.3.0/../../../../../H-x86_64-pc-linux-gnu/nios2-elf/lib/mno-hw-mul/libc.a(lib_a-fputwc.o)
 .text.__fputwc
                0x000000000800f8ec      0x164 /opt/intelFPGA_lite/18.1/nios2eds/bin/gnu/H-x86_64-pc-linux-gnu/bin/../lib/gcc/nios2-elf/5.3.0/../../../../../H-x86_64-pc-linux-gnu/nios2-elf/lib/mno-hw-mul/libc.a(lib_a-fputwc.o)
                0x000000000800f8ec                __fputwc
 .text._fputwc_r
                0x000000000800fa50       0x24 /opt/intelFPGA_lite/18.1/nios2eds/bin/gnu/H-x86_64-pc-linux-gnu/bin/../lib/gcc/nios2-elf/5.3.0/../../../../../H-x86_64-pc-linux-gnu/nios2-elf/lib/mno-hw-mul/libc.a(lib_a-fputwc.o)
                0x000000000800fa50                _fputwc_r
 .text.fputwc   0x000000000800fa74       0x80 /opt/intelFPGA_lite/18.1/nios2eds/bin/gnu/H-x86_64-pc-linux-gnu/bin/../lib/gcc/nios2-elf/5.3.0/../../../../../H-x86_64-pc-linux-gnu/nios2-elf/lib/mno-hw-mul/libc.a(lib_a-fputwc.o)
                0x000000000800fa74                fputwc
 .text          0x000000000800faf4        0x0 /opt/intelFPGA_lite/18.1/nios2eds/bin/gnu/H-x86_64-pc-linux-gnu/bin/../lib/gcc/nios2-elf/5.3.0/../../../../../H-x86_64-pc-linux-gnu/nios2-elf/lib/mno-hw-mul/libc.a(lib_a-fstatr.o)
 .text._fstat_r
                0x000000000800faf4       0x5c /opt/intelFPGA_lite/18.1/nios2eds/bin/gnu/H-x86_64-pc-linux-gnu/bin/../lib/gcc/nios2-elf/5.3.0/../../../../../H-x86_64-pc-linux-gnu/nios2-elf/lib/mno-hw-mul/libc.a(lib_a-fstatr.o)
                0x000000000800faf4                _fstat_r
 .text          0x000000000800fb50        0x0 /opt/intelFPGA_lite/18.1/nios2eds/bin/gnu/H-x86_64-pc-linux-gnu/bin/../lib/gcc/nios2-elf/5.3.0/../../../../../H-x86_64-pc-linux-gnu/nios2-elf/lib/mno-hw-mul/libc.a(lib_a-isattyr.o)
 .text._isatty_r
                0x000000000800fb50       0x54 /opt/intelFPGA_lite/18.1/nios2eds/bin/gnu/H-x86_64-pc-linux-gnu/bin/../lib/gcc/nios2-elf/5.3.0/../../../../../H-x86_64-pc-linux-gnu/nios2-elf/lib/mno-hw-mul/libc.a(lib_a-isattyr.o)
                0x000000000800fb50                _isatty_r
 .text          0x000000000800fba4        0x0 /opt/intelFPGA_lite/18.1/nios2eds/bin/gnu/H-x86_64-pc-linux-gnu/bin/../lib/gcc/nios2-elf/5.3.0/../../../../../H-x86_64-pc-linux-gnu/nios2-elf/lib/mno-hw-mul/libc.a(lib_a-lseekr.o)
 .text._lseek_r
                0x000000000800fba4       0x60 /opt/intelFPGA_lite/18.1/nios2eds/bin/gnu/H-x86_64-pc-linux-gnu/bin/../lib/gcc/nios2-elf/5.3.0/../../../../../H-x86_64-pc-linux-gnu/nios2-elf/lib/mno-hw-mul/libc.a(lib_a-lseekr.o)
                0x000000000800fba4                _lseek_r
 .text          0x000000000800fc04        0x0 /opt/intelFPGA_lite/18.1/nios2eds/bin/gnu/H-x86_64-pc-linux-gnu/bin/../lib/gcc/nios2-elf/5.3.0/../../../../../H-x86_64-pc-linux-gnu/nios2-elf/lib/mno-hw-mul/libc.a(lib_a-readr.o)
 .text._read_r  0x000000000800fc04       0x60 /opt/intelFPGA_lite/18.1/nios2eds/bin/gnu/H-x86_64-pc-linux-gnu/bin/../lib/gcc/nios2-elf/5.3.0/../../../../../H-x86_64-pc-linux-gnu/nios2-elf/lib/mno-hw-mul/libc.a(lib_a-readr.o)
                0x000000000800fc04                _read_r
 .text          0x000000000800fc64        0x0 /opt/intelFPGA_lite/18.1/nios2eds/bin/gnu/H-x86_64-pc-linux-gnu/bin/../lib/gcc/nios2-elf/5.3.0/../../../../../H-x86_64-pc-linux-gnu/nios2-elf/lib/mno-hw-mul/libc.a(lib_a-wcrtomb.o)
 .text._wcrtomb_r
                0x000000000800fc64       0x9c /opt/intelFPGA_lite/18.1/nios2eds/bin/gnu/H-x86_64-pc-linux-gnu/bin/../lib/gcc/nios2-elf/5.3.0/../../../../../H-x86_64-pc-linux-gnu/nios2-elf/lib/mno-hw-mul/libc.a(lib_a-wcrtomb.o)
                0x000000000800fc64                _wcrtomb_r
 .text.wcrtomb  0x000000000800fd00       0xc0 /opt/intelFPGA_lite/18.1/nios2eds/bin/gnu/H-x86_64-pc-linux-gnu/bin/../lib/gcc/nios2-elf/5.3.0/../../../../../H-x86_64-pc-linux-gnu/nios2-elf/lib/mno-hw-mul/libc.a(lib_a-wcrtomb.o)
                0x000000000800fd00                wcrtomb
 .text          0x000000000800fdc0        0x0 /opt/intelFPGA_lite/18.1/nios2eds/bin/gnu/H-x86_64-pc-linux-gnu/bin/../lib/gcc/nios2-elf/5.3.0/../../../../../H-x86_64-pc-linux-gnu/nios2-elf/lib/mno-hw-mul/libc.a(lib_a-wctomb_r.o)
 .text.__ascii_wctomb
                0x000000000800fdc0       0x30 /opt/intelFPGA_lite/18.1/nios2eds/bin/gnu/H-x86_64-pc-linux-gnu/bin/../lib/gcc/nios2-elf/5.3.0/../../../../../H-x86_64-pc-linux-gnu/nios2-elf/lib/mno-hw-mul/libc.a(lib_a-wctomb_r.o)
                0x000000000800fdc0                __ascii_wctomb
 .text._wctomb_r
                0x000000000800fdf0       0x5c /opt/intelFPGA_lite/18.1/nios2eds/bin/gnu/H-x86_64-pc-linux-gnu/bin/../lib/gcc/nios2-elf/5.3.0/../../../../../H-x86_64-pc-linux-gnu/nios2-elf/lib/mno-hw-mul/libc.a(lib_a-wctomb_r.o)
                0x000000000800fdf0                _wctomb_r
 .text          0x000000000800fe4c      0x5fc /opt/intelFPGA_lite/18.1/nios2eds/bin/gnu/H-x86_64-pc-linux-gnu/bin/../lib/gcc/nios2-elf/5.3.0/mno-hw-mul/libgcc.a(_udivdi3.o)
                0x000000000800fe4c                __udivdi3
 .text          0x0000000008010448      0x5c4 /opt/intelFPGA_lite/18.1/nios2eds/bin/gnu/H-x86_64-pc-linux-gnu/bin/../lib/gcc/nios2-elf/5.3.0/mno-hw-mul/libgcc.a(_umoddi3.o)
                0x0000000008010448                __umoddi3
 .text          0x0000000008010a0c      0x1b4 /opt/intelFPGA_lite/18.1/nios2eds/bin/gnu/H-x86_64-pc-linux-gnu/bin/../lib/gcc/nios2-elf/5.3.0/mno-hw-mul/libgcc.a(lib2-divmod.o)
                0x0000000008010a0c                __divsi3
                0x0000000008010a90                __modsi3
                0x0000000008010b04                __udivsi3
                0x0000000008010b68                __umodsi3
 .text          0x0000000008010bc0      0x8ac /opt/intelFPGA_lite/18.1/nios2eds/bin/gnu/H-x86_64-pc-linux-gnu/bin/../lib/gcc/nios2-elf/5.3.0/mno-hw-mul/libgcc.a(adddf3.o)
                0x0000000008010bc0                __adddf3
 .text          0x000000000801146c      0x9d0 /opt/intelFPGA_lite/18.1/nios2eds/bin/gnu/H-x86_64-pc-linux-gnu/bin/../lib/gcc/nios2-elf/5.3.0/mno-hw-mul/libgcc.a(divdf3.o)
                0x000000000801146c                __divdf3
 .text          0x0000000008011e3c       0x88 /opt/intelFPGA_lite/18.1/nios2eds/bin/gnu/H-x86_64-pc-linux-gnu/bin/../lib/gcc/nios2-elf/5.3.0/mno-hw-mul/libgcc.a(eqdf2.o)
                0x0000000008011e3c                __eqdf2
                0x0000000008011e3c                __nedf2
 .text          0x0000000008011ec4       0xf4 /opt/intelFPGA_lite/18.1/nios2eds/bin/gnu/H-x86_64-pc-linux-gnu/bin/../lib/gcc/nios2-elf/5.3.0/mno-hw-mul/libgcc.a(ledf2.o)
                0x0000000008011ec4                __ltdf2
                0x0000000008011ec4                __ledf2
 .text          0x0000000008011fb8      0x8fc /opt/intelFPGA_lite/18.1/nios2eds/bin/gnu/H-x86_64-pc-linux-gnu/bin/../lib/gcc/nios2-elf/5.3.0/mno-hw-mul/libgcc.a(subdf3.o)
                0x0000000008011fb8                __subdf3
 .text          0x00000000080128b4       0x80 /opt/intelFPGA_lite/18.1/nios2eds/bin/gnu/H-x86_64-pc-linux-gnu/bin/../lib/gcc/nios2-elf/5.3.0/mno-hw-mul/libgcc.a(fixdfsi.o)
                0x00000000080128b4                __fixdfsi
 .text          0x0000000008012934       0xdc /opt/intelFPGA_lite/18.1/nios2eds/bin/gnu/H-x86_64-pc-linux-gnu/bin/../lib/gcc/nios2-elf/5.3.0/mno-hw-mul/libgcc.a(floatsidf.o)
                0x0000000008012934                __floatsidf
 .text          0x0000000008012a10       0xa8 /opt/intelFPGA_lite/18.1/nios2eds/bin/gnu/H-x86_64-pc-linux-gnu/bin/../lib/gcc/nios2-elf/5.3.0/mno-hw-mul/libgcc.a(floatunsidf.o)
                0x0000000008012a10                __floatunsidf
 .text          0x0000000008012ab8      0x114 ../ethernet_bsp//libhal_bsp.a(alt_close.o)
                0x0000000008012af4                close
 .text          0x0000000008012bcc       0x2c ../ethernet_bsp//libhal_bsp.a(alt_dev.o)
 .text          0x0000000008012bf8        0x0 ../ethernet_bsp//libhal_bsp.a(alt_errno.o)
 .text          0x0000000008012bf8       0xf4 ../ethernet_bsp//libhal_bsp.a(alt_fstat.o)
                0x0000000008012c34                fstat
 .text          0x0000000008012cec      0x1f4 ../ethernet_bsp//libhal_bsp.a(alt_gettod.o)
                0x0000000008012cec                gettimeofday
 .text          0x0000000008012ee0       0xe8 ../ethernet_bsp//libhal_bsp.a(alt_isatty.o)
                0x0000000008012f1c                isatty
 .text          0x0000000008012fc8       0xec ../ethernet_bsp//libhal_bsp.a(alt_load.o)
                0x0000000008013030                alt_load
 .text          0x00000000080130b4      0x118 ../ethernet_bsp//libhal_bsp.a(alt_lseek.o)
                0x00000000080130f0                lseek
 .text          0x00000000080131cc       0x7c ../ethernet_bsp//libhal_bsp.a(alt_main.o)
                0x00000000080131cc                alt_main
 .text          0x0000000008013248       0x48 ../ethernet_bsp//libhal_bsp.a(alt_malloc_lock.o)
                0x0000000008013248                __malloc_lock
                0x000000000801326c                __malloc_unlock
 .text          0x0000000008013290      0x140 ../ethernet_bsp//libhal_bsp.a(alt_read.o)
                0x00000000080132cc                read
 .text          0x00000000080133d0       0x84 ../ethernet_bsp//libhal_bsp.a(alt_release_fd.o)
                0x00000000080133d0                alt_release_fd
 .text          0x0000000008013454       0xb0 ../ethernet_bsp//libhal_bsp.a(alt_sbrk.o)
                0x0000000008013454                sbrk
 .text          0x0000000008013504      0x1a4 ../ethernet_bsp//libhal_bsp.a(alt_tick.o)
                0x0000000008013504                alt_alarm_stop
                0x00000000080135a0                alt_tick
 .text          0x00000000080136a8       0xb4 ../ethernet_bsp//libhal_bsp.a(alt_times.o)
                0x00000000080136e4                times
 .text          0x000000000801375c      0x13c ../ethernet_bsp//libhal_bsp.a(alt_write.o)
                0x0000000008013798                write
 .text          0x0000000008013898       0xd4 ../ethernet_bsp//libhal_bsp.a(alt_sys_init.o)
                0x00000000080138cc                alt_irq_init
                0x0000000008013904                alt_sys_init
 .text          0x000000000801396c      0x164 ../ethernet_bsp//libhal_bsp.a(altera_avalon_jtag_uart_fd.o)
                0x000000000801396c                altera_avalon_jtag_uart_read_fd
                0x00000000080139cc                altera_avalon_jtag_uart_write_fd
                0x0000000008013a2c                altera_avalon_jtag_uart_close_fd
                0x0000000008013a7c                altera_avalon_jtag_uart_ioctl_fd
 .text          0x0000000008013ad0      0x3d4 ../ethernet_bsp//libhal_bsp.a(altera_avalon_jtag_uart_init.o)
                0x0000000008013ad0                altera_avalon_jtag_uart_init
                0x0000000008013e3c                altera_avalon_jtag_uart_close
 .text          0x0000000008013ea4       0xf0 ../ethernet_bsp//libhal_bsp.a(altera_avalon_jtag_uart_ioctl.o)
                0x0000000008013ea4                altera_avalon_jtag_uart_ioctl
 .text          0x0000000008013f94      0x21c ../ethernet_bsp//libhal_bsp.a(altera_avalon_jtag_uart_read.o)
                0x0000000008013f94                altera_avalon_jtag_uart_read
 .text          0x00000000080141b0      0x224 ../ethernet_bsp//libhal_bsp.a(altera_avalon_jtag_uart_write.o)
                0x00000000080141b0                altera_avalon_jtag_uart_write
 .text          0x00000000080143d4      0x1fc ../ethernet_bsp//libhal_bsp.a(altera_avalon_spi.o)
                0x00000000080143d4                alt_avalon_spi_command
 .text          0x00000000080145d0       0xf4 ../ethernet_bsp//libhal_bsp.a(altera_avalon_timer_sc.o)
                0x0000000008014648                alt_avalon_timer_sc_init
 .text          0x00000000080146c4      0x12c ../ethernet_bsp//libhal_bsp.a(alt_alarm_start.o)
                0x00000000080146c4                alt_alarm_start
 .text          0x00000000080147f0       0x20 ../ethernet_bsp//libhal_bsp.a(alt_dcache_flush_all.o)
                0x00000000080147f0                alt_dcache_flush_all
 .text          0x0000000008014810       0xe0 ../ethernet_bsp//libhal_bsp.a(alt_dev_llist_insert.o)
                0x000000000801484c                alt_dev_llist_insert
 .text          0x00000000080148f0       0x60 ../ethernet_bsp//libhal_bsp.a(alt_do_ctors.o)
                0x00000000080148f0                _do_ctors
 .text          0x0000000008014950       0x60 ../ethernet_bsp//libhal_bsp.a(alt_do_dtors.o)
                0x0000000008014950                _do_dtors
 .text          0x00000000080149b0       0x20 ../ethernet_bsp//libhal_bsp.a(alt_icache_flush_all.o)
                0x00000000080149b0                alt_icache_flush_all
 .text          0x00000000080149d0      0x1b0 ../ethernet_bsp//libhal_bsp.a(alt_iic.o)
                0x00000000080149d0                alt_ic_isr_register
                0x0000000008014a20                alt_ic_irq_enable
                0x0000000008014aa8                alt_ic_irq_disable
                0x0000000008014b34                alt_ic_irq_enabled
 .text          0x0000000008014b80       0xf0 ../ethernet_bsp//libhal_bsp.a(alt_iic_isr_register.o)
                0x0000000008014b80                alt_iic_isr_register
 .text          0x0000000008014c70      0x160 ../ethernet_bsp//libhal_bsp.a(alt_io_redirect.o)
                0x0000000008014d54                alt_io_redirect
 .text          0x0000000008014dd0        0x0 ../ethernet_bsp//libhal_bsp.a(alt_irq_entry.o)
 .text          0x0000000008014dd0        0x0 ../ethernet_bsp//libhal_bsp.a(alt_irq_handler.o)
 .text          0x0000000008014dd0        0x0 ../ethernet_bsp//libhal_bsp.a(alt_irq_vars.o)
 .text          0x0000000008014dd0      0x284 ../ethernet_bsp//libhal_bsp.a(alt_open.o)
                0x0000000008014ef8                open
 .text          0x0000000008015054       0x24 ../ethernet_bsp//libhal_bsp.a(altera_nios2_gen2_irq.o)
                0x0000000008015054                altera_nios2_gen2_irq_init
 .text          0x0000000008015078        0x0 ../ethernet_bsp//libhal_bsp.a(alt_exception_entry.o)
 .text          0x0000000008015078       0x90 ../ethernet_bsp//libhal_bsp.a(alt_find_dev.o)
                0x0000000008015078                alt_find_dev
 .text          0x0000000008015108      0x108 ../ethernet_bsp//libhal_bsp.a(alt_find_file.o)
                0x0000000008015108                alt_find_file
 .text          0x0000000008015210       0xc4 ../ethernet_bsp//libhal_bsp.a(alt_get_fd.o)
                0x0000000008015210                alt_get_fd
 .text          0x00000000080152d4       0x9c ../ethernet_bsp//libhal_bsp.a(alt_instruction_exception_entry.o)
                0x00000000080152d4                alt_exception_cause_generated_bad_addr
 .text          0x0000000008015370        0x0 /opt/intelFPGA_lite/18.1/nios2eds/bin/gnu/H-x86_64-pc-linux-gnu/bin/../lib/gcc/nios2-elf/5.3.0/../../../../../H-x86_64-pc-linux-gnu/nios2-elf/lib/mno-hw-mul/libc.a(lib_a-atexit.o)
 .text.atexit   0x0000000008015370       0x14 /opt/intelFPGA_lite/18.1/nios2eds/bin/gnu/H-x86_64-pc-linux-gnu/bin/../lib/gcc/nios2-elf/5.3.0/../../../../../H-x86_64-pc-linux-gnu/nios2-elf/lib/mno-hw-mul/libc.a(lib_a-atexit.o)
                0x0000000008015370                atexit
 .text          0x0000000008015384        0x0 /opt/intelFPGA_lite/18.1/nios2eds/bin/gnu/H-x86_64-pc-linux-gnu/bin/../lib/gcc/nios2-elf/5.3.0/../../../../../H-x86_64-pc-linux-gnu/nios2-elf/lib/mno-hw-mul/libc.a(lib_a-exit.o)
 .text.exit     0x0000000008015384       0x38 /opt/intelFPGA_lite/18.1/nios2eds/bin/gnu/H-x86_64-pc-linux-gnu/bin/../lib/gcc/nios2-elf/5.3.0/../../../../../H-x86_64-pc-linux-gnu/nios2-elf/lib/mno-hw-mul/libc.a(lib_a-exit.o)
                0x0000000008015384                exit
 .text          0x00000000080153bc        0x0 /opt/intelFPGA_lite/18.1/nios2eds/bin/gnu/H-x86_64-pc-linux-gnu/bin/../lib/gcc/nios2-elf/5.3.0/../../../../../H-x86_64-pc-linux-gnu/nios2-elf/lib/mno-hw-mul/libc.a(lib_a-__atexit.o)
 .text.__register_exitproc
                0x00000000080153bc      0x118 /opt/intelFPGA_lite/18.1/nios2eds/bin/gnu/H-x86_64-pc-linux-gnu/bin/../lib/gcc/nios2-elf/5.3.0/../../../../../H-x86_64-pc-linux-gnu/nios2-elf/lib/mno-hw-mul/libc.a(lib_a-__atexit.o)
                0x00000000080153bc                __register_exitproc
 .text          0x00000000080154d4        0x0 /opt/intelFPGA_lite/18.1/nios2eds/bin/gnu/H-x86_64-pc-linux-gnu/bin/../lib/gcc/nios2-elf/5.3.0/../../../../../H-x86_64-pc-linux-gnu/nios2-elf/lib/mno-hw-mul/libc.a(lib_a-__call_atexit.o)
 .text.__call_exitprocs
                0x00000000080154d4      0x180 /opt/intelFPGA_lite/18.1/nios2eds/bin/gnu/H-x86_64-pc-linux-gnu/bin/../lib/gcc/nios2-elf/5.3.0/../../../../../H-x86_64-pc-linux-gnu/nios2-elf/lib/mno-hw-mul/libc.a(lib_a-__call_atexit.o)
                0x00000000080154d4                __call_exitprocs
 .text          0x0000000008015654      0x10c /opt/intelFPGA_lite/18.1/nios2eds/bin/gnu/H-x86_64-pc-linux-gnu/bin/../lib/gcc/nios2-elf/5.3.0/mno-hw-mul/libgcc.a(_muldi3.o)
                0x0000000008015654                __muldi3
 .text          0x0000000008015760       0x34 ../ethernet_bsp//libhal_bsp.a(alt_exit.o)
                0x0000000008015760                _exit
 *(.gnu.warning.*)
 *(.fini)
                [!provide]                        PROVIDE (__etext, ABSOLUTE (.))
                [!provide]                        PROVIDE (_etext, ABSOLUTE (.))
                [!provide]                        PROVIDE (etext, ABSOLUTE (.))
 *(.eh_frame_hdr)
                0x0000000008015794                . = ALIGN (0x4)
                [!provide]                        PROVIDE (__preinit_array_start, ABSOLUTE (.))
 *(.preinit_array)
                [!provide]                        PROVIDE (__preinit_array_end, ABSOLUTE (.))
                [!provide]                        PROVIDE (__init_array_start, ABSOLUTE (.))
 *(.init_array)
                [!provide]                        PROVIDE (__init_array_end, ABSOLUTE (.))
                [!provide]                        PROVIDE (__fini_array_start, ABSOLUTE (.))
 *(.fini_array)
                [!provide]                        PROVIDE (__fini_array_end, ABSOLUTE (.))
 *(.eh_frame)
 *(.gcc_except_table .gcc_except_table.*)
 *(.dynamic)
                0x0000000008015794                PROVIDE (__CTOR_LIST__, ABSOLUTE (.))
 *(.ctors)
 *(SORT(.ctors.*))
                0x0000000008015794                PROVIDE (__CTOR_END__, ABSOLUTE (.))
                0x0000000008015794                PROVIDE (__DTOR_LIST__, ABSOLUTE (.))
 *(.dtors)
 *(SORT(.dtors.*))
                0x0000000008015794                PROVIDE (__DTOR_END__, ABSOLUTE (.))
 *(.jcr)
                0x0000000008015794                . = ALIGN (0x4)

.rodata         0x0000000008015794      0x4cc
                0x0000000008015794                PROVIDE (__ram_rodata_start, ABSOLUTE (.))
                0x0000000008015794                . = ALIGN (0x4)
 *(.rodata .rodata.* .gnu.linkonce.r.*)
 .rodata        0x0000000008015794       0x2a obj/default/EtherCard/EtherCard.o
 *fill*         0x00000000080157be        0x2 
 .rodata        0x00000000080157c0       0x85 obj/default/EtherCard/dhcp.o
 *fill*         0x0000000008015845        0x3 
 .rodata        0x0000000008015848       0x28 obj/default/EtherCard/enc28j60.o
 .rodata        0x0000000008015870       0x2a obj/default/EtherCard/tcpip.o
 *fill*         0x000000000801589a        0x2 
 .rodata        0x000000000801589c        0x7 obj/default/EtherCard/webutil.o
 *fill*         0x00000000080158a3        0x1 
 .rodata        0x00000000080158a4       0xba obj/default/main.o
 .rodata        0x000000000801595e      0x100 /opt/intelFPGA_lite/18.1/nios2eds/bin/gnu/H-x86_64-pc-linux-gnu/bin/../lib/gcc/nios2-elf/5.3.0/mno-hw-mul/libgcc.a(_clz.o)
                0x000000000801595e                __clz_tab
 *fill*         0x0000000008015a5e        0x2 
 .rodata.str1.4
                0x0000000008015a60        0x2 /opt/intelFPGA_lite/18.1/nios2eds/bin/gnu/H-x86_64-pc-linux-gnu/bin/../lib/gcc/nios2-elf/5.3.0/../../../../../H-x86_64-pc-linux-gnu/nios2-elf/lib/mno-hw-mul/libc.a(lib_a-impure.o)
 *fill*         0x0000000008015a62        0x2 
 .rodata.str1.4
                0x0000000008015a64        0x2 /opt/intelFPGA_lite/18.1/nios2eds/bin/gnu/H-x86_64-pc-linux-gnu/bin/../lib/gcc/nios2-elf/5.3.0/../../../../../H-x86_64-pc-linux-gnu/nios2-elf/lib/mno-hw-mul/libc.a(lib_a-puts.o)
 *fill*         0x0000000008015a66        0x2 
 .rodata.str1.4
                0x0000000008015a68       0x42 /opt/intelFPGA_lite/18.1/nios2eds/bin/gnu/H-x86_64-pc-linux-gnu/bin/../lib/gcc/nios2-elf/5.3.0/../../../../../H-x86_64-pc-linux-gnu/nios2-elf/lib/mno-hw-mul/libc.a(lib_a-vfprintf.o)
 .rodata.zeroes.4404
                0x0000000008015aaa       0x10 /opt/intelFPGA_lite/18.1/nios2eds/bin/gnu/H-x86_64-pc-linux-gnu/bin/../lib/gcc/nios2-elf/5.3.0/../../../../../H-x86_64-pc-linux-gnu/nios2-elf/lib/mno-hw-mul/libc.a(lib_a-vfprintf.o)
 .rodata.blanks.4403
                0x0000000008015aba       0x10 /opt/intelFPGA_lite/18.1/nios2eds/bin/gnu/H-x86_64-pc-linux-gnu/bin/../lib/gcc/nios2-elf/5.3.0/../../../../../H-x86_64-pc-linux-gnu/nios2-elf/lib/mno-hw-mul/libc.a(lib_a-vfprintf.o)
 *fill*         0x0000000008015aca        0x2 
 .rodata.str1.4
                0x0000000008015acc       0x10 /opt/intelFPGA_lite/18.1/nios2eds/bin/gnu/H-x86_64-pc-linux-gnu/bin/../lib/gcc/nios2-elf/5.3.0/../../../../../H-x86_64-pc-linux-gnu/nios2-elf/lib/mno-hw-mul/libc.a(lib_a-dtoa.o)
                                         0x12 (size before relaxing)
 .rodata.str1.4
                0x0000000008015adc        0xc /opt/intelFPGA_lite/18.1/nios2eds/bin/gnu/H-x86_64-pc-linux-gnu/bin/../lib/gcc/nios2-elf/5.3.0/../../../../../H-x86_64-pc-linux-gnu/nios2-elf/lib/mno-hw-mul/libc.a(lib_a-locale.o)
                                         0x12 (size before relaxing)
 .rodata.p05.2768
                0x0000000008015ae8        0xc /opt/intelFPGA_lite/18.1/nios2eds/bin/gnu/H-x86_64-pc-linux-gnu/bin/../lib/gcc/nios2-elf/5.3.0/../../../../../H-x86_64-pc-linux-gnu/nios2-elf/lib/mno-hw-mul/libc.a(lib_a-mprec.o)
 .rodata.__mprec_tinytens
                0x0000000008015af4       0x28 /opt/intelFPGA_lite/18.1/nios2eds/bin/gnu/H-x86_64-pc-linux-gnu/bin/../lib/gcc/nios2-elf/5.3.0/../../../../../H-x86_64-pc-linux-gnu/nios2-elf/lib/mno-hw-mul/libc.a(lib_a-mprec.o)
                0x0000000008015af4                __mprec_tinytens
 .rodata.__mprec_bigtens
                0x0000000008015b1c       0x28 /opt/intelFPGA_lite/18.1/nios2eds/bin/gnu/H-x86_64-pc-linux-gnu/bin/../lib/gcc/nios2-elf/5.3.0/../../../../../H-x86_64-pc-linux-gnu/nios2-elf/lib/mno-hw-mul/libc.a(lib_a-mprec.o)
                0x0000000008015b1c                __mprec_bigtens
 .rodata.__mprec_tens
                0x0000000008015b44       0xc8 /opt/intelFPGA_lite/18.1/nios2eds/bin/gnu/H-x86_64-pc-linux-gnu/bin/../lib/gcc/nios2-elf/5.3.0/../../../../../H-x86_64-pc-linux-gnu/nios2-elf/lib/mno-hw-mul/libc.a(lib_a-mprec.o)
                0x0000000008015b44                __mprec_tens
 .rodata.str1.4
                0x0000000008015c0c       0x2f /opt/intelFPGA_lite/18.1/nios2eds/bin/gnu/H-x86_64-pc-linux-gnu/bin/../lib/gcc/nios2-elf/5.3.0/../../../../../H-x86_64-pc-linux-gnu/nios2-elf/lib/mno-hw-mul/libc.a(lib_a-vfiprintf.o)
 .rodata.zeroes.4349
                0x0000000008015c0c       0x10 /opt/intelFPGA_lite/18.1/nios2eds/bin/gnu/H-x86_64-pc-linux-gnu/bin/../lib/gcc/nios2-elf/5.3.0/../../../../../H-x86_64-pc-linux-gnu/nios2-elf/lib/mno-hw-mul/libc.a(lib_a-vfiprintf.o)
 .rodata.blanks.4348
                0x0000000008015c1c       0x10 /opt/intelFPGA_lite/18.1/nios2eds/bin/gnu/H-x86_64-pc-linux-gnu/bin/../lib/gcc/nios2-elf/5.3.0/../../../../../H-x86_64-pc-linux-gnu/nios2-elf/lib/mno-hw-mul/libc.a(lib_a-vfiprintf.o)
 .rodata        0x0000000008015c2c        0xa ../ethernet_bsp//libhal_bsp.a(alt_dev.o)
 *fill*         0x0000000008015c36        0x2 
 .rodata        0x0000000008015c38       0x11 ../ethernet_bsp//libhal_bsp.a(alt_main.o)
 *fill*         0x0000000008015c49        0x3 
 .rodata        0x0000000008015c4c       0x11 ../ethernet_bsp//libhal_bsp.a(alt_sys_init.o)
 *(.rodata1)
                0x0000000008015c60                . = ALIGN (0x4)
 *fill*         0x0000000008015c5d        0x3 
                0x0000000008015c60                PROVIDE (__ram_rodata_end, ABSOLUTE (.))
                0x0000000008015794                PROVIDE (__flash_rodata_start, LOADADDR (.rodata))

.rwdata         0x0000000008015c60     0x1b3c load address 0x000000000801779c
                0x0000000008015c60                PROVIDE (__ram_rwdata_start, ABSOLUTE (.))
                0x0000000008015c60                . = ALIGN (0x4)
 *(.got.plt)
 *(.got)
 *(.data1)
 *(.data .data.* .gnu.linkonce.d.*)
 .data          0x0000000008015c60        0x0 ../ethernet_bsp//obj/HAL/src/crt0.o
 .data          0x0000000008015c60        0x0 obj/default/EtherCard/EtherCard.o
 .data          0x0000000008015c60       0x20 obj/default/EtherCard/dhcp.o
 .data          0x0000000008015c80        0x0 obj/default/EtherCard/dns.o
 .data          0x0000000008015c80        0x0 obj/default/EtherCard/enc28j60.o
 .data          0x0000000008015c80        0x0 obj/default/EtherCard/tcpip.o
 .data          0x0000000008015c80        0x0 obj/default/EtherCard/udpserver.o
 .data          0x0000000008015c80        0x0 obj/default/EtherCard/webutil.o
 .data          0x0000000008015c80        0x0 obj/default/main.o
 .data          0x0000000008015c80        0x0 /opt/intelFPGA_lite/18.1/nios2eds/bin/gnu/H-x86_64-pc-linux-gnu/bin/../lib/gcc/nios2-elf/5.3.0/mno-hw-mul/libgcc.a(lib2-mul.o)
 .data          0x0000000008015c80        0x0 /opt/intelFPGA_lite/18.1/nios2eds/bin/gnu/H-x86_64-pc-linux-gnu/bin/../lib/gcc/nios2-elf/5.3.0/mno-hw-mul/libgcc.a(gedf2.o)
 .data          0x0000000008015c80        0x0 /opt/intelFPGA_lite/18.1/nios2eds/bin/gnu/H-x86_64-pc-linux-gnu/bin/../lib/gcc/nios2-elf/5.3.0/mno-hw-mul/libgcc.a(muldf3.o)
 .data          0x0000000008015c80        0x0 /opt/intelFPGA_lite/18.1/nios2eds/bin/gnu/H-x86_64-pc-linux-gnu/bin/../lib/gcc/nios2-elf/5.3.0/mno-hw-mul/libgcc.a(_clzsi2.o)
 .data          0x0000000008015c80        0x0 /opt/intelFPGA_lite/18.1/nios2eds/bin/gnu/H-x86_64-pc-linux-gnu/bin/../lib/gcc/nios2-elf/5.3.0/mno-hw-mul/libgcc.a(_clz.o)
 .data          0x0000000008015c80        0x0 /opt/intelFPGA_lite/18.1/nios2eds/bin/gnu/H-x86_64-pc-linux-gnu/bin/../lib/gcc/nios2-elf/5.3.0/../../../../../H-x86_64-pc-linux-gnu/nios2-elf/lib/mno-hw-mul/libc.a(lib_a-clock.o)
 .data          0x0000000008015c80        0x0 /opt/intelFPGA_lite/18.1/nios2eds/bin/gnu/H-x86_64-pc-linux-gnu/bin/../lib/gcc/nios2-elf/5.3.0/../../../../../H-x86_64-pc-linux-gnu/nios2-elf/lib/mno-hw-mul/libc.a(lib_a-difftime.o)
 .data          0x0000000008015c80        0x0 /opt/intelFPGA_lite/18.1/nios2eds/bin/gnu/H-x86_64-pc-linux-gnu/bin/../lib/gcc/nios2-elf/5.3.0/../../../../../H-x86_64-pc-linux-gnu/nios2-elf/lib/mno-hw-mul/libc.a(lib_a-impure.o)
 .data.impure_data
                0x0000000008015c80      0x424 /opt/intelFPGA_lite/18.1/nios2eds/bin/gnu/H-x86_64-pc-linux-gnu/bin/../lib/gcc/nios2-elf/5.3.0/../../../../../H-x86_64-pc-linux-gnu/nios2-elf/lib/mno-hw-mul/libc.a(lib_a-impure.o)
 .data          0x00000000080160a4        0x0 /opt/intelFPGA_lite/18.1/nios2eds/bin/gnu/H-x86_64-pc-linux-gnu/bin/../lib/gcc/nios2-elf/5.3.0/../../../../../H-x86_64-pc-linux-gnu/nios2-elf/lib/mno-hw-mul/libc.a(lib_a-memcmp.o)
 .data          0x00000000080160a4        0x0 /opt/intelFPGA_lite/18.1/nios2eds/bin/gnu/H-x86_64-pc-linux-gnu/bin/../lib/gcc/nios2-elf/5.3.0/../../../../../H-x86_64-pc-linux-gnu/nios2-elf/lib/mno-hw-mul/libc.a(lib_a-memcpy.o)
 .data          0x00000000080160a4        0x0 /opt/intelFPGA_lite/18.1/nios2eds/bin/gnu/H-x86_64-pc-linux-gnu/bin/../lib/gcc/nios2-elf/5.3.0/../../../../../H-x86_64-pc-linux-gnu/nios2-elf/lib/mno-hw-mul/libc.a(lib_a-memset.o)
 .data          0x00000000080160a4        0x0 /opt/intelFPGA_lite/18.1/nios2eds/bin/gnu/H-x86_64-pc-linux-gnu/bin/../lib/gcc/nios2-elf/5.3.0/../../../../../H-x86_64-pc-linux-gnu/nios2-elf/lib/mno-hw-mul/libc.a(lib_a-printf.o)
 .data          0x00000000080160a4        0x0 /opt/intelFPGA_lite/18.1/nios2eds/bin/gnu/H-x86_64-pc-linux-gnu/bin/../lib/gcc/nios2-elf/5.3.0/../../../../../H-x86_64-pc-linux-gnu/nios2-elf/lib/mno-hw-mul/libc.a(lib_a-putchar.o)
 .data          0x00000000080160a4        0x0 /opt/intelFPGA_lite/18.1/nios2eds/bin/gnu/H-x86_64-pc-linux-gnu/bin/../lib/gcc/nios2-elf/5.3.0/../../../../../H-x86_64-pc-linux-gnu/nios2-elf/lib/mno-hw-mul/libc.a(lib_a-puts.o)
 .data          0x00000000080160a4        0x0 /opt/intelFPGA_lite/18.1/nios2eds/bin/gnu/H-x86_64-pc-linux-gnu/bin/../lib/gcc/nios2-elf/5.3.0/../../../../../H-x86_64-pc-linux-gnu/nios2-elf/lib/mno-hw-mul/libc.a(lib_a-strlen.o)
 .data          0x00000000080160a4        0x0 /opt/intelFPGA_lite/18.1/nios2eds/bin/gnu/H-x86_64-pc-linux-gnu/bin/../lib/gcc/nios2-elf/5.3.0/../../../../../H-x86_64-pc-linux-gnu/nios2-elf/lib/mno-hw-mul/libc.a(lib_a-strncmp.o)
 .data          0x00000000080160a4        0x0 /opt/intelFPGA_lite/18.1/nios2eds/bin/gnu/H-x86_64-pc-linux-gnu/bin/../lib/gcc/nios2-elf/5.3.0/../../../../../H-x86_64-pc-linux-gnu/nios2-elf/lib/mno-hw-mul/libc.a(lib_a-strncpy.o)
 .data          0x00000000080160a4        0x0 /opt/intelFPGA_lite/18.1/nios2eds/bin/gnu/H-x86_64-pc-linux-gnu/bin/../lib/gcc/nios2-elf/5.3.0/../../../../../H-x86_64-pc-linux-gnu/nios2-elf/lib/mno-hw-mul/libc.a(lib_a-time.o)
 .data          0x00000000080160a4        0x0 /opt/intelFPGA_lite/18.1/nios2eds/bin/gnu/H-x86_64-pc-linux-gnu/bin/../lib/gcc/nios2-elf/5.3.0/../../../../../H-x86_64-pc-linux-gnu/nios2-elf/lib/mno-hw-mul/libc.a(lib_a-timesr.o)
 .data          0x00000000080160a4        0x0 /opt/intelFPGA_lite/18.1/nios2eds/bin/gnu/H-x86_64-pc-linux-gnu/bin/../lib/gcc/nios2-elf/5.3.0/../../../../../H-x86_64-pc-linux-gnu/nios2-elf/lib/mno-hw-mul/libc.a(lib_a-vfprintf.o)
 .data          0x00000000080160a4        0x0 /opt/intelFPGA_lite/18.1/nios2eds/bin/gnu/H-x86_64-pc-linux-gnu/bin/../lib/gcc/nios2-elf/5.3.0/../../../../../H-x86_64-pc-linux-gnu/nios2-elf/lib/mno-hw-mul/libc.a(lib_a-wsetup.o)
 .data          0x00000000080160a4        0x0 /opt/intelFPGA_lite/18.1/nios2eds/bin/gnu/H-x86_64-pc-linux-gnu/bin/../lib/gcc/nios2-elf/5.3.0/../../../../../H-x86_64-pc-linux-gnu/nios2-elf/lib/mno-hw-mul/libc.a(lib_a-dtoa.o)
 .data          0x00000000080160a4        0x0 /opt/intelFPGA_lite/18.1/nios2eds/bin/gnu/H-x86_64-pc-linux-gnu/bin/../lib/gcc/nios2-elf/5.3.0/../../../../../H-x86_64-pc-linux-gnu/nios2-elf/lib/mno-hw-mul/libc.a(lib_a-fflush.o)
 .data          0x00000000080160a4        0x0 /opt/intelFPGA_lite/18.1/nios2eds/bin/gnu/H-x86_64-pc-linux-gnu/bin/../lib/gcc/nios2-elf/5.3.0/../../../../../H-x86_64-pc-linux-gnu/nios2-elf/lib/mno-hw-mul/libc.a(lib_a-findfp.o)
 .data          0x00000000080160a4        0x0 /opt/intelFPGA_lite/18.1/nios2eds/bin/gnu/H-x86_64-pc-linux-gnu/bin/../lib/gcc/nios2-elf/5.3.0/../../../../../H-x86_64-pc-linux-gnu/nios2-elf/lib/mno-hw-mul/libc.a(lib_a-freer.o)
 .data          0x00000000080160a4        0x0 /opt/intelFPGA_lite/18.1/nios2eds/bin/gnu/H-x86_64-pc-linux-gnu/bin/../lib/gcc/nios2-elf/5.3.0/../../../../../H-x86_64-pc-linux-gnu/nios2-elf/lib/mno-hw-mul/libc.a(lib_a-fvwrite.o)
 .data          0x00000000080160a4        0x0 /opt/intelFPGA_lite/18.1/nios2eds/bin/gnu/H-x86_64-pc-linux-gnu/bin/../lib/gcc/nios2-elf/5.3.0/../../../../../H-x86_64-pc-linux-gnu/nios2-elf/lib/mno-hw-mul/libc.a(lib_a-fwalk.o)
 .data          0x00000000080160a4        0x0 /opt/intelFPGA_lite/18.1/nios2eds/bin/gnu/H-x86_64-pc-linux-gnu/bin/../lib/gcc/nios2-elf/5.3.0/../../../../../H-x86_64-pc-linux-gnu/nios2-elf/lib/mno-hw-mul/libc.a(lib_a-gettimeofdayr.o)
 .data          0x00000000080160a4        0x0 /opt/intelFPGA_lite/18.1/nios2eds/bin/gnu/H-x86_64-pc-linux-gnu/bin/../lib/gcc/nios2-elf/5.3.0/../../../../../H-x86_64-pc-linux-gnu/nios2-elf/lib/mno-hw-mul/libc.a(lib_a-int_errno.o)
 .data          0x00000000080160a4        0x0 /opt/intelFPGA_lite/18.1/nios2eds/bin/gnu/H-x86_64-pc-linux-gnu/bin/../lib/gcc/nios2-elf/5.3.0/../../../../../H-x86_64-pc-linux-gnu/nios2-elf/lib/mno-hw-mul/libc.a(lib_a-locale.o)
 .data.lc_message_charset
                0x00000000080160a4       0x20 /opt/intelFPGA_lite/18.1/nios2eds/bin/gnu/H-x86_64-pc-linux-gnu/bin/../lib/gcc/nios2-elf/5.3.0/../../../../../H-x86_64-pc-linux-gnu/nios2-elf/lib/mno-hw-mul/libc.a(lib_a-locale.o)
 .data.lc_ctype_charset
                0x00000000080160c4       0x20 /opt/intelFPGA_lite/18.1/nios2eds/bin/gnu/H-x86_64-pc-linux-gnu/bin/../lib/gcc/nios2-elf/5.3.0/../../../../../H-x86_64-pc-linux-gnu/nios2-elf/lib/mno-hw-mul/libc.a(lib_a-locale.o)
 .data.lconv    0x00000000080160e4       0x38 /opt/intelFPGA_lite/18.1/nios2eds/bin/gnu/H-x86_64-pc-linux-gnu/bin/../lib/gcc/nios2-elf/5.3.0/../../../../../H-x86_64-pc-linux-gnu/nios2-elf/lib/mno-hw-mul/libc.a(lib_a-locale.o)
 .data          0x000000000801611c        0x0 /opt/intelFPGA_lite/18.1/nios2eds/bin/gnu/H-x86_64-pc-linux-gnu/bin/../lib/gcc/nios2-elf/5.3.0/../../../../../H-x86_64-pc-linux-gnu/nios2-elf/lib/mno-hw-mul/libc.a(lib_a-makebuf.o)
 .data          0x000000000801611c        0x0 /opt/intelFPGA_lite/18.1/nios2eds/bin/gnu/H-x86_64-pc-linux-gnu/bin/../lib/gcc/nios2-elf/5.3.0/../../../../../H-x86_64-pc-linux-gnu/nios2-elf/lib/mno-hw-mul/libc.a(lib_a-mallocr.o)
 .data.__malloc_av_
                0x000000000801611c      0x408 /opt/intelFPGA_lite/18.1/nios2eds/bin/gnu/H-x86_64-pc-linux-gnu/bin/../lib/gcc/nios2-elf/5.3.0/../../../../../H-x86_64-pc-linux-gnu/nios2-elf/lib/mno-hw-mul/libc.a(lib_a-mallocr.o)
                0x000000000801611c                __malloc_av_
 .data          0x0000000008016524        0x0 /opt/intelFPGA_lite/18.1/nios2eds/bin/gnu/H-x86_64-pc-linux-gnu/bin/../lib/gcc/nios2-elf/5.3.0/../../../../../H-x86_64-pc-linux-gnu/nios2-elf/lib/mno-hw-mul/libc.a(lib_a-memchr.o)
 .data          0x0000000008016524        0x0 /opt/intelFPGA_lite/18.1/nios2eds/bin/gnu/H-x86_64-pc-linux-gnu/bin/../lib/gcc/nios2-elf/5.3.0/../../../../../H-x86_64-pc-linux-gnu/nios2-elf/lib/mno-hw-mul/libc.a(lib_a-memmove.o)
 .data          0x0000000008016524        0x0 /opt/intelFPGA_lite/18.1/nios2eds/bin/gnu/H-x86_64-pc-linux-gnu/bin/../lib/gcc/nios2-elf/5.3.0/../../../../../H-x86_64-pc-linux-gnu/nios2-elf/lib/mno-hw-mul/libc.a(lib_a-mprec.o)
 .data          0x0000000008016524        0x0 /opt/intelFPGA_lite/18.1/nios2eds/bin/gnu/H-x86_64-pc-linux-gnu/bin/../lib/gcc/nios2-elf/5.3.0/../../../../../H-x86_64-pc-linux-gnu/nios2-elf/lib/mno-hw-mul/libc.a(lib_a-putc.o)
 .data          0x0000000008016524        0x0 /opt/intelFPGA_lite/18.1/nios2eds/bin/gnu/H-x86_64-pc-linux-gnu/bin/../lib/gcc/nios2-elf/5.3.0/../../../../../H-x86_64-pc-linux-gnu/nios2-elf/lib/mno-hw-mul/libc.a(lib_a-reallocr.o)
 .data          0x0000000008016524        0x0 /opt/intelFPGA_lite/18.1/nios2eds/bin/gnu/H-x86_64-pc-linux-gnu/bin/../lib/gcc/nios2-elf/5.3.0/../../../../../H-x86_64-pc-linux-gnu/nios2-elf/lib/mno-hw-mul/libc.a(lib_a-s_fpclassify.o)
 .data          0x0000000008016524        0x0 /opt/intelFPGA_lite/18.1/nios2eds/bin/gnu/H-x86_64-pc-linux-gnu/bin/../lib/gcc/nios2-elf/5.3.0/../../../../../H-x86_64-pc-linux-gnu/nios2-elf/lib/mno-hw-mul/libc.a(lib_a-sbrkr.o)
 .data          0x0000000008016524        0x0 /opt/intelFPGA_lite/18.1/nios2eds/bin/gnu/H-x86_64-pc-linux-gnu/bin/../lib/gcc/nios2-elf/5.3.0/../../../../../H-x86_64-pc-linux-gnu/nios2-elf/lib/mno-hw-mul/libc.a(lib_a-stdio.o)
 .data          0x0000000008016524        0x0 /opt/intelFPGA_lite/18.1/nios2eds/bin/gnu/H-x86_64-pc-linux-gnu/bin/../lib/gcc/nios2-elf/5.3.0/../../../../../H-x86_64-pc-linux-gnu/nios2-elf/lib/mno-hw-mul/libc.a(lib_a-strcmp.o)
 .data          0x0000000008016524        0x0 /opt/intelFPGA_lite/18.1/nios2eds/bin/gnu/H-x86_64-pc-linux-gnu/bin/../lib/gcc/nios2-elf/5.3.0/../../../../../H-x86_64-pc-linux-gnu/nios2-elf/lib/mno-hw-mul/libc.a(lib_a-vfiprintf.o)
 .data          0x0000000008016524        0x0 /opt/intelFPGA_lite/18.1/nios2eds/bin/gnu/H-x86_64-pc-linux-gnu/bin/../lib/gcc/nios2-elf/5.3.0/../../../../../H-x86_64-pc-linux-gnu/nios2-elf/lib/mno-hw-mul/libc.a(lib_a-wbuf.o)
 .data          0x0000000008016524        0x0 /opt/intelFPGA_lite/18.1/nios2eds/bin/gnu/H-x86_64-pc-linux-gnu/bin/../lib/gcc/nios2-elf/5.3.0/../../../../../H-x86_64-pc-linux-gnu/nios2-elf/lib/mno-hw-mul/libc.a(lib_a-writer.o)
 .data          0x0000000008016524        0x0 /opt/intelFPGA_lite/18.1/nios2eds/bin/gnu/H-x86_64-pc-linux-gnu/bin/../lib/gcc/nios2-elf/5.3.0/../../../../../H-x86_64-pc-linux-gnu/nios2-elf/lib/mno-hw-mul/libc.a(closer.o)
 .data          0x0000000008016524        0x0 /opt/intelFPGA_lite/18.1/nios2eds/bin/gnu/H-x86_64-pc-linux-gnu/bin/../lib/gcc/nios2-elf/5.3.0/../../../../../H-x86_64-pc-linux-gnu/nios2-elf/lib/mno-hw-mul/libc.a(lib_a-callocr.o)
 .data          0x0000000008016524        0x0 /opt/intelFPGA_lite/18.1/nios2eds/bin/gnu/H-x86_64-pc-linux-gnu/bin/../lib/gcc/nios2-elf/5.3.0/../../../../../H-x86_64-pc-linux-gnu/nios2-elf/lib/mno-hw-mul/libc.a(lib_a-fclose.o)
 .data          0x0000000008016524        0x0 /opt/intelFPGA_lite/18.1/nios2eds/bin/gnu/H-x86_64-pc-linux-gnu/bin/../lib/gcc/nios2-elf/5.3.0/../../../../../H-x86_64-pc-linux-gnu/nios2-elf/lib/mno-hw-mul/libc.a(lib_a-fputwc.o)
 .data          0x0000000008016524        0x0 /opt/intelFPGA_lite/18.1/nios2eds/bin/gnu/H-x86_64-pc-linux-gnu/bin/../lib/gcc/nios2-elf/5.3.0/../../../../../H-x86_64-pc-linux-gnu/nios2-elf/lib/mno-hw-mul/libc.a(lib_a-fstatr.o)
 .data          0x0000000008016524        0x0 /opt/intelFPGA_lite/18.1/nios2eds/bin/gnu/H-x86_64-pc-linux-gnu/bin/../lib/gcc/nios2-elf/5.3.0/../../../../../H-x86_64-pc-linux-gnu/nios2-elf/lib/mno-hw-mul/libc.a(lib_a-isattyr.o)
 .data          0x0000000008016524        0x0 /opt/intelFPGA_lite/18.1/nios2eds/bin/gnu/H-x86_64-pc-linux-gnu/bin/../lib/gcc/nios2-elf/5.3.0/../../../../../H-x86_64-pc-linux-gnu/nios2-elf/lib/mno-hw-mul/libc.a(lib_a-lseekr.o)
 .data          0x0000000008016524        0x0 /opt/intelFPGA_lite/18.1/nios2eds/bin/gnu/H-x86_64-pc-linux-gnu/bin/../lib/gcc/nios2-elf/5.3.0/../../../../../H-x86_64-pc-linux-gnu/nios2-elf/lib/mno-hw-mul/libc.a(lib_a-readr.o)
 .data          0x0000000008016524        0x0 /opt/intelFPGA_lite/18.1/nios2eds/bin/gnu/H-x86_64-pc-linux-gnu/bin/../lib/gcc/nios2-elf/5.3.0/../../../../../H-x86_64-pc-linux-gnu/nios2-elf/lib/mno-hw-mul/libc.a(lib_a-wcrtomb.o)
 .data          0x0000000008016524        0x0 /opt/intelFPGA_lite/18.1/nios2eds/bin/gnu/H-x86_64-pc-linux-gnu/bin/../lib/gcc/nios2-elf/5.3.0/../../../../../H-x86_64-pc-linux-gnu/nios2-elf/lib/mno-hw-mul/libc.a(lib_a-wctomb_r.o)
 .data          0x0000000008016524        0x0 /opt/intelFPGA_lite/18.1/nios2eds/bin/gnu/H-x86_64-pc-linux-gnu/bin/../lib/gcc/nios2-elf/5.3.0/mno-hw-mul/libgcc.a(_udivdi3.o)
 .data          0x0000000008016524        0x0 /opt/intelFPGA_lite/18.1/nios2eds/bin/gnu/H-x86_64-pc-linux-gnu/bin/../lib/gcc/nios2-elf/5.3.0/mno-hw-mul/libgcc.a(_umoddi3.o)
 .data          0x0000000008016524        0x0 /opt/intelFPGA_lite/18.1/nios2eds/bin/gnu/H-x86_64-pc-linux-gnu/bin/../lib/gcc/nios2-elf/5.3.0/mno-hw-mul/libgcc.a(lib2-divmod.o)
 .data          0x0000000008016524        0x0 /opt/intelFPGA_lite/18.1/nios2eds/bin/gnu/H-x86_64-pc-linux-gnu/bin/../lib/gcc/nios2-elf/5.3.0/mno-hw-mul/libgcc.a(adddf3.o)
 .data          0x0000000008016524        0x0 /opt/intelFPGA_lite/18.1/nios2eds/bin/gnu/H-x86_64-pc-linux-gnu/bin/../lib/gcc/nios2-elf/5.3.0/mno-hw-mul/libgcc.a(divdf3.o)
 .data          0x0000000008016524        0x0 /opt/intelFPGA_lite/18.1/nios2eds/bin/gnu/H-x86_64-pc-linux-gnu/bin/../lib/gcc/nios2-elf/5.3.0/mno-hw-mul/libgcc.a(eqdf2.o)
 .data          0x0000000008016524        0x0 /opt/intelFPGA_lite/18.1/nios2eds/bin/gnu/H-x86_64-pc-linux-gnu/bin/../lib/gcc/nios2-elf/5.3.0/mno-hw-mul/libgcc.a(ledf2.o)
 .data          0x0000000008016524        0x0 /opt/intelFPGA_lite/18.1/nios2eds/bin/gnu/H-x86_64-pc-linux-gnu/bin/../lib/gcc/nios2-elf/5.3.0/mno-hw-mul/libgcc.a(subdf3.o)
 .data          0x0000000008016524        0x0 /opt/intelFPGA_lite/18.1/nios2eds/bin/gnu/H-x86_64-pc-linux-gnu/bin/../lib/gcc/nios2-elf/5.3.0/mno-hw-mul/libgcc.a(fixdfsi.o)
 .data          0x0000000008016524        0x0 /opt/intelFPGA_lite/18.1/nios2eds/bin/gnu/H-x86_64-pc-linux-gnu/bin/../lib/gcc/nios2-elf/5.3.0/mno-hw-mul/libgcc.a(floatsidf.o)
 .data          0x0000000008016524        0x0 /opt/intelFPGA_lite/18.1/nios2eds/bin/gnu/H-x86_64-pc-linux-gnu/bin/../lib/gcc/nios2-elf/5.3.0/mno-hw-mul/libgcc.a(floatunsidf.o)
 .data          0x0000000008016524        0x0 ../ethernet_bsp//libhal_bsp.a(alt_close.o)
 .data          0x0000000008016524      0x1a8 ../ethernet_bsp//libhal_bsp.a(alt_dev.o)
                0x0000000008016524                alt_dev_null
                0x000000000801654c                alt_fd_list
 .data          0x00000000080166cc        0x0 ../ethernet_bsp//libhal_bsp.a(alt_errno.o)
 .data          0x00000000080166cc        0x0 ../ethernet_bsp//libhal_bsp.a(alt_fstat.o)
 .data          0x00000000080166cc        0x0 ../ethernet_bsp//libhal_bsp.a(alt_gettod.o)
 .data          0x00000000080166cc        0x0 ../ethernet_bsp//libhal_bsp.a(alt_isatty.o)
 .data          0x00000000080166cc        0x0 ../ethernet_bsp//libhal_bsp.a(alt_load.o)
 .data          0x00000000080166cc        0x0 ../ethernet_bsp//libhal_bsp.a(alt_lseek.o)
 .data          0x00000000080166cc        0x0 ../ethernet_bsp//libhal_bsp.a(alt_main.o)
 .data          0x00000000080166cc        0x0 ../ethernet_bsp//libhal_bsp.a(alt_malloc_lock.o)
 .data          0x00000000080166cc        0x0 ../ethernet_bsp//libhal_bsp.a(alt_read.o)